[2026-05-22 16:56:19,355] [INFO] [ai_detector.logging.logger] - Logginng initialized. Logs will be Saved to: logs/2026_05_22_16_%NM_19.log
[2026-05-22 16:56:22,043] [INFO] [ai_detector.logging.logger] - 🚀 Starting FastAPI application...
[2026-05-22 16:56:22,043] [INFO] [ai_detector.logging.logger] - Using device: cuda
[2026-05-22 16:56:22,043] [INFO] [ai_detector.logging.logger] - Loading all 4 models...
[2026-05-22 16:56:22,043] [INFO] [ai_detector.logging.logger] - ModelLoader initialized on device: cuda
[2026-05-22 16:56:22,043] [INFO] [ai_detector.logging.logger] - Loading all 4 models...
[2026-05-22 16:56:22,043] [INFO] [ai_detector.logging.logger] - Loading Model 1 (Custom CNN) from models/model_tiny_vgg_cnn.pth...
[2026-05-22 16:56:22,401] [INFO] [ai_detector.logging.logger] - ✓ Model 1 loaded successfully
[2026-05-22 16:56:22,401] [INFO] [ai_detector.logging.logger] - Loading Model 2 (EfficientNet B0) from models/model_1_resnet_b0.pth...
[2026-05-22 16:56:22,602] [INFO] [ai_detector.logging.logger] - ✓ Model 2 loaded successfully
[2026-05-22 16:56:22,603] [INFO] [ai_detector.logging.logger] - Loading Model 3 (ViT B-16) from models/model_2_ViT_b16.pth...
[2026-05-22 16:56:25,468] [INFO] [ai_detector.logging.logger] - ✓ Model 3 loaded successfully
[2026-05-22 16:56:25,469] [INFO] [ai_detector.logging.logger] - Loading Model 4 (Hybrid) from models/model_3_Hybrid.pth...
[2026-05-22 16:56:26,012] [INFO] [ai_detector.logging.logger] - ✓ Model 4 loaded successfully
[2026-05-22 16:56:26,012] [INFO] [ai_detector.logging.logger] - ✓ All 4 models loaded successfully
[2026-05-22 16:56:26,013] [INFO] [ai_detector.logging.logger] - ✅ All models loaded successfully!
[2026-05-22 16:56:26,013] [INFO] [ai_detector.logging.logger] - 🌐 FastAPI server ready at http://localhost:8000
[2026-05-22 16:56:26,013] [INFO] [ai_detector.logging.logger] - 📚 Docs at http://localhost:8000/docs
[2026-05-22 16:56:26,013] [INFO] [ai_detector.logging.logger] - GPU Memory - Total: 3.90GB | Allocated: 0.42GB | Free: 3.48GB | Used: 10.8%
[2026-05-22 16:56:33,934] [INFO] [ai_detector.logging.logger] - Shutting down FastAPI application...
