[2026-05-19 12:07:53,663] [INFO] [ai_detector.logging.logger] - Logginng initialized. Logs will be Saved to: logs/2026_05_19_12_%NM_53.log
[2026-05-19 12:08:25,885] [INFO] [ai_detector.logging.logger] - Starting training...
[2026-05-19 12:08:25,887] [INFO] [ai_detector.logging.logger] - TrainingPipeline initialized
[2026-05-19 12:08:25,887] [INFO] [ai_detector.logging.logger] - Artifact directory: artifacts/2026_05_19_12_08_25
[2026-05-19 12:08:25,887] [INFO] [ai_detector.logging.logger] - 


[2026-05-19 12:08:25,887] [INFO] [ai_detector.logging.logger] - ============================================================================
[2026-05-19 12:08:25,887] [INFO] [ai_detector.logging.logger] -  STARTING COMPLETE TRAINING PIPELINE
[2026-05-19 12:08:25,887] [INFO] [ai_detector.logging.logger] - ============================================================================
[2026-05-19 12:08:25,887] [INFO] [ai_detector.logging.logger] - 
================================================================================
[2026-05-19 12:08:25,887] [INFO] [ai_detector.logging.logger] - STEP 1: DATA INGESTION
[2026-05-19 12:08:25,887] [INFO] [ai_detector.logging.logger] - ================================================================================
[2026-05-19 12:08:25,888] [INFO] [ai_detector.logging.logger] - DataIngestion Initialized
[2026-05-19 12:08:25,888] [INFO] [ai_detector.logging.logger] - Startinng DataIngestion
[2026-05-19 12:08:25,894] [INFO] [ai_detector.logging.logger] - Loading dataset from image_data
[2026-05-19 12:08:25,901] [INFO] [ai_detector.logging.logger] - Classes: {'Ai_generated_dataset': 0, 'real_dataset': 1}
[2026-05-19 12:08:25,911] [INFO] [ai_detector.logging.logger] - Total: 995 | Train: 696 | Val: 149 | Test: 150
[2026-05-19 12:08:25,928] [INFO] [ai_detector.logging.logger] - Dataset split complete
[2026-05-19 12:08:25,928] [INFO] [ai_detector.logging.logger] - DataIngestion Completed
[2026-05-19 12:08:25,928] [INFO] [ai_detector.logging.logger] - ✓ Data Ingestion complete
[2026-05-19 12:08:25,928] [INFO] [ai_detector.logging.logger] - 
================================================================================
[2026-05-19 12:08:25,929] [INFO] [ai_detector.logging.logger] - STEP 2: DATA VALIDATION
[2026-05-19 12:08:25,929] [INFO] [ai_detector.logging.logger] - ================================================================================
[2026-05-19 12:08:25,929] [INFO] [ai_detector.logging.logger] - DataValidation Initialized
[2026-05-19 12:08:25,929] [INFO] [ai_detector.logging.logger] - Starting Data Validation
[2026-05-19 12:08:25,929] [INFO] [ai_detector.logging.logger] - Validating datasets...
[2026-05-19 12:08:25,929] [ERROR] [ai_detector.logging.logger] - Data Validation Failed: 'DataValidationConfig' object has no attribute 'train_dataset'
[2026-05-19 12:08:25,929] [ERROR] [ai_detector.logging.logger] - Training failed: Error in [/home/allkeeey/projects/ai-vs-real-detector/ai_detector/pipeline/training_pipeline.py] at line [150]: Pipeline failed
