[2026-06-20 01:04:58,850] [INFO] [ai_detector.logging.logger] - Logginng initialized. Logs will be Saved to: logs/2026_06_20_01_%NM_58.log
[2026-06-20 01:05:07,123] [INFO] [ai_detector.logging.logger] - Initializing GPU memory management...
[2026-06-20 01:05:07,124] [INFO] [ai_detector.logging.logger] - ✓ GPU memory cleared and optimized
[2026-06-20 01:05:07,124] [INFO] [ai_detector.logging.logger] - ✓ Using GPU: NVIDIA GeForce GTX 1650 (3.90 GB)
[2026-06-20 01:05:07,125] [INFO] [ai_detector.logging.logger] - GPU Memory - Total: 3.90GB | Allocated: 0.00GB | Free: 3.90GB | Used: 0.0%
[2026-06-20 01:05:07,125] [INFO] [ai_detector.logging.logger] - Starting training...
[2026-06-20 01:05:07,125] [INFO] [ai_detector.logging.logger] - TrainingPipeline initialized
[2026-06-20 01:05:07,125] [INFO] [ai_detector.logging.logger] - Artifact directory: artifacts/2026_06_20_01_05_07
[2026-06-20 01:05:07,125] [INFO] [ai_detector.logging.logger] - 


[2026-06-20 01:05:07,125] [INFO] [ai_detector.logging.logger] - ============================================================================
[2026-06-20 01:05:07,125] [INFO] [ai_detector.logging.logger] -  STARTING COMPLETE TRAINING PIPELINE
[2026-06-20 01:05:07,125] [INFO] [ai_detector.logging.logger] - ============================================================================
[2026-06-20 01:05:07,125] [INFO] [ai_detector.logging.logger] - 
================================================================================
[2026-06-20 01:05:07,125] [INFO] [ai_detector.logging.logger] - STEP 1: DATA INGESTION
[2026-06-20 01:05:07,125] [INFO] [ai_detector.logging.logger] - ================================================================================
[2026-06-20 01:05:07,126] [INFO] [ai_detector.logging.logger] - DataIngestion Initialized
[2026-06-20 01:05:07,126] [INFO] [ai_detector.logging.logger] - Starting DataIngestion
[2026-06-20 01:05:07,126] [INFO] [ai_detector.logging.logger] - Loading dataset from image_data
[2026-06-20 01:05:07,129] [INFO] [ai_detector.logging.logger] - Classes: {'Ai_generated_dataset': 0, 'real_dataset': 1}
[2026-06-20 01:05:07,133] [INFO] [ai_detector.logging.logger] - Total: 995 | Train: 696 | Val: 149 | Test: 150
[2026-06-20 01:05:07,136] [INFO] [ai_detector.logging.logger] - Dataset split complete - Train: 696, Val: 149, Test: 150
[2026-06-20 01:05:07,136] [INFO] [ai_detector.logging.logger] - Leakage Removed
[2026-06-20 01:05:07,136] [INFO] [ai_detector.logging.logger] - ✓ Data Ingestion complete
[2026-06-20 01:05:07,136] [INFO] [ai_detector.logging.logger] - 
================================================================================
[2026-06-20 01:05:07,137] [INFO] [ai_detector.logging.logger] - STEP 2: DATA VALIDATION
[2026-06-20 01:05:07,137] [INFO] [ai_detector.logging.logger] - ================================================================================
[2026-06-20 01:05:07,137] [INFO] [ai_detector.logging.logger] - DataValidation Initialized
[2026-06-20 01:05:07,137] [INFO] [ai_detector.logging.logger] - Starting Data Validation
[2026-06-20 01:05:07,137] [INFO] [ai_detector.logging.logger] - Validating datasets...
[2026-06-20 01:05:07,137] [INFO] [ai_detector.logging.logger] - Validation Passed: Train=696, val=149, test=150
[2026-06-20 01:05:07,137] [INFO] [ai_detector.logging.logger] - DataValidation Complete
[2026-06-20 01:05:07,137] [INFO] [ai_detector.logging.logger] - ✓ Data Validation complete
[2026-06-20 01:05:07,137] [INFO] [ai_detector.logging.logger] - 
================================================================================
[2026-06-20 01:05:07,137] [INFO] [ai_detector.logging.logger] - STEP 3: DATA TRANSFORMATION
[2026-06-20 01:05:07,137] [INFO] [ai_detector.logging.logger] - ================================================================================
[2026-06-20 01:05:07,137] [INFO] [ai_detector.logging.logger] - DataTransformation initialized
[2026-06-20 01:05:07,138] [INFO] [ai_detector.logging.logger] - Starting DataTransformation
[2026-06-20 01:05:07,138] [INFO] [ai_detector.logging.logger] - Creating DataLoaders with transforms per split...
[2026-06-20 01:05:07,138] [INFO] [ai_detector.logging.logger] - Creating loaders for model_1 and model_2...
[2026-06-20 01:05:07,139] [INFO] [ai_detector.logging.logger] - ✓ Created loaders for model_1 and model_2
[2026-06-20 01:05:07,139] [INFO] [ai_detector.logging.logger] - Creating loaders for model_3 and model_4...
[2026-06-20 01:05:07,139] [INFO] [ai_detector.logging.logger] - ✓ Created loaders for model_3 and model_4
[2026-06-20 01:05:07,139] [INFO] [ai_detector.logging.logger] - DataTransformation completed - No data leakage! (Hopefully LMAO)
[2026-06-20 01:05:07,139] [INFO] [ai_detector.logging.logger] - ✓ Data Transformation complete
[2026-06-20 01:05:07,139] [INFO] [ai_detector.logging.logger] - 
================================================================================
[2026-06-20 01:05:07,139] [INFO] [ai_detector.logging.logger] - STEP 5: MODEL EVALUATION
[2026-06-20 01:05:07,139] [INFO] [ai_detector.logging.logger] - ================================================================================
[2026-06-20 01:05:07,140] [INFO] [ai_detector.logging.logger] - Loading models for evaluation...
[2026-06-20 01:05:07,140] [INFO] [ai_detector.logging.logger] - ModelLoader initialized on device: cuda
[2026-06-20 01:05:07,140] [INFO] [ai_detector.logging.logger] - Loading all 4 models...
[2026-06-20 01:05:07,140] [INFO] [ai_detector.logging.logger] - Loading Model 1 (Custom CNN) from models/model_tiny_vgg_cnn.pth...
[2026-06-20 01:05:07,574] [INFO] [ai_detector.logging.logger] - ✓ Model 1 loaded successfully
[2026-06-20 01:05:07,574] [INFO] [ai_detector.logging.logger] - Loading Model 2 (EfficientNet B0) from models/model_1_resnet_b0.pth...
[2026-06-20 01:05:07,928] [INFO] [ai_detector.logging.logger] - ✓ Model 2 loaded successfully
[2026-06-20 01:05:07,928] [INFO] [ai_detector.logging.logger] - Loading Model 3 (ViT B-16) from models/model_2_ViT_b16.pth...
[2026-06-20 01:05:10,744] [INFO] [ai_detector.logging.logger] - ✓ Model 3 loaded successfully
[2026-06-20 01:05:10,744] [INFO] [ai_detector.logging.logger] - Loading Model 4 (Hybrid) from models/model_3_Hybrid.pth...
[2026-06-20 01:05:11,194] [INFO] [ai_detector.logging.logger] - ✓ Model 4 loaded successfully
[2026-06-20 01:05:11,195] [INFO] [ai_detector.logging.logger] - ✓ All 4 models loaded successfully
[2026-06-20 01:05:11,195] [INFO] [ai_detector.logging.logger] - ✓ ModelEvaluator initialized
[2026-06-20 01:05:11,195] [INFO] [ai_detector.logging.logger] - 
========================================
[2026-06-20 01:05:11,195] [INFO] [ai_detector.logging.logger] - STARTING MODEL EVALUATION
[2026-06-20 01:05:11,195] [INFO] [ai_detector.logging.logger] - ========================================
[2026-06-20 01:05:11,195] [INFO] [ai_detector.logging.logger] - MLflow tracking URI: http://localhost:5000
[2026-06-20 01:05:12,046] [INFO] [ai_detector.logging.logger] - MLflow experiment: ai-vs-real-detector
[2026-06-20 01:05:12,336] [INFO] [ai_detector.logging.logger] - MLflow run started: model_evaluation
[2026-06-20 01:05:12,337] [INFO] [ai_detector.logging.logger] - 
================================================================================
[2026-06-20 01:05:12,337] [INFO] [ai_detector.logging.logger] - EVALUATING ALL 4 MODELS ON TEST SET
[2026-06-20 01:05:12,337] [INFO] [ai_detector.logging.logger] - ================================================================================
[2026-06-20 01:05:12,337] [INFO] [ai_detector.logging.logger] - 
Evaluating model_1...
[2026-06-20 01:05:19,402] [INFO] [ai_detector.logging.logger] - ✓ model_1 Evaluation Complete
[2026-06-20 01:05:19,402] [INFO] [ai_detector.logging.logger] -   Accuracy: 0.7800
[2026-06-20 01:05:19,402] [INFO] [ai_detector.logging.logger] -   Precision: 0.7800
[2026-06-20 01:05:19,402] [INFO] [ai_detector.logging.logger] -   Recall: 1.0000
[2026-06-20 01:05:19,402] [INFO] [ai_detector.logging.logger] -   F1: 0.8764
[2026-06-20 01:05:19,402] [INFO] [ai_detector.logging.logger] -   ROC-AUC: 0.8529
[2026-06-20 01:05:19,403] [INFO] [ai_detector.logging.logger] - 
Evaluating model_2...
[2026-06-20 01:05:21,016] [INFO] [ai_detector.logging.logger] - ✓ model_2 Evaluation Complete
[2026-06-20 01:05:21,016] [INFO] [ai_detector.logging.logger] -   Accuracy: 0.8933
[2026-06-20 01:05:21,016] [INFO] [ai_detector.logging.logger] -   Precision: 0.8915
[2026-06-20 01:05:21,016] [INFO] [ai_detector.logging.logger] -   Recall: 0.9829
[2026-06-20 01:05:21,016] [INFO] [ai_detector.logging.logger] -   F1: 0.9350
[2026-06-20 01:05:21,016] [INFO] [ai_detector.logging.logger] -   ROC-AUC: 0.9466
[2026-06-20 01:05:21,016] [INFO] [ai_detector.logging.logger] - 
Evaluating model_3...
[2026-06-20 01:05:25,365] [INFO] [ai_detector.logging.logger] - ✓ model_3 Evaluation Complete
[2026-06-20 01:05:25,365] [INFO] [ai_detector.logging.logger] -   Accuracy: 0.6267
[2026-06-20 01:05:25,365] [INFO] [ai_detector.logging.logger] -   Precision: 1.0000
[2026-06-20 01:05:25,365] [INFO] [ai_detector.logging.logger] -   Recall: 0.5214
[2026-06-20 01:05:25,365] [INFO] [ai_detector.logging.logger] -   F1: 0.6854
[2026-06-20 01:05:25,365] [INFO] [ai_detector.logging.logger] -   ROC-AUC: 0.9005
[2026-06-20 01:05:25,365] [INFO] [ai_detector.logging.logger] - 
Evaluating model_4...
[2026-06-20 01:05:29,952] [INFO] [ai_detector.logging.logger] - ✓ model_4 Evaluation Complete
[2026-06-20 01:05:29,952] [INFO] [ai_detector.logging.logger] -   Accuracy: 0.9400
[2026-06-20 01:05:29,952] [INFO] [ai_detector.logging.logger] -   Precision: 0.9576
[2026-06-20 01:05:29,952] [INFO] [ai_detector.logging.logger] -   Recall: 0.9658
[2026-06-20 01:05:29,952] [INFO] [ai_detector.logging.logger] -   F1: 0.9617
[2026-06-20 01:05:29,952] [INFO] [ai_detector.logging.logger] -   ROC-AUC: 0.9767
[2026-06-20 01:05:29,952] [INFO] [ai_detector.logging.logger] - 
================================================================================
[2026-06-20 01:05:29,952] [INFO] [ai_detector.logging.logger] - ✓ ALL MODELS EVALUATED
[2026-06-20 01:05:29,952] [INFO] [ai_detector.logging.logger] - ================================================================================
[2026-06-20 01:05:31,904] [INFO] [ai_detector.logging.logger] - 
Generating comparison report...
[2026-06-20 01:05:31,914] [INFO] [ai_detector.logging.logger] - ✓ Saved report to artifacts/2026_06_20_01_05_07/model_evaluation/model_comparison.csv
[2026-06-20 01:05:31,914] [INFO] [ai_detector.logging.logger] - 
================================================================================
[2026-06-20 01:05:31,915] [INFO] [ai_detector.logging.logger] - MODEL COMPARISON REPORT
[2026-06-20 01:05:31,915] [INFO] [ai_detector.logging.logger] - ================================================================================
[2026-06-20 01:05:31,922] [INFO] [ai_detector.logging.logger] -      Model Accuracy Precision  Recall F1-Score ROC-AUC
0  model_1   0.7800    0.7800  1.0000   0.8764  0.8529
1  model_2   0.8933    0.8915  0.9829   0.9350  0.9466
2  model_3   0.6267    1.0000  0.5214   0.6854  0.9005
3  model_4   0.9400    0.9576  0.9658   0.9617  0.9767
[2026-06-20 01:05:31,923] [INFO] [ai_detector.logging.logger] - ================================================================================
[2026-06-20 01:05:32,031] [INFO] [ai_detector.logging.logger] - Logged artifact: artifacts/2026_06_20_01_05_07/model_evaluation/model_comparison.csv
[2026-06-20 01:05:32,031] [INFO] [ai_detector.logging.logger] - 
Generating confusion matrices...
[2026-06-20 01:05:32,237] [INFO] [ai_detector.logging.logger] - ✓ Saved confusion matrix to artifacts/2026_06_20_01_05_07/model_evaluation/confusion_matrices/model_1_confusion_matrix.png
[2026-06-20 01:05:32,393] [INFO] [ai_detector.logging.logger] - ✓ Saved confusion matrix to artifacts/2026_06_20_01_05_07/model_evaluation/confusion_matrices/model_2_confusion_matrix.png
[2026-06-20 01:05:32,557] [INFO] [ai_detector.logging.logger] - ✓ Saved confusion matrix to artifacts/2026_06_20_01_05_07/model_evaluation/confusion_matrices/model_3_confusion_matrix.png
[2026-06-20 01:05:32,712] [INFO] [ai_detector.logging.logger] - ✓ Saved confusion matrix to artifacts/2026_06_20_01_05_07/model_evaluation/confusion_matrices/model_4_confusion_matrix.png
[2026-06-20 01:05:33,686] [INFO] [ai_detector.logging.logger] - ✓ Saved all confusion matrices to artifacts/2026_06_20_01_05_07/model_evaluation/confusion_matrices/all_confusion_matrices.png
[2026-06-20 01:05:33,686] [INFO] [ai_detector.logging.logger] - ✓ Confusion matrices generated
[2026-06-20 01:05:33,890] [INFO] [ai_detector.logging.logger] - Logged artifact: artifacts/2026_06_20_01_05_07/model_evaluation/confusion_matrices
[2026-06-20 01:05:33,891] [INFO] [ai_detector.logging.logger] - 
Generating comparison plots...
[2026-06-20 01:05:34,415] [INFO] [ai_detector.logging.logger] - ✓ Saved comparison plot to artifacts/2026_06_20_01_05_07/model_evaluation/confusion_matrices/model_comparison.png
[2026-06-20 01:05:34,415] [INFO] [ai_detector.logging.logger] - ✓ Comparison plots generated
[2026-06-20 01:05:34,415] [INFO] [ai_detector.logging.logger] - 
Generating detailed reports...
[2026-06-20 01:05:34,415] [INFO] [ai_detector.logging.logger] - ✓ Saved report for model_1
[2026-06-20 01:05:34,416] [INFO] [ai_detector.logging.logger] - ✓ Saved report for model_2
[2026-06-20 01:05:34,416] [INFO] [ai_detector.logging.logger] - ✓ Saved report for model_3
[2026-06-20 01:05:34,416] [INFO] [ai_detector.logging.logger] - ✓ Saved report for model_4
[2026-06-20 01:05:34,517] [INFO] [ai_detector.logging.logger] - Logged 1 parameters
[2026-06-20 01:05:34,517] [INFO] [ai_detector.logging.logger] - 
========================================
[2026-06-20 01:05:34,517] [INFO] [ai_detector.logging.logger] - BEST MODEL: model_4 with Accuracy: 0.9400
[2026-06-20 01:05:34,517] [INFO] [ai_detector.logging.logger] - ========================================
[2026-06-20 01:05:34,656] [INFO] [ai_detector.logging.logger] - MLflow run ended
[2026-06-20 01:05:34,656] [INFO] [ai_detector.logging.logger] - ✓ Model Evaluation complete
[2026-06-20 01:05:34,658] [INFO] [ai_detector.logging.logger] - 
================================================================================
[2026-06-20 01:05:34,658] [INFO] [ai_detector.logging.logger] - STEP 4: MODEL TRAINING
[2026-06-20 01:05:34,658] [INFO] [ai_detector.logging.logger] - ================================================================================
[2026-06-20 01:05:34,666] [INFO] [ai_detector.logging.logger] - ModelTrainer initialized
[2026-06-20 01:05:34,666] [INFO] [ai_detector.logging.logger] - Starting Model Trainer - Training All 4 Models
[2026-06-20 01:05:34,666] [INFO] [ai_detector.logging.logger] - ================================================================================
[2026-06-20 01:05:34,667] [INFO] [ai_detector.logging.logger] - Training Model 1 (Custom CNN)
[2026-06-20 01:05:34,667] [INFO] [ai_detector.logging.logger] - ================================================================================
[2026-06-20 01:05:34,667] [INFO] [ai_detector.logging.logger] - MLflow tracking URI: http://localhost:5000
[2026-06-20 01:05:34,715] [INFO] [ai_detector.logging.logger] - MLflow experiment: ai-vs-real-detector
[2026-06-20 01:05:35,002] [INFO] [ai_detector.logging.logger] - MLflow run started: model_1_custom_cnn
[2026-06-20 01:05:35,477] [INFO] [ai_detector.logging.logger] - Logged 7 parameters
[2026-06-20 01:05:35,486] [INFO] [ai_detector.logging.logger] - 
======================================== Epoch 1/10 ========================================
[2026-06-20 01:05:54,195] [INFO] [ai_detector.logging.logger] - [TRAIN] Accuracy: 0.7342 | Loss: 0.5574
[2026-06-20 01:05:54,204] [INFO] [ai_detector.logging.logger] - Precision: 0.7448 | Recall: 0.9727 | F1: 0.8436
[2026-06-20 01:05:56,345] [INFO] [ai_detector.logging.logger] - [TEST]  Accuracy: 0.8188 | Loss: 0.4541
[2026-06-20 01:05:56,345] [INFO] [ai_detector.logging.logger] - Precision: 0.9583 | Recall: 0.8000 | F1: 0.8720
[2026-06-20 01:05:56,993] [INFO] [ai_detector.logging.logger] - 
======================================== Epoch 2/10 ========================================
