[2026-05-25 04:58:34,268] [INFO] [ai_detector.logging.logger] - Logginng initialized. Logs will be Saved to: logs/2026_05_25_04_%NM_34.log
[2026-05-25 04:58:34,559] [INFO] [ai_detector.logging.logger] - 🚀 Starting FastAPI application...
[2026-05-25 04:58:34,559] [INFO] [ai_detector.logging.logger] - Using device: cuda
[2026-05-25 04:58:34,559] [INFO] [ai_detector.logging.logger] - Loading all 4 models...
[2026-05-25 04:58:34,559] [INFO] [ai_detector.logging.logger] - ModelLoader initialized on device: cuda
[2026-05-25 04:58:34,559] [INFO] [ai_detector.logging.logger] - Loading all 4 models...
[2026-05-25 04:58:34,559] [INFO] [ai_detector.logging.logger] - Loading Model 1 (Custom CNN) from models/model_tiny_vgg_cnn.pth...
[2026-05-25 04:58:34,867] [INFO] [ai_detector.logging.logger] - ✓ Model 1 loaded successfully
[2026-05-25 04:58:34,868] [INFO] [ai_detector.logging.logger] - Loading Model 2 (EfficientNet B0) from models/model_1_resnet_b0.pth...
[2026-05-25 04:58:35,076] [INFO] [ai_detector.logging.logger] - ✓ Model 2 loaded successfully
[2026-05-25 04:58:35,076] [INFO] [ai_detector.logging.logger] - Loading Model 3 (ViT B-16) from models/model_2_ViT_b16.pth...
[2026-05-25 04:58:37,388] [INFO] [ai_detector.logging.logger] - ✓ Model 3 loaded successfully
[2026-05-25 04:58:37,389] [INFO] [ai_detector.logging.logger] - Loading Model 4 (Hybrid) from models/model_3_Hybrid.pth...
[2026-05-25 04:58:37,874] [INFO] [ai_detector.logging.logger] - ✓ Model 4 loaded successfully
[2026-05-25 04:58:37,875] [INFO] [ai_detector.logging.logger] - ✓ All 4 models loaded successfully
[2026-05-25 04:58:37,875] [INFO] [ai_detector.logging.logger] - ✅ All models loaded successfully!
[2026-05-25 04:58:37,875] [INFO] [ai_detector.logging.logger] - 🌐 FastAPI server ready at http://localhost:8000
[2026-05-25 04:58:37,875] [INFO] [ai_detector.logging.logger] - 📚 Docs at http://localhost:8000/docs
[2026-05-25 04:58:37,875] [INFO] [ai_detector.logging.logger] - GPU Memory - Total: 3.90GB | Allocated: 0.42GB | Free: 3.48GB | Used: 10.8%
[2026-05-25 04:59:06,812] [INFO] [ai_detector.logging.logger] - Processing image: Bhura Bhaalu.png
[2026-05-25 04:59:06,812] [INFO] [ai_detector.logging.logger] -   Predicting with model_1...
[2026-05-25 04:59:07,509] [INFO] [ai_detector.logging.logger] -   Predicting with model_2...
[2026-05-25 04:59:07,873] [INFO] [ai_detector.logging.logger] -   Predicting with model_3...
[2026-05-25 04:59:08,016] [INFO] [ai_detector.logging.logger] -   Predicting with model_4...
[2026-05-25 04:59:08,109] [INFO] [ai_detector.logging.logger] - ✓ Processing complete in 1.31s
[2026-05-25 04:59:28,322] [INFO] [ai_detector.logging.logger] - Processing image: Tanya-kebab.jpeg
[2026-05-25 04:59:28,322] [INFO] [ai_detector.logging.logger] -   Predicting with model_1...
[2026-05-25 04:59:28,369] [INFO] [ai_detector.logging.logger] -   Predicting with model_2...
[2026-05-25 04:59:28,390] [INFO] [ai_detector.logging.logger] -   Predicting with model_3...
[2026-05-25 04:59:28,440] [INFO] [ai_detector.logging.logger] -   Predicting with model_4...
[2026-05-25 04:59:28,499] [INFO] [ai_detector.logging.logger] - ✓ Processing complete in 0.18s
[2026-05-25 04:59:43,735] [INFO] [ai_detector.logging.logger] - Shutting down FastAPI application...
