[2026-05-26 12:29:28,091] [INFO] [ai_detector.logging.logger] - Logginng initialized. Logs will be Saved to: logs/2026_05_26_12_%NM_28.log
[2026-05-26 12:29:37,719] [INFO] [ai_detector.logging.logger] - Initializing GPU memory management...
[2026-05-26 12:29:37,720] [INFO] [ai_detector.logging.logger] - ✓ GPU memory cleared and optimized
[2026-05-26 12:29:37,720] [INFO] [ai_detector.logging.logger] - ✓ Using GPU: NVIDIA GeForce GTX 1650 (3.90 GB)
[2026-05-26 12:29:37,720] [INFO] [ai_detector.logging.logger] - GPU Memory - Total: 3.90GB | Allocated: 0.00GB | Free: 3.90GB | Used: 0.0%
[2026-05-26 12:29:37,720] [INFO] [ai_detector.logging.logger] - Starting training...
[2026-05-26 12:29:37,721] [INFO] [ai_detector.logging.logger] - TrainingPipeline initialized
[2026-05-26 12:29:37,721] [INFO] [ai_detector.logging.logger] - Artifact directory: artifacts/2026_05_26_12_29_37
[2026-05-26 12:29:37,721] [INFO] [ai_detector.logging.logger] - 


[2026-05-26 12:29:37,721] [INFO] [ai_detector.logging.logger] - ============================================================================
[2026-05-26 12:29:37,721] [INFO] [ai_detector.logging.logger] -  STARTING COMPLETE TRAINING PIPELINE
[2026-05-26 12:29:37,721] [INFO] [ai_detector.logging.logger] - ============================================================================
[2026-05-26 12:29:37,721] [INFO] [ai_detector.logging.logger] - 
================================================================================
[2026-05-26 12:29:37,721] [INFO] [ai_detector.logging.logger] - STEP 1: DATA INGESTION
[2026-05-26 12:29:37,721] [INFO] [ai_detector.logging.logger] - ================================================================================
[2026-05-26 12:29:37,721] [INFO] [ai_detector.logging.logger] - DataIngestion Initialized
[2026-05-26 12:29:37,721] [INFO] [ai_detector.logging.logger] - Starting DataIngestion
[2026-05-26 12:29:37,721] [INFO] [ai_detector.logging.logger] - Loading dataset from image_data
[2026-05-26 12:29:37,725] [INFO] [ai_detector.logging.logger] - Classes: {'Ai_generated_dataset': 0, 'real_dataset': 1}
[2026-05-26 12:29:37,728] [INFO] [ai_detector.logging.logger] - Total: 995 | Train: 696 | Val: 149 | Test: 150
[2026-05-26 12:29:37,730] [INFO] [ai_detector.logging.logger] - Dataset split complete - Train: 696, Val: 149, Test: 150
[2026-05-26 12:29:37,730] [INFO] [ai_detector.logging.logger] - Leakage Removed
[2026-05-26 12:29:37,730] [INFO] [ai_detector.logging.logger] - ✓ Data Ingestion complete
[2026-05-26 12:29:37,730] [INFO] [ai_detector.logging.logger] - 
================================================================================
[2026-05-26 12:29:37,730] [INFO] [ai_detector.logging.logger] - STEP 2: DATA VALIDATION
[2026-05-26 12:29:37,730] [INFO] [ai_detector.logging.logger] - ================================================================================
[2026-05-26 12:29:37,730] [INFO] [ai_detector.logging.logger] - DataValidation Initialized
[2026-05-26 12:29:37,730] [INFO] [ai_detector.logging.logger] - Starting Data Validation
[2026-05-26 12:29:37,731] [INFO] [ai_detector.logging.logger] - Validating datasets...
[2026-05-26 12:29:37,731] [INFO] [ai_detector.logging.logger] - Validation Passed: Train=696, val=149, test=150
[2026-05-26 12:29:37,731] [INFO] [ai_detector.logging.logger] - DataValidation Complete
[2026-05-26 12:29:37,731] [INFO] [ai_detector.logging.logger] - ✓ Data Validation complete
[2026-05-26 12:29:37,731] [INFO] [ai_detector.logging.logger] - 
================================================================================
[2026-05-26 12:29:37,731] [INFO] [ai_detector.logging.logger] - STEP 3: DATA TRANSFORMATION
[2026-05-26 12:29:37,731] [INFO] [ai_detector.logging.logger] - ================================================================================
[2026-05-26 12:29:37,731] [INFO] [ai_detector.logging.logger] - DataTransformation initialized
[2026-05-26 12:29:37,731] [INFO] [ai_detector.logging.logger] - Starting DataTransformation
[2026-05-26 12:29:37,731] [INFO] [ai_detector.logging.logger] - Creating DataLoaders with transforms per split...
[2026-05-26 12:29:37,731] [INFO] [ai_detector.logging.logger] - Creating loaders for model_1 and model_2...
[2026-05-26 12:29:37,732] [INFO] [ai_detector.logging.logger] - ✓ Created loaders for model_1 and model_2
[2026-05-26 12:29:37,732] [INFO] [ai_detector.logging.logger] - Creating loaders for model_3 and model_4...
[2026-05-26 12:29:37,732] [INFO] [ai_detector.logging.logger] - ✓ Created loaders for model_3 and model_4
[2026-05-26 12:29:37,732] [INFO] [ai_detector.logging.logger] - DataTransformation completed - No data leakage! (Hopefully LMAO)
[2026-05-26 12:29:37,732] [INFO] [ai_detector.logging.logger] - ✓ Data Transformation complete
[2026-05-26 12:29:37,732] [INFO] [ai_detector.logging.logger] - 
================================================================================
[2026-05-26 12:29:37,732] [INFO] [ai_detector.logging.logger] - STEP 5: MODEL EVALUATION
[2026-05-26 12:29:37,732] [INFO] [ai_detector.logging.logger] - ================================================================================
[2026-05-26 12:29:37,732] [INFO] [ai_detector.logging.logger] - Loading models for evaluation...
[2026-05-26 12:29:37,732] [INFO] [ai_detector.logging.logger] - ModelLoader initialized on device: cuda
[2026-05-26 12:29:37,733] [INFO] [ai_detector.logging.logger] - Loading all 4 models...
[2026-05-26 12:29:37,733] [INFO] [ai_detector.logging.logger] - Loading Model 1 (Custom CNN) from models/model_tiny_vgg_cnn.pth...
[2026-05-26 12:29:38,112] [INFO] [ai_detector.logging.logger] - ✓ Model 1 loaded successfully
[2026-05-26 12:29:38,112] [INFO] [ai_detector.logging.logger] - Loading Model 2 (EfficientNet B0) from models/model_1_resnet_b0.pth...
[2026-05-26 12:29:38,475] [INFO] [ai_detector.logging.logger] - ✓ Model 2 loaded successfully
[2026-05-26 12:29:38,475] [INFO] [ai_detector.logging.logger] - Loading Model 3 (ViT B-16) from models/model_2_ViT_b16.pth...
[2026-05-26 12:29:41,445] [INFO] [ai_detector.logging.logger] - ✓ Model 3 loaded successfully
[2026-05-26 12:29:41,446] [INFO] [ai_detector.logging.logger] - Loading Model 4 (Hybrid) from models/model_3_Hybrid.pth...
[2026-05-26 12:29:42,021] [INFO] [ai_detector.logging.logger] - ✓ Model 4 loaded successfully
[2026-05-26 12:29:42,022] [INFO] [ai_detector.logging.logger] - ✓ All 4 models loaded successfully
[2026-05-26 12:29:42,023] [INFO] [ai_detector.logging.logger] - ✓ ModelEvaluator initialized
[2026-05-26 12:29:42,023] [INFO] [ai_detector.logging.logger] - 
========================================
[2026-05-26 12:29:42,023] [INFO] [ai_detector.logging.logger] - STARTING MODEL EVALUATION
[2026-05-26 12:29:42,023] [INFO] [ai_detector.logging.logger] - ========================================
[2026-05-26 12:29:42,024] [INFO] [ai_detector.logging.logger] - MLflow tracking URI: http://localhost:5000
[2026-05-26 12:29:42,205] [INFO] [ai_detector.logging.logger] - MLflow experiment: ai-vs-real-detector
[2026-05-26 12:29:42,521] [INFO] [ai_detector.logging.logger] - MLflow run started: model_evaluation
[2026-05-26 12:29:42,521] [INFO] [ai_detector.logging.logger] - 
================================================================================
[2026-05-26 12:29:42,521] [INFO] [ai_detector.logging.logger] - EVALUATING ALL 4 MODELS ON TEST SET
[2026-05-26 12:29:42,521] [INFO] [ai_detector.logging.logger] - ================================================================================
[2026-05-26 12:29:42,521] [INFO] [ai_detector.logging.logger] - 
Evaluating model_1...
[2026-05-26 12:29:52,680] [INFO] [ai_detector.logging.logger] - ✓ model_1 Evaluation Complete
[2026-05-26 12:29:52,681] [INFO] [ai_detector.logging.logger] -   Accuracy: 0.9267
[2026-05-26 12:29:52,681] [INFO] [ai_detector.logging.logger] -   Precision: 0.9141
[2026-05-26 12:29:52,681] [INFO] [ai_detector.logging.logger] -   Recall: 1.0000
[2026-05-26 12:29:52,681] [INFO] [ai_detector.logging.logger] -   F1: 0.9551
[2026-05-26 12:29:52,681] [INFO] [ai_detector.logging.logger] -   ROC-AUC: 0.9112
[2026-05-26 12:29:52,681] [INFO] [ai_detector.logging.logger] - 
Evaluating model_2...
[2026-05-26 12:29:54,230] [INFO] [ai_detector.logging.logger] - ✓ model_2 Evaluation Complete
[2026-05-26 12:29:54,230] [INFO] [ai_detector.logging.logger] -   Accuracy: 0.8933
[2026-05-26 12:29:54,230] [INFO] [ai_detector.logging.logger] -   Precision: 0.8915
[2026-05-26 12:29:54,230] [INFO] [ai_detector.logging.logger] -   Recall: 0.9829
[2026-05-26 12:29:54,230] [INFO] [ai_detector.logging.logger] -   F1: 0.9350
[2026-05-26 12:29:54,230] [INFO] [ai_detector.logging.logger] -   ROC-AUC: 0.9466
[2026-05-26 12:29:54,230] [INFO] [ai_detector.logging.logger] - 
Evaluating model_3...
[2026-05-26 12:30:00,231] [INFO] [ai_detector.logging.logger] - ✓ model_3 Evaluation Complete
[2026-05-26 12:30:00,231] [INFO] [ai_detector.logging.logger] -   Accuracy: 0.6267
[2026-05-26 12:30:00,231] [INFO] [ai_detector.logging.logger] -   Precision: 1.0000
[2026-05-26 12:30:00,231] [INFO] [ai_detector.logging.logger] -   Recall: 0.5214
[2026-05-26 12:30:00,231] [INFO] [ai_detector.logging.logger] -   F1: 0.6854
[2026-05-26 12:30:00,231] [INFO] [ai_detector.logging.logger] -   ROC-AUC: 0.9005
[2026-05-26 12:30:00,231] [INFO] [ai_detector.logging.logger] - 
Evaluating model_4...
[2026-05-26 12:30:06,522] [INFO] [ai_detector.logging.logger] - ✓ model_4 Evaluation Complete
[2026-05-26 12:30:06,523] [INFO] [ai_detector.logging.logger] -   Accuracy: 0.9400
[2026-05-26 12:30:06,523] [INFO] [ai_detector.logging.logger] -   Precision: 0.9576
[2026-05-26 12:30:06,523] [INFO] [ai_detector.logging.logger] -   Recall: 0.9658
[2026-05-26 12:30:06,523] [INFO] [ai_detector.logging.logger] -   F1: 0.9617
[2026-05-26 12:30:06,523] [INFO] [ai_detector.logging.logger] -   ROC-AUC: 0.9767
[2026-05-26 12:30:06,523] [INFO] [ai_detector.logging.logger] - 
================================================================================
[2026-05-26 12:30:06,523] [INFO] [ai_detector.logging.logger] - ✓ ALL MODELS EVALUATED
[2026-05-26 12:30:06,523] [INFO] [ai_detector.logging.logger] - ================================================================================
[2026-05-26 12:30:08,057] [INFO] [ai_detector.logging.logger] - 
Generating comparison report...
[2026-05-26 12:30:08,077] [INFO] [ai_detector.logging.logger] - ✓ Saved report to artifacts/2026_05_26_12_29_37/model_evaluation/model_comparison.csv
[2026-05-26 12:30:08,077] [INFO] [ai_detector.logging.logger] - 
================================================================================
[2026-05-26 12:30:08,078] [INFO] [ai_detector.logging.logger] - MODEL COMPARISON REPORT
[2026-05-26 12:30:08,078] [INFO] [ai_detector.logging.logger] - ================================================================================
[2026-05-26 12:30:08,086] [INFO] [ai_detector.logging.logger] -      Model Accuracy Precision  Recall F1-Score ROC-AUC
0  model_1   0.9267    0.9141  1.0000   0.9551  0.9112
1  model_2   0.8933    0.8915  0.9829   0.9350  0.9466
2  model_3   0.6267    1.0000  0.5214   0.6854  0.9005
3  model_4   0.9400    0.9576  0.9658   0.9617  0.9767
[2026-05-26 12:30:08,086] [INFO] [ai_detector.logging.logger] - ================================================================================
[2026-05-26 12:30:08,222] [INFO] [ai_detector.logging.logger] - Logged artifact: artifacts/2026_05_26_12_29_37/model_evaluation/model_comparison.csv
[2026-05-26 12:30:08,222] [INFO] [ai_detector.logging.logger] - 
Generating confusion matrices...
[2026-05-26 12:30:08,659] [INFO] [ai_detector.logging.logger] - ✓ Saved confusion matrix to artifacts/2026_05_26_12_29_37/model_evaluation/confusion_matrices/model_1_confusion_matrix.png
[2026-05-26 12:30:08,930] [INFO] [ai_detector.logging.logger] - ✓ Saved confusion matrix to artifacts/2026_05_26_12_29_37/model_evaluation/confusion_matrices/model_2_confusion_matrix.png
[2026-05-26 12:30:09,192] [INFO] [ai_detector.logging.logger] - ✓ Saved confusion matrix to artifacts/2026_05_26_12_29_37/model_evaluation/confusion_matrices/model_3_confusion_matrix.png
[2026-05-26 12:30:09,450] [INFO] [ai_detector.logging.logger] - ✓ Saved confusion matrix to artifacts/2026_05_26_12_29_37/model_evaluation/confusion_matrices/model_4_confusion_matrix.png
[2026-05-26 12:30:10,714] [INFO] [ai_detector.logging.logger] - ✓ Saved all confusion matrices to artifacts/2026_05_26_12_29_37/model_evaluation/confusion_matrices/all_confusion_matrices.png
[2026-05-26 12:30:10,715] [INFO] [ai_detector.logging.logger] - ✓ Confusion matrices generated
[2026-05-26 12:30:10,930] [INFO] [ai_detector.logging.logger] - Logged artifact: artifacts/2026_05_26_12_29_37/model_evaluation/confusion_matrices
[2026-05-26 12:30:10,930] [INFO] [ai_detector.logging.logger] - 
Generating comparison plots...
[2026-05-26 12:30:11,814] [INFO] [ai_detector.logging.logger] - ✓ Saved comparison plot to artifacts/2026_05_26_12_29_37/model_evaluation/confusion_matrices/model_comparison.png
[2026-05-26 12:30:11,814] [INFO] [ai_detector.logging.logger] - ✓ Comparison plots generated
[2026-05-26 12:30:11,814] [INFO] [ai_detector.logging.logger] - 
Generating detailed reports...
[2026-05-26 12:30:11,815] [INFO] [ai_detector.logging.logger] - ✓ Saved report for model_1
[2026-05-26 12:30:11,816] [INFO] [ai_detector.logging.logger] - ✓ Saved report for model_2
[2026-05-26 12:30:11,816] [INFO] [ai_detector.logging.logger] - ✓ Saved report for model_3
[2026-05-26 12:30:11,817] [INFO] [ai_detector.logging.logger] - ✓ Saved report for model_4
[2026-05-26 12:30:11,929] [INFO] [ai_detector.logging.logger] - Logged 1 parameters
[2026-05-26 12:30:11,929] [INFO] [ai_detector.logging.logger] - 
========================================
[2026-05-26 12:30:11,930] [INFO] [ai_detector.logging.logger] - BEST MODEL: model_4 with Accuracy: 0.9400
[2026-05-26 12:30:11,930] [INFO] [ai_detector.logging.logger] - ========================================
[2026-05-26 12:30:12,076] [INFO] [ai_detector.logging.logger] - MLflow run ended
[2026-05-26 12:30:12,076] [INFO] [ai_detector.logging.logger] - ✓ Model Evaluation complete
[2026-05-26 12:30:12,079] [INFO] [ai_detector.logging.logger] - 
================================================================================
[2026-05-26 12:30:12,079] [INFO] [ai_detector.logging.logger] - STEP 4: MODEL TRAINING
[2026-05-26 12:30:12,079] [INFO] [ai_detector.logging.logger] - ================================================================================
[2026-05-26 12:30:12,096] [INFO] [ai_detector.logging.logger] - ModelTrainer initialized
[2026-05-26 12:30:12,096] [INFO] [ai_detector.logging.logger] - Starting Model Trainer - Training All 4 Models
[2026-05-26 12:30:12,096] [INFO] [ai_detector.logging.logger] - ================================================================================
[2026-05-26 12:30:12,096] [INFO] [ai_detector.logging.logger] - Training Model 1 (Custom CNN)
[2026-05-26 12:30:12,096] [INFO] [ai_detector.logging.logger] - ================================================================================
[2026-05-26 12:30:12,096] [INFO] [ai_detector.logging.logger] - MLflow tracking URI: http://localhost:5000
[2026-05-26 12:30:12,151] [INFO] [ai_detector.logging.logger] - MLflow experiment: ai-vs-real-detector
[2026-05-26 12:30:12,451] [INFO] [ai_detector.logging.logger] - MLflow run started: model_1_custom_cnn
[2026-05-26 12:30:12,945] [INFO] [ai_detector.logging.logger] - Logged 7 parameters
[2026-05-26 12:30:13,082] [INFO] [ai_detector.logging.logger] - 
======================================== Epoch 1/10 ========================================
[2026-05-26 12:30:32,490] [INFO] [ai_detector.logging.logger] - [TRAIN] Accuracy: 0.7184 | Loss: 0.6749
[2026-05-26 12:30:32,490] [INFO] [ai_detector.logging.logger] - Precision: 0.7412 | Recall: 0.9493 | F1: 0.8325
[2026-05-26 12:30:34,191] [INFO] [ai_detector.logging.logger] - [TEST]  Accuracy: 0.7718 | Loss: 0.5926
[2026-05-26 12:30:34,191] [INFO] [ai_detector.logging.logger] - Precision: 0.7718 | Recall: 1.0000 | F1: 0.8712
[2026-05-26 12:30:34,501] [INFO] [ai_detector.logging.logger] - 
======================================== Epoch 2/10 ========================================
[2026-05-26 12:30:51,933] [INFO] [ai_detector.logging.logger] - [TRAIN] Accuracy: 0.7371 | Loss: 0.6065
[2026-05-26 12:30:51,933] [INFO] [ai_detector.logging.logger] - Precision: 0.7371 | Recall: 1.0000 | F1: 0.8486
[2026-05-26 12:30:53,598] [INFO] [ai_detector.logging.logger] - [TEST]  Accuracy: 0.7718 | Loss: 0.5650
[2026-05-26 12:30:53,599] [INFO] [ai_detector.logging.logger] - Precision: 0.7718 | Recall: 1.0000 | F1: 0.8712
[2026-05-26 12:30:53,910] [INFO] [ai_detector.logging.logger] - 
======================================== Epoch 3/10 ========================================
[2026-05-26 12:31:11,257] [INFO] [ai_detector.logging.logger] - [TRAIN] Accuracy: 0.7371 | Loss: 0.5947
[2026-05-26 12:31:11,257] [INFO] [ai_detector.logging.logger] - Precision: 0.7371 | Recall: 1.0000 | F1: 0.8486
[2026-05-26 12:31:12,825] [INFO] [ai_detector.logging.logger] - [TEST]  Accuracy: 0.7718 | Loss: 0.5528
[2026-05-26 12:31:12,825] [INFO] [ai_detector.logging.logger] - Precision: 0.7718 | Recall: 1.0000 | F1: 0.8712
[2026-05-26 12:31:13,133] [INFO] [ai_detector.logging.logger] - 
======================================== Epoch 4/10 ========================================
[2026-05-26 12:31:29,469] [INFO] [ai_detector.logging.logger] - [TRAIN] Accuracy: 0.7543 | Loss: 0.5513
[2026-05-26 12:31:29,469] [INFO] [ai_detector.logging.logger] - Precision: 0.7599 | Recall: 0.9747 | F1: 0.8540
[2026-05-26 12:31:31,091] [INFO] [ai_detector.logging.logger] - [TEST]  Accuracy: 0.7718 | Loss: 0.5450
[2026-05-26 12:31:31,091] [INFO] [ai_detector.logging.logger] - Precision: 0.7718 | Recall: 1.0000 | F1: 0.8712
[2026-05-26 12:31:31,394] [INFO] [ai_detector.logging.logger] - 
======================================== Epoch 5/10 ========================================
[2026-05-26 12:31:47,746] [INFO] [ai_detector.logging.logger] - [TRAIN] Accuracy: 0.7457 | Loss: 0.5752
[2026-05-26 12:31:47,746] [INFO] [ai_detector.logging.logger] - Precision: 0.7449 | Recall: 0.9961 | F1: 0.8524
[2026-05-26 12:31:49,359] [INFO] [ai_detector.logging.logger] - [TEST]  Accuracy: 0.8725 | Loss: 0.3637
[2026-05-26 12:31:49,359] [INFO] [ai_detector.logging.logger] - Precision: 0.8750 | Recall: 0.9739 | F1: 0.9218
[2026-05-26 12:31:49,656] [INFO] [ai_detector.logging.logger] - 
======================================== Epoch 6/10 ========================================
[2026-05-26 12:32:08,120] [INFO] [ai_detector.logging.logger] - [TRAIN] Accuracy: 0.8046 | Loss: 0.4557
[2026-05-26 12:32:08,121] [INFO] [ai_detector.logging.logger] - Precision: 0.8179 | Recall: 0.9454 | F1: 0.8770
[2026-05-26 12:32:09,759] [INFO] [ai_detector.logging.logger] - [TEST]  Accuracy: 0.8591 | Loss: 0.3309
[2026-05-26 12:32:09,760] [INFO] [ai_detector.logging.logger] - Precision: 0.9352 | Recall: 0.8783 | F1: 0.9058
[2026-05-26 12:32:10,063] [INFO] [ai_detector.logging.logger] - 
======================================== Epoch 7/10 ========================================
[2026-05-26 12:32:28,158] [INFO] [ai_detector.logging.logger] - [TRAIN] Accuracy: 0.7974 | Loss: 0.4565
[2026-05-26 12:32:28,158] [INFO] [ai_detector.logging.logger] - Precision: 0.8079 | Recall: 0.9513 | F1: 0.8738
[2026-05-26 12:32:30,030] [INFO] [ai_detector.logging.logger] - [TEST]  Accuracy: 0.9128 | Loss: 0.3053
[2026-05-26 12:32:30,030] [INFO] [ai_detector.logging.logger] - Precision: 0.9113 | Recall: 0.9826 | F1: 0.9456
[2026-05-26 12:32:30,333] [INFO] [ai_detector.logging.logger] - 
======================================== Epoch 8/10 ========================================
[2026-05-26 12:32:47,698] [INFO] [ai_detector.logging.logger] - [TRAIN] Accuracy: 0.8362 | Loss: 0.4062
[2026-05-26 12:32:47,698] [INFO] [ai_detector.logging.logger] - Precision: 0.8399 | Recall: 0.9610 | F1: 0.8964
[2026-05-26 12:32:49,365] [INFO] [ai_detector.logging.logger] - [TEST]  Accuracy: 0.9060 | Loss: 0.2662
[2026-05-26 12:32:49,365] [INFO] [ai_detector.logging.logger] - Precision: 0.9244 | Recall: 0.9565 | F1: 0.9402
[2026-05-26 12:32:49,683] [INFO] [ai_detector.logging.logger] - 
======================================== Epoch 9/10 ========================================
[2026-05-26 12:33:06,703] [INFO] [ai_detector.logging.logger] - [TRAIN] Accuracy: 0.8175 | Loss: 0.4149
[2026-05-26 12:33:06,703] [INFO] [ai_detector.logging.logger] - Precision: 0.8260 | Recall: 0.9532 | F1: 0.8851
[2026-05-26 12:33:08,505] [INFO] [ai_detector.logging.logger] - [TEST]  Accuracy: 0.9128 | Loss: 0.3294
[2026-05-26 12:33:08,505] [INFO] [ai_detector.logging.logger] - Precision: 0.9722 | Recall: 0.9130 | F1: 0.9417
[2026-05-26 12:33:08,820] [INFO] [ai_detector.logging.logger] - 
======================================== Epoch 10/10 ========================================
[2026-05-26 12:33:25,570] [INFO] [ai_detector.logging.logger] - [TRAIN] Accuracy: 0.8075 | Loss: 0.4394
[2026-05-26 12:33:25,570] [INFO] [ai_detector.logging.logger] - Precision: 0.8206 | Recall: 0.9454 | F1: 0.8786
[2026-05-26 12:33:27,240] [INFO] [ai_detector.logging.logger] - [TEST]  Accuracy: 0.9128 | Loss: 0.3019
[2026-05-26 12:33:27,240] [INFO] [ai_detector.logging.logger] - Precision: 0.9113 | Recall: 0.9826 | F1: 0.9456
[2026-05-26 12:33:27,549] [INFO] [ai_detector.logging.logger] - 
========================================
[2026-05-26 12:33:27,549] [INFO] [ai_detector.logging.logger] - TESTING Model 1
[2026-05-26 12:33:27,549] [INFO] [ai_detector.logging.logger] - ========================================
[2026-05-26 12:33:29,828] [INFO] [ai_detector.logging.logger] - [TEST]  Accuracy: 0.8600 | Loss: 0.3867
[2026-05-26 12:33:29,828] [INFO] [ai_detector.logging.logger] - Precision: 0.8871 | Recall: 0.9402 | F1: 0.9129
[2026-05-26 12:33:30,344] [INFO] [ai_detector.logging.logger] - ✓ Model 1 saved to artifacts/2026_05_26_12_29_37/model_trainer/model_1_custom_cnn.pth
[2026-05-26 12:33:47,701] [INFO] [ai_detector.logging.logger] - Logged model to model_1
[2026-05-26 12:33:47,861] [INFO] [ai_detector.logging.logger] - MLflow run ended
[2026-05-26 12:33:47,862] [INFO] [ai_detector.logging.logger] - ================================================================================
[2026-05-26 12:33:47,862] [INFO] [ai_detector.logging.logger] - Training Model 2 (EfficientNet B0)
[2026-05-26 12:33:47,862] [INFO] [ai_detector.logging.logger] - ================================================================================
[2026-05-26 12:33:47,862] [INFO] [ai_detector.logging.logger] - MLflow tracking URI: http://localhost:5000
[2026-05-26 12:33:47,925] [INFO] [ai_detector.logging.logger] - MLflow experiment: ai-vs-real-detector
[2026-05-26 12:33:48,231] [INFO] [ai_detector.logging.logger] - MLflow run started: model_2_efficientnet
[2026-05-26 12:33:48,763] [INFO] [ai_detector.logging.logger] - Logged 6 parameters
[2026-05-26 12:33:49,076] [INFO] [ai_detector.logging.logger] - 
======================================== Epoch 1/10 ========================================
[2026-05-26 12:34:05,956] [INFO] [ai_detector.logging.logger] - [TRAIN] Accuracy: 0.8506 | Loss: 0.3720
[2026-05-26 12:34:05,957] [INFO] [ai_detector.logging.logger] - Precision: 0.8971 | Recall: 0.9006 | F1: 0.8988
[2026-05-26 12:34:07,812] [INFO] [ai_detector.logging.logger] - [TEST]  Accuracy: 0.9262 | Loss: 0.2600
[2026-05-26 12:34:07,812] [INFO] [ai_detector.logging.logger] - Precision: 0.9194 | Recall: 0.9913 | F1: 0.9540
[2026-05-26 12:34:08,109] [INFO] [ai_detector.logging.logger] - 
======================================== Epoch 2/10 ========================================
[2026-05-26 12:34:25,346] [INFO] [ai_detector.logging.logger] - [TRAIN] Accuracy: 0.8793 | Loss: 0.2720
[2026-05-26 12:34:25,346] [INFO] [ai_detector.logging.logger] - Precision: 0.9214 | Recall: 0.9142 | F1: 0.9178
[2026-05-26 12:34:27,139] [INFO] [ai_detector.logging.logger] - [TEST]  Accuracy: 0.8322 | Loss: 0.2856
[2026-05-26 12:34:27,139] [INFO] [ai_detector.logging.logger] - Precision: 0.9891 | Recall: 0.7913 | F1: 0.8792
[2026-05-26 12:34:27,470] [INFO] [ai_detector.logging.logger] - 
======================================== Epoch 3/10 ========================================
[2026-05-26 12:34:44,713] [INFO] [ai_detector.logging.logger] - [TRAIN] Accuracy: 0.8649 | Loss: 0.3077
[2026-05-26 12:34:44,714] [INFO] [ai_detector.logging.logger] - Precision: 0.9116 | Recall: 0.9045 | F1: 0.9080
[2026-05-26 12:34:46,461] [INFO] [ai_detector.logging.logger] - [TEST]  Accuracy: 0.9463 | Loss: 0.1344
[2026-05-26 12:34:46,461] [INFO] [ai_detector.logging.logger] - Precision: 0.9496 | Recall: 0.9826 | F1: 0.9658
[2026-05-26 12:34:46,770] [INFO] [ai_detector.logging.logger] - 
======================================== Epoch 4/10 ========================================
[2026-05-26 12:35:14,863] [INFO] [ai_detector.logging.logger] - [TRAIN] Accuracy: 0.9181 | Loss: 0.2208
[2026-05-26 12:35:14,864] [INFO] [ai_detector.logging.logger] - Precision: 0.9471 | Recall: 0.9415 | F1: 0.9443
[2026-05-26 12:35:17,296] [INFO] [ai_detector.logging.logger] - [TEST]  Accuracy: 0.9530 | Loss: 0.1278
[2026-05-26 12:35:17,296] [INFO] [ai_detector.logging.logger] - Precision: 0.9500 | Recall: 0.9913 | F1: 0.9702
[2026-05-26 12:35:17,620] [INFO] [ai_detector.logging.logger] - 
======================================== Epoch 5/10 ========================================
[2026-05-26 12:35:48,734] [INFO] [ai_detector.logging.logger] - [TRAIN] Accuracy: 0.9037 | Loss: 0.2585
[2026-05-26 12:35:48,734] [INFO] [ai_detector.logging.logger] - Precision: 0.9256 | Recall: 0.9454 | F1: 0.9354
[2026-05-26 12:35:51,170] [INFO] [ai_detector.logging.logger] - [TEST]  Accuracy: 0.9262 | Loss: 0.1539
[2026-05-26 12:35:51,170] [INFO] [ai_detector.logging.logger] - Precision: 0.9727 | Recall: 0.9304 | F1: 0.9511
[2026-05-26 12:35:51,490] [INFO] [ai_detector.logging.logger] - 
======================================== Epoch 6/10 ========================================
[2026-05-26 12:36:22,633] [INFO] [ai_detector.logging.logger] - [TRAIN] Accuracy: 0.8951 | Loss: 0.2496
[2026-05-26 12:36:22,634] [INFO] [ai_detector.logging.logger] - Precision: 0.9247 | Recall: 0.9337 | F1: 0.9292
[2026-05-26 12:36:25,055] [INFO] [ai_detector.logging.logger] - [TEST]  Accuracy: 0.9329 | Loss: 0.1673
[2026-05-26 12:36:25,055] [INFO] [ai_detector.logging.logger] - Precision: 0.9730 | Recall: 0.9391 | F1: 0.9558
[2026-05-26 12:36:25,377] [INFO] [ai_detector.logging.logger] - 
======================================== Epoch 7/10 ========================================
[2026-05-26 12:36:56,530] [INFO] [ai_detector.logging.logger] - [TRAIN] Accuracy: 0.9296 | Loss: 0.1799
[2026-05-26 12:36:56,530] [INFO] [ai_detector.logging.logger] - Precision: 0.9479 | Recall: 0.9571 | F1: 0.9525
[2026-05-26 12:36:58,975] [INFO] [ai_detector.logging.logger] - [TEST]  Accuracy: 0.9664 | Loss: 0.0712
[2026-05-26 12:36:58,976] [INFO] [ai_detector.logging.logger] - Precision: 0.9825 | Recall: 0.9739 | F1: 0.9782
[2026-05-26 12:36:59,289] [INFO] [ai_detector.logging.logger] - 
======================================== Epoch 8/10 ========================================
[2026-05-26 12:37:30,607] [INFO] [ai_detector.logging.logger] - [TRAIN] Accuracy: 0.9167 | Loss: 0.2035
[2026-05-26 12:37:30,608] [INFO] [ai_detector.logging.logger] - Precision: 0.9400 | Recall: 0.9474 | F1: 0.9437
[2026-05-26 12:37:33,050] [INFO] [ai_detector.logging.logger] - [TEST]  Accuracy: 0.9664 | Loss: 0.0668
[2026-05-26 12:37:33,050] [INFO] [ai_detector.logging.logger] - Precision: 1.0000 | Recall: 0.9565 | F1: 0.9778
[2026-05-26 12:37:33,363] [INFO] [ai_detector.logging.logger] - 
======================================== Epoch 9/10 ========================================
[2026-05-26 12:38:04,565] [INFO] [ai_detector.logging.logger] - [TRAIN] Accuracy: 0.9167 | Loss: 0.2407
[2026-05-26 12:38:04,565] [INFO] [ai_detector.logging.logger] - Precision: 0.9367 | Recall: 0.9513 | F1: 0.9439
[2026-05-26 12:38:06,995] [INFO] [ai_detector.logging.logger] - [TEST]  Accuracy: 0.9933 | Loss: 0.0493
[2026-05-26 12:38:06,995] [INFO] [ai_detector.logging.logger] - Precision: 1.0000 | Recall: 0.9913 | F1: 0.9956
[2026-05-26 12:38:07,312] [INFO] [ai_detector.logging.logger] - 
======================================== Epoch 10/10 ========================================
[2026-05-26 12:38:38,348] [INFO] [ai_detector.logging.logger] - [TRAIN] Accuracy: 0.9353 | Loss: 0.1631
[2026-05-26 12:38:38,348] [INFO] [ai_detector.logging.logger] - Precision: 0.9570 | Recall: 0.9552 | F1: 0.9561
[2026-05-26 12:38:40,772] [INFO] [ai_detector.logging.logger] - [TEST]  Accuracy: 0.9530 | Loss: 0.0980
[2026-05-26 12:38:40,772] [INFO] [ai_detector.logging.logger] - Precision: 0.9909 | Recall: 0.9478 | F1: 0.9689
[2026-05-26 12:38:41,084] [INFO] [ai_detector.logging.logger] - 
========================================
[2026-05-26 12:38:41,084] [INFO] [ai_detector.logging.logger] - TESTING Model 2
[2026-05-26 12:38:41,084] [INFO] [ai_detector.logging.logger] - ========================================
[2026-05-26 12:38:43,187] [INFO] [ai_detector.logging.logger] - [TEST]  Accuracy: 0.9533 | Loss: 0.0890
[2026-05-26 12:38:43,187] [INFO] [ai_detector.logging.logger] - Precision: 0.9661 | Recall: 0.9744 | F1: 0.9702
[2026-05-26 12:38:44,351] [INFO] [ai_detector.logging.logger] - ✓ Model 2 saved to artifacts/2026_05_26_12_29_37/model_trainer/model_2_efficientnet.pth
[2026-05-26 12:38:59,791] [INFO] [ai_detector.logging.logger] - Logged model to model_2
[2026-05-26 12:38:59,963] [INFO] [ai_detector.logging.logger] - MLflow run ended
[2026-05-26 12:38:59,977] [INFO] [ai_detector.logging.logger] - ================================================================================
[2026-05-26 12:38:59,977] [INFO] [ai_detector.logging.logger] - Training Model 3 (ViT B-16)
[2026-05-26 12:38:59,977] [INFO] [ai_detector.logging.logger] - ================================================================================
[2026-05-26 12:38:59,977] [INFO] [ai_detector.logging.logger] - MLflow tracking URI: http://localhost:5000
[2026-05-26 12:39:00,038] [INFO] [ai_detector.logging.logger] - MLflow experiment: ai-vs-real-detector
[2026-05-26 12:39:00,356] [INFO] [ai_detector.logging.logger] - MLflow run started: model_3_vit
[2026-05-26 12:39:00,725] [INFO] [ai_detector.logging.logger] - Logged 5 parameters
[2026-05-26 12:39:03,085] [INFO] [ai_detector.logging.logger] - 
======================================== Epoch 1/10 ========================================
[2026-05-26 12:42:31,784] [INFO] [ai_detector.logging.logger] - [TRAIN] Accuracy: 0.7184 | Loss: 0.6808
[2026-05-26 12:42:31,785] [INFO] [ai_detector.logging.logger] - Precision: 0.7369 | Recall: 0.9610 | F1: 0.8342
[2026-05-26 12:42:46,100] [INFO] [ai_detector.logging.logger] - [TEST]  Accuracy: 0.7718 | Loss: 0.4855
[2026-05-26 12:42:46,100] [INFO] [ai_detector.logging.logger] - Precision: 0.7718 | Recall: 1.0000 | F1: 0.8712
[2026-05-26 12:42:46,415] [INFO] [ai_detector.logging.logger] - 
======================================== Epoch 2/10 ========================================
[2026-05-26 12:46:14,549] [INFO] [ai_detector.logging.logger] - [TRAIN] Accuracy: 0.7112 | Loss: 0.6551
[2026-05-26 12:46:14,558] [INFO] [ai_detector.logging.logger] - Precision: 0.7415 | Recall: 0.9337 | F1: 0.8266
[2026-05-26 12:46:28,813] [INFO] [ai_detector.logging.logger] - [TEST]  Accuracy: 0.7718 | Loss: 0.6373
[2026-05-26 12:46:28,813] [INFO] [ai_detector.logging.logger] - Precision: 0.7718 | Recall: 1.0000 | F1: 0.8712
[2026-05-26 12:46:29,124] [INFO] [ai_detector.logging.logger] - 
======================================== Epoch 3/10 ========================================
[2026-05-26 12:49:57,214] [INFO] [ai_detector.logging.logger] - [TRAIN] Accuracy: 0.7011 | Loss: 0.5998
[2026-05-26 12:49:57,223] [INFO] [ai_detector.logging.logger] - Precision: 0.7417 | Recall: 0.9123 | F1: 0.8182
[2026-05-26 12:50:11,518] [INFO] [ai_detector.logging.logger] - [TEST]  Accuracy: 0.7383 | Loss: 0.6490
[2026-05-26 12:50:11,518] [INFO] [ai_detector.logging.logger] - Precision: 0.8065 | Recall: 0.8696 | F1: 0.8368
[2026-05-26 12:50:11,825] [INFO] [ai_detector.logging.logger] - 
======================================== Epoch 4/10 ========================================
[2026-05-26 12:53:39,936] [INFO] [ai_detector.logging.logger] - [TRAIN] Accuracy: 0.7155 | Loss: 0.5933
[2026-05-26 12:53:39,944] [INFO] [ai_detector.logging.logger] - Precision: 0.7512 | Recall: 0.9181 | F1: 0.8263
[2026-05-26 12:53:54,177] [INFO] [ai_detector.logging.logger] - [TEST]  Accuracy: 0.7718 | Loss: 0.5008
[2026-05-26 12:53:54,177] [INFO] [ai_detector.logging.logger] - Precision: 0.7718 | Recall: 1.0000 | F1: 0.8712
[2026-05-26 12:53:54,494] [INFO] [ai_detector.logging.logger] - 
======================================== Epoch 5/10 ========================================
[2026-05-26 12:57:22,477] [INFO] [ai_detector.logging.logger] - [TRAIN] Accuracy: 0.7256 | Loss: 0.5841
[2026-05-26 12:57:22,485] [INFO] [ai_detector.logging.logger] - Precision: 0.7347 | Recall: 0.9825 | F1: 0.8407
[2026-05-26 12:57:36,827] [INFO] [ai_detector.logging.logger] - [TEST]  Accuracy: 0.7718 | Loss: 0.5529
[2026-05-26 12:57:36,827] [INFO] [ai_detector.logging.logger] - Precision: 0.7718 | Recall: 1.0000 | F1: 0.8712
[2026-05-26 12:57:37,143] [INFO] [ai_detector.logging.logger] - 
======================================== Epoch 6/10 ========================================
[2026-05-26 13:01:05,301] [INFO] [ai_detector.logging.logger] - [TRAIN] Accuracy: 0.7356 | Loss: 0.5895
[2026-05-26 13:01:05,310] [INFO] [ai_detector.logging.logger] - Precision: 0.7367 | Recall: 0.9981 | F1: 0.8477
[2026-05-26 13:01:19,496] [INFO] [ai_detector.logging.logger] - [TEST]  Accuracy: 0.7718 | Loss: 0.5576
[2026-05-26 13:01:19,496] [INFO] [ai_detector.logging.logger] - Precision: 0.7718 | Recall: 1.0000 | F1: 0.8712
[2026-05-26 13:01:19,796] [INFO] [ai_detector.logging.logger] - 
======================================== Epoch 7/10 ========================================
[2026-05-26 13:04:47,912] [INFO] [ai_detector.logging.logger] - [TRAIN] Accuracy: 0.7356 | Loss: 0.6056
[2026-05-26 13:04:47,921] [INFO] [ai_detector.logging.logger] - Precision: 0.7367 | Recall: 0.9981 | F1: 0.8477
[2026-05-26 13:05:02,182] [INFO] [ai_detector.logging.logger] - [TEST]  Accuracy: 0.7718 | Loss: 0.5563
[2026-05-26 13:05:02,182] [INFO] [ai_detector.logging.logger] - Precision: 0.7718 | Recall: 1.0000 | F1: 0.8712
[2026-05-26 13:05:02,492] [INFO] [ai_detector.logging.logger] - 
======================================== Epoch 8/10 ========================================
[2026-05-26 13:08:30,505] [INFO] [ai_detector.logging.logger] - [TRAIN] Accuracy: 0.7313 | Loss: 0.5705
[2026-05-26 13:08:30,505] [INFO] [ai_detector.logging.logger] - Precision: 0.7462 | Recall: 0.9630 | F1: 0.8409
[2026-05-26 13:08:44,804] [INFO] [ai_detector.logging.logger] - [TEST]  Accuracy: 0.7651 | Loss: 0.5128
[2026-05-26 13:08:44,804] [INFO] [ai_detector.logging.logger] - Precision: 0.7703 | Recall: 0.9913 | F1: 0.8669
[2026-05-26 13:08:45,119] [INFO] [ai_detector.logging.logger] - 
======================================== Epoch 9/10 ========================================
[2026-05-26 13:12:12,936] [INFO] [ai_detector.logging.logger] - [TRAIN] Accuracy: 0.7198 | Loss: 0.5599
[2026-05-26 13:12:12,945] [INFO] [ai_detector.logging.logger] - Precision: 0.7409 | Recall: 0.9532 | F1: 0.8338
[2026-05-26 13:12:27,359] [INFO] [ai_detector.logging.logger] - [TEST]  Accuracy: 0.7718 | Loss: 0.5212
[2026-05-26 13:12:27,359] [INFO] [ai_detector.logging.logger] - Precision: 0.7718 | Recall: 1.0000 | F1: 0.8712
[2026-05-26 13:12:27,690] [INFO] [ai_detector.logging.logger] - 
======================================== Epoch 10/10 ========================================
[2026-05-26 13:15:55,819] [INFO] [ai_detector.logging.logger] - [TRAIN] Accuracy: 0.7270 | Loss: 0.5458
[2026-05-26 13:15:55,819] [INFO] [ai_detector.logging.logger] - Precision: 0.7358 | Recall: 0.9825 | F1: 0.8414
[2026-05-26 13:16:10,083] [INFO] [ai_detector.logging.logger] - [TEST]  Accuracy: 0.7718 | Loss: 0.4762
[2026-05-26 13:16:10,083] [INFO] [ai_detector.logging.logger] - Precision: 0.7718 | Recall: 1.0000 | F1: 0.8712
[2026-05-26 13:16:10,403] [INFO] [ai_detector.logging.logger] - 
========================================
[2026-05-26 13:16:10,403] [INFO] [ai_detector.logging.logger] - TESTING Model 3
[2026-05-26 13:16:10,403] [INFO] [ai_detector.logging.logger] - ========================================
[2026-05-26 13:16:24,304] [INFO] [ai_detector.logging.logger] - [TEST]  Accuracy: 0.7800 | Loss: 0.4995
[2026-05-26 13:16:24,304] [INFO] [ai_detector.logging.logger] - Precision: 0.7800 | Recall: 1.0000 | F1: 0.8764
[2026-05-26 13:16:25,330] [INFO] [ai_detector.logging.logger] - ✓ Model 3 saved to artifacts/2026_05_26_12_29_37/model_trainer/model_3_vit.pth
[2026-05-26 13:16:47,082] [INFO] [ai_detector.logging.logger] - Logged model to model_3
[2026-05-26 13:16:47,208] [INFO] [ai_detector.logging.logger] - MLflow run ended
[2026-05-26 13:16:49,740] [INFO] [ai_detector.logging.logger] - ================================================================================
[2026-05-26 13:16:49,740] [INFO] [ai_detector.logging.logger] - Training Model 4 (Hybrid Fusion)
[2026-05-26 13:16:49,740] [INFO] [ai_detector.logging.logger] - ================================================================================
[2026-05-26 13:16:49,740] [INFO] [ai_detector.logging.logger] - MLflow tracking URI: http://localhost:5000
[2026-05-26 13:16:49,751] [INFO] [ai_detector.logging.logger] - MLflow experiment: ai-vs-real-detector
[2026-05-26 13:16:50,034] [INFO] [ai_detector.logging.logger] - MLflow run started: model_4_hybrid
[2026-05-26 13:16:50,594] [INFO] [ai_detector.logging.logger] - Logged 8 parameters
[2026-05-26 13:16:50,631] [INFO] [ai_detector.logging.logger] - 
======================================== Epoch 1/10 ========================================
[2026-05-26 13:21:16,723] [INFO] [ai_detector.logging.logger] - [TRAIN] Accuracy: 0.8951 | Loss: 0.2959
[2026-05-26 13:21:16,723] [INFO] [ai_detector.logging.logger] - Precision: 0.9264 | Recall: 0.9318 | F1: 0.9291
[2026-05-26 13:21:32,680] [INFO] [ai_detector.logging.logger] - [TEST]  Accuracy: 0.9597 | Loss: 0.0941
[2026-05-26 13:21:32,681] [INFO] [ai_detector.logging.logger] - Precision: 0.9658 | Recall: 0.9826 | F1: 0.9741
[2026-05-26 13:21:32,993] [INFO] [ai_detector.logging.logger] - 
======================================== Epoch 2/10 ========================================
