[2026-05-22 16:56:41,702] [INFO] [ai_detector.logging.logger] - Logginng initialized. Logs will be Saved to: logs/2026_05_22_16_%NM_41.log
[2026-05-22 16:56:41,996] [INFO] [ai_detector.logging.logger] - 🚀 Starting FastAPI application...
[2026-05-22 16:56:41,996] [INFO] [ai_detector.logging.logger] - Using device: cuda
[2026-05-22 16:56:41,996] [INFO] [ai_detector.logging.logger] - Loading all 4 models...
[2026-05-22 16:56:41,996] [INFO] [ai_detector.logging.logger] - ModelLoader initialized on device: cuda
[2026-05-22 16:56:41,996] [INFO] [ai_detector.logging.logger] - Loading all 4 models...
[2026-05-22 16:56:41,996] [INFO] [ai_detector.logging.logger] - Loading Model 1 (Custom CNN) from models/model_tiny_vgg_cnn.pth...
[2026-05-22 16:56:42,285] [INFO] [ai_detector.logging.logger] - ✓ Model 1 loaded successfully
[2026-05-22 16:56:42,285] [INFO] [ai_detector.logging.logger] - Loading Model 2 (EfficientNet B0) from models/model_1_resnet_b0.pth...
[2026-05-22 16:56:42,474] [INFO] [ai_detector.logging.logger] - ✓ Model 2 loaded successfully
[2026-05-22 16:56:42,474] [INFO] [ai_detector.logging.logger] - Loading Model 3 (ViT B-16) from models/model_2_ViT_b16.pth...
[2026-05-22 16:56:44,139] [INFO] [ai_detector.logging.logger] - ✓ Model 3 loaded successfully
[2026-05-22 16:56:44,140] [INFO] [ai_detector.logging.logger] - Loading Model 4 (Hybrid) from models/model_3_Hybrid.pth...
[2026-05-22 16:56:44,545] [INFO] [ai_detector.logging.logger] - ✓ Model 4 loaded successfully
[2026-05-22 16:56:44,546] [INFO] [ai_detector.logging.logger] - ✓ All 4 models loaded successfully
[2026-05-22 16:56:44,546] [INFO] [ai_detector.logging.logger] - ✅ All models loaded successfully!
[2026-05-22 16:56:44,546] [INFO] [ai_detector.logging.logger] - 🌐 FastAPI server ready at http://localhost:8000
[2026-05-22 16:56:44,546] [INFO] [ai_detector.logging.logger] - 📚 Docs at http://localhost:8000/docs
[2026-05-22 16:56:44,547] [INFO] [ai_detector.logging.logger] - GPU Memory - Total: 3.90GB | Allocated: 0.42GB | Free: 3.48GB | Used: 10.8%
[2026-05-22 16:57:05,529] [INFO] [ai_detector.logging.logger] - Processing image: AI_Generated_Image.png
[2026-05-22 16:57:05,529] [INFO] [ai_detector.logging.logger] -   Predicting with model_1...
[2026-05-22 16:57:06,367] [INFO] [ai_detector.logging.logger] -   Predicting with model_2...
[2026-05-22 16:57:06,630] [INFO] [ai_detector.logging.logger] -   Predicting with model_3...
[2026-05-22 16:57:06,770] [INFO] [ai_detector.logging.logger] -   Predicting with model_4...
[2026-05-22 16:57:06,848] [INFO] [ai_detector.logging.logger] - ✓ Processing complete in 1.33s
[2026-05-22 17:03:10,284] [INFO] [ai_detector.logging.logger] - Processing image: Tanya-kebab.jpeg
[2026-05-22 17:03:10,286] [INFO] [ai_detector.logging.logger] -   Predicting with model_1...
[2026-05-22 17:03:10,543] [INFO] [ai_detector.logging.logger] -   Predicting with model_2...
[2026-05-22 17:03:10,578] [INFO] [ai_detector.logging.logger] -   Predicting with model_3...
[2026-05-22 17:03:10,648] [INFO] [ai_detector.logging.logger] -   Predicting with model_4...
[2026-05-22 17:03:10,704] [INFO] [ai_detector.logging.logger] - ✓ Processing complete in 0.42s
[2026-05-22 17:04:05,570] [INFO] [ai_detector.logging.logger] - Processing image: Photo from 2026-05-22 17-03-41.146410.jpeg
[2026-05-22 17:04:05,570] [INFO] [ai_detector.logging.logger] -   Predicting with model_1...
[2026-05-22 17:04:05,597] [INFO] [ai_detector.logging.logger] -   Predicting with model_2...
[2026-05-22 17:04:05,610] [INFO] [ai_detector.logging.logger] -   Predicting with model_3...
[2026-05-22 17:04:05,655] [INFO] [ai_detector.logging.logger] -   Predicting with model_4...
[2026-05-22 17:04:05,707] [INFO] [ai_detector.logging.logger] - ✓ Processing complete in 0.16s
