[2026-06-19 19:14:28,497] [INFO] [ai_detector.logging.logger] - Logginng initialized. Logs will be Saved to: logs/2026_06_19_19_%NM_28.log
[2026-06-19 19:14:28,984] [INFO] [ai_detector.logging.logger] - 🚀 Starting FastAPI application...
[2026-06-19 19:14:28,984] [INFO] [ai_detector.logging.logger] - Using device: cuda
[2026-06-19 19:14:28,984] [INFO] [ai_detector.logging.logger] - Loading all 4 models...
[2026-06-19 19:14:28,984] [INFO] [ai_detector.logging.logger] - ModelLoader initialized on device: cuda
[2026-06-19 19:14:28,984] [INFO] [ai_detector.logging.logger] - Loading all 4 models...
[2026-06-19 19:14:28,984] [INFO] [ai_detector.logging.logger] - Loading Model 1 (Custom CNN) from models/model_tiny_vgg_cnn.pth...
[2026-06-19 19:14:29,183] [INFO] [ai_detector.logging.logger] - ✓ Model 1 loaded successfully
[2026-06-19 19:14:29,183] [INFO] [ai_detector.logging.logger] - Loading Model 2 (EfficientNet B0) from models/model_1_resnet_b0.pth...
[2026-06-19 19:14:29,499] [INFO] [ai_detector.logging.logger] - ✓ Model 2 loaded successfully
[2026-06-19 19:14:29,500] [INFO] [ai_detector.logging.logger] - Loading Model 3 (ViT B-16) from models/model_2_ViT_b16.pth...
[2026-06-19 19:14:31,750] [INFO] [ai_detector.logging.logger] - ✓ Model 3 loaded successfully
[2026-06-19 19:14:31,751] [INFO] [ai_detector.logging.logger] - Loading Model 4 (Hybrid) from models/model_3_Hybrid.pth...
[2026-06-19 19:14:32,256] [INFO] [ai_detector.logging.logger] - ✓ Model 4 loaded successfully
[2026-06-19 19:14:32,257] [INFO] [ai_detector.logging.logger] - ✓ All 4 models loaded successfully
[2026-06-19 19:14:32,257] [INFO] [ai_detector.logging.logger] - ✅ All models loaded successfully!
[2026-06-19 19:14:32,257] [INFO] [ai_detector.logging.logger] - 🌐 FastAPI server ready at http://localhost:8000
[2026-06-19 19:14:32,257] [INFO] [ai_detector.logging.logger] - 📚 Docs at http://localhost:8000/docs
[2026-06-19 19:14:32,258] [INFO] [ai_detector.logging.logger] - GPU Memory - Total: 3.90GB | Allocated: 0.37GB | Free: 3.53GB | Used: 9.5%
[2026-06-19 19:14:55,721] [INFO] [ai_detector.logging.logger] - Processing image: WhatsApp Image 2026-06-17 at 10.46.37 PM.jpeg
[2026-06-19 19:14:55,721] [INFO] [ai_detector.logging.logger] -   Predicting with model_1...
[2026-06-19 19:14:56,542] [INFO] [ai_detector.logging.logger] -   Predicting with model_2...
[2026-06-19 19:14:56,754] [INFO] [ai_detector.logging.logger] -   Predicting with model_3...
[2026-06-19 19:14:56,942] [INFO] [ai_detector.logging.logger] -   Predicting with model_4...
[2026-06-19 19:14:57,075] [INFO] [ai_detector.logging.logger] - ✓ Processing complete in 1.38s
[2026-06-19 19:15:07,960] [INFO] [ai_detector.logging.logger] - Processing image: WhatsApp Image 2026-06-17 at 10.46.36 PM (2).jpeg
[2026-06-19 19:15:07,961] [INFO] [ai_detector.logging.logger] -   Predicting with model_1...
[2026-06-19 19:15:08,006] [INFO] [ai_detector.logging.logger] -   Predicting with model_2...
[2026-06-19 19:15:08,037] [INFO] [ai_detector.logging.logger] -   Predicting with model_3...
[2026-06-19 19:15:08,103] [INFO] [ai_detector.logging.logger] -   Predicting with model_4...
[2026-06-19 19:15:08,174] [INFO] [ai_detector.logging.logger] - ✓ Processing complete in 0.21s
[2026-06-19 19:15:15,888] [INFO] [ai_detector.logging.logger] - Processing image: WhatsApp Image 2026-06-17 at 10.46.36 PM (1).jpeg
[2026-06-19 19:15:15,889] [INFO] [ai_detector.logging.logger] -   Predicting with model_1...
[2026-06-19 19:15:15,913] [INFO] [ai_detector.logging.logger] -   Predicting with model_2...
[2026-06-19 19:15:15,938] [INFO] [ai_detector.logging.logger] -   Predicting with model_3...
[2026-06-19 19:15:15,997] [INFO] [ai_detector.logging.logger] -   Predicting with model_4...
[2026-06-19 19:15:16,066] [INFO] [ai_detector.logging.logger] - ✓ Processing complete in 0.18s
[2026-06-19 19:15:29,131] [INFO] [ai_detector.logging.logger] - Processing image: WhatsApp Image 2026-06-17 at 10.46.36 PM.jpeg
[2026-06-19 19:15:29,131] [INFO] [ai_detector.logging.logger] -   Predicting with model_1...
[2026-06-19 19:15:29,167] [INFO] [ai_detector.logging.logger] -   Predicting with model_2...
[2026-06-19 19:15:29,204] [INFO] [ai_detector.logging.logger] -   Predicting with model_3...
[2026-06-19 19:15:29,271] [INFO] [ai_detector.logging.logger] -   Predicting with model_4...
[2026-06-19 19:15:29,353] [INFO] [ai_detector.logging.logger] - ✓ Processing complete in 0.22s
[2026-06-19 19:15:36,154] [INFO] [ai_detector.logging.logger] - Processing image: WhatsApp Image 2026-06-17 at 10.46.35 PM (2).jpeg
[2026-06-19 19:15:36,154] [INFO] [ai_detector.logging.logger] -   Predicting with model_1...
[2026-06-19 19:15:36,343] [INFO] [ai_detector.logging.logger] -   Predicting with model_2...
[2026-06-19 19:15:36,451] [INFO] [ai_detector.logging.logger] -   Predicting with model_3...
[2026-06-19 19:15:36,590] [INFO] [ai_detector.logging.logger] -   Predicting with model_4...
[2026-06-19 19:15:36,731] [INFO] [ai_detector.logging.logger] - ✓ Processing complete in 0.58s
[2026-06-19 19:15:43,919] [INFO] [ai_detector.logging.logger] - Processing image: WhatsApp Image 2026-06-17 at 10.46.35 PM (1).jpeg
[2026-06-19 19:15:43,919] [INFO] [ai_detector.logging.logger] -   Predicting with model_1...
[2026-06-19 19:15:44,208] [INFO] [ai_detector.logging.logger] -   Predicting with model_2...
[2026-06-19 19:15:44,404] [INFO] [ai_detector.logging.logger] -   Predicting with model_3...
[2026-06-19 19:15:44,625] [INFO] [ai_detector.logging.logger] -   Predicting with model_4...
[2026-06-19 19:15:44,840] [INFO] [ai_detector.logging.logger] - ✓ Processing complete in 0.92s
[2026-06-19 19:15:52,511] [INFO] [ai_detector.logging.logger] - Processing image: WhatsApp Image 2026-06-17 at 10.46.35 PM.jpeg
[2026-06-19 19:15:52,511] [INFO] [ai_detector.logging.logger] -   Predicting with model_1...
[2026-06-19 19:15:52,564] [INFO] [ai_detector.logging.logger] -   Predicting with model_2...
[2026-06-19 19:15:52,598] [INFO] [ai_detector.logging.logger] -   Predicting with model_3...
[2026-06-19 19:15:52,665] [INFO] [ai_detector.logging.logger] -   Predicting with model_4...
[2026-06-19 19:15:52,755] [INFO] [ai_detector.logging.logger] - ✓ Processing complete in 0.24s
[2026-06-19 19:16:09,834] [INFO] [ai_detector.logging.logger] - Processing image: Photo from 2026-05-22 17-03-41.146410.jpeg
[2026-06-19 19:16:09,834] [INFO] [ai_detector.logging.logger] -   Predicting with model_1...
[2026-06-19 19:16:09,878] [INFO] [ai_detector.logging.logger] -   Predicting with model_2...
[2026-06-19 19:16:09,916] [INFO] [ai_detector.logging.logger] -   Predicting with model_3...
[2026-06-19 19:16:09,981] [INFO] [ai_detector.logging.logger] -   Predicting with model_4...
[2026-06-19 19:16:10,064] [INFO] [ai_detector.logging.logger] - ✓ Processing complete in 0.24s
[2026-06-19 19:20:11,284] [INFO] [ai_detector.logging.logger] - Shutting down FastAPI application...
