[2026-05-25 04:10:09,918] [INFO] [ai_detector.logging.logger] - Logginng initialized. Logs will be Saved to: logs/2026_05_25_04_%NM_09.log
[2026-05-25 04:10:10,242] [INFO] [ai_detector.logging.logger] - 🚀 Starting FastAPI application...
[2026-05-25 04:10:10,242] [INFO] [ai_detector.logging.logger] - Using device: cuda
[2026-05-25 04:10:10,242] [INFO] [ai_detector.logging.logger] - Loading all 4 models...
[2026-05-25 04:10:10,242] [INFO] [ai_detector.logging.logger] - ModelLoader initialized on device: cuda
[2026-05-25 04:10:10,242] [INFO] [ai_detector.logging.logger] - Loading all 4 models...
[2026-05-25 04:10:10,242] [INFO] [ai_detector.logging.logger] - Loading Model 1 (Custom CNN) from models/model_tiny_vgg_cnn.pth...
[2026-05-25 04:10:10,594] [INFO] [ai_detector.logging.logger] - ✓ Model 1 loaded successfully
[2026-05-25 04:10:10,594] [INFO] [ai_detector.logging.logger] - Loading Model 2 (EfficientNet B0) from models/model_1_resnet_b0.pth...
[2026-05-25 04:10:10,803] [INFO] [ai_detector.logging.logger] - ✓ Model 2 loaded successfully
[2026-05-25 04:10:10,804] [INFO] [ai_detector.logging.logger] - Loading Model 3 (ViT B-16) from models/model_2_ViT_b16.pth...
[2026-05-25 04:10:12,489] [INFO] [ai_detector.logging.logger] - ✓ Model 3 loaded successfully
[2026-05-25 04:10:12,489] [INFO] [ai_detector.logging.logger] - Loading Model 4 (Hybrid) from models/model_3_Hybrid.pth...
[2026-05-25 04:10:13,009] [INFO] [ai_detector.logging.logger] - ✓ Model 4 loaded successfully
[2026-05-25 04:10:13,010] [INFO] [ai_detector.logging.logger] - ✓ All 4 models loaded successfully
[2026-05-25 04:10:13,010] [INFO] [ai_detector.logging.logger] - ✅ All models loaded successfully!
[2026-05-25 04:10:13,010] [INFO] [ai_detector.logging.logger] - 🌐 FastAPI server ready at http://localhost:8000
[2026-05-25 04:10:13,010] [INFO] [ai_detector.logging.logger] - 📚 Docs at http://localhost:8000/docs
[2026-05-25 04:10:13,010] [INFO] [ai_detector.logging.logger] - GPU Memory - Total: 3.90GB | Allocated: 0.42GB | Free: 3.48GB | Used: 10.8%
[2026-05-25 04:10:18,923] [INFO] [ai_detector.logging.logger] - Shutting down FastAPI application...
