[2026-06-19 19:19:20,976] [INFO] [ai_detector.logging.logger] - Logginng initialized. Logs will be Saved to: logs/2026_06_19_19_%NM_20.log
[2026-06-19 19:19:31,055] [INFO] [ai_detector.logging.logger] - Initializing GPU memory management...
[2026-06-19 19:19:31,059] [INFO] [ai_detector.logging.logger] - ✓ GPU memory cleared and optimized
[2026-06-19 19:19:31,060] [INFO] [ai_detector.logging.logger] - ✓ Using GPU: NVIDIA GeForce GTX 1650 (3.90 GB)
[2026-06-19 19:19:31,060] [INFO] [ai_detector.logging.logger] - GPU Memory - Total: 3.90GB | Allocated: 0.00GB | Free: 3.90GB | Used: 0.0%
[2026-06-19 19:19:31,060] [INFO] [ai_detector.logging.logger] - Starting training...
[2026-06-19 19:19:31,060] [INFO] [ai_detector.logging.logger] - TrainingPipeline initialized
[2026-06-19 19:19:31,061] [INFO] [ai_detector.logging.logger] - Artifact directory: artifacts/2026_06_19_19_19_31
[2026-06-19 19:19:31,061] [INFO] [ai_detector.logging.logger] - 


[2026-06-19 19:19:31,061] [INFO] [ai_detector.logging.logger] - ============================================================================
[2026-06-19 19:19:31,061] [INFO] [ai_detector.logging.logger] -  STARTING COMPLETE TRAINING PIPELINE
[2026-06-19 19:19:31,061] [INFO] [ai_detector.logging.logger] - ============================================================================
[2026-06-19 19:19:31,061] [INFO] [ai_detector.logging.logger] - 
================================================================================
[2026-06-19 19:19:31,061] [INFO] [ai_detector.logging.logger] - STEP 1: DATA INGESTION
[2026-06-19 19:19:31,061] [INFO] [ai_detector.logging.logger] - ================================================================================
[2026-06-19 19:19:31,061] [INFO] [ai_detector.logging.logger] - DataIngestion Initialized
[2026-06-19 19:19:31,061] [INFO] [ai_detector.logging.logger] - Starting DataIngestion
[2026-06-19 19:19:31,062] [INFO] [ai_detector.logging.logger] - Loading dataset from image_data
[2026-06-19 19:19:31,064] [INFO] [ai_detector.logging.logger] - Classes: {'Ai_generated_dataset': 0, 'real_dataset': 1}
[2026-06-19 19:19:31,069] [INFO] [ai_detector.logging.logger] - Total: 995 | Train: 696 | Val: 149 | Test: 150
[2026-06-19 19:19:31,070] [INFO] [ai_detector.logging.logger] - Dataset split complete - Train: 696, Val: 149, Test: 150
[2026-06-19 19:19:31,070] [INFO] [ai_detector.logging.logger] - Leakage Removed
[2026-06-19 19:19:31,070] [INFO] [ai_detector.logging.logger] - ✓ Data Ingestion complete
[2026-06-19 19:19:31,070] [INFO] [ai_detector.logging.logger] - 
================================================================================
[2026-06-19 19:19:31,070] [INFO] [ai_detector.logging.logger] - STEP 2: DATA VALIDATION
[2026-06-19 19:19:31,070] [INFO] [ai_detector.logging.logger] - ================================================================================
[2026-06-19 19:19:31,070] [INFO] [ai_detector.logging.logger] - DataValidation Initialized
[2026-06-19 19:19:31,070] [INFO] [ai_detector.logging.logger] - Starting Data Validation
[2026-06-19 19:19:31,070] [INFO] [ai_detector.logging.logger] - Validating datasets...
[2026-06-19 19:19:31,071] [INFO] [ai_detector.logging.logger] - Validation Passed: Train=696, val=149, test=150
[2026-06-19 19:19:31,071] [INFO] [ai_detector.logging.logger] - DataValidation Complete
[2026-06-19 19:19:31,071] [INFO] [ai_detector.logging.logger] - ✓ Data Validation complete
[2026-06-19 19:19:31,071] [INFO] [ai_detector.logging.logger] - 
================================================================================
[2026-06-19 19:19:31,071] [INFO] [ai_detector.logging.logger] - STEP 3: DATA TRANSFORMATION
[2026-06-19 19:19:31,071] [INFO] [ai_detector.logging.logger] - ================================================================================
[2026-06-19 19:19:31,071] [INFO] [ai_detector.logging.logger] - DataTransformation initialized
[2026-06-19 19:19:31,071] [INFO] [ai_detector.logging.logger] - Starting DataTransformation
[2026-06-19 19:19:31,071] [INFO] [ai_detector.logging.logger] - Creating DataLoaders with transforms per split...
[2026-06-19 19:19:31,071] [INFO] [ai_detector.logging.logger] - Creating loaders for model_1 and model_2...
[2026-06-19 19:19:31,075] [INFO] [ai_detector.logging.logger] - ✓ Created loaders for model_1 and model_2
[2026-06-19 19:19:31,075] [INFO] [ai_detector.logging.logger] - Creating loaders for model_3 and model_4...
[2026-06-19 19:19:31,075] [INFO] [ai_detector.logging.logger] - ✓ Created loaders for model_3 and model_4
[2026-06-19 19:19:31,076] [INFO] [ai_detector.logging.logger] - DataTransformation completed - No data leakage! (Hopefully LMAO)
[2026-06-19 19:19:31,076] [INFO] [ai_detector.logging.logger] - ✓ Data Transformation complete
[2026-06-19 19:19:31,076] [INFO] [ai_detector.logging.logger] - 
================================================================================
[2026-06-19 19:19:31,076] [INFO] [ai_detector.logging.logger] - STEP 5: MODEL EVALUATION
[2026-06-19 19:19:31,076] [INFO] [ai_detector.logging.logger] - ================================================================================
[2026-06-19 19:19:31,076] [INFO] [ai_detector.logging.logger] - Loading models for evaluation...
[2026-06-19 19:19:31,076] [INFO] [ai_detector.logging.logger] - ModelLoader initialized on device: cuda
[2026-06-19 19:19:31,076] [INFO] [ai_detector.logging.logger] - Loading all 4 models...
[2026-06-19 19:19:31,077] [INFO] [ai_detector.logging.logger] - Loading Model 1 (Custom CNN) from models/model_tiny_vgg_cnn.pth...
[2026-06-19 19:19:31,333] [INFO] [ai_detector.logging.logger] - ✓ Model 1 loaded successfully
[2026-06-19 19:19:31,334] [INFO] [ai_detector.logging.logger] - Loading Model 2 (EfficientNet B0) from models/model_1_resnet_b0.pth...
[2026-06-19 19:19:31,600] [INFO] [ai_detector.logging.logger] - ✓ Model 2 loaded successfully
[2026-06-19 19:19:31,600] [INFO] [ai_detector.logging.logger] - Loading Model 3 (ViT B-16) from models/model_2_ViT_b16.pth...
[2026-06-19 19:19:34,084] [INFO] [ai_detector.logging.logger] - ✓ Model 3 loaded successfully
[2026-06-19 19:19:34,084] [INFO] [ai_detector.logging.logger] - Loading Model 4 (Hybrid) from models/model_3_Hybrid.pth...
[2026-06-19 19:19:34,689] [INFO] [ai_detector.logging.logger] - ✓ Model 4 loaded successfully
[2026-06-19 19:19:34,690] [INFO] [ai_detector.logging.logger] - ✓ All 4 models loaded successfully
[2026-06-19 19:19:34,690] [INFO] [ai_detector.logging.logger] - ✓ ModelEvaluator initialized
[2026-06-19 19:19:34,690] [INFO] [ai_detector.logging.logger] - 
========================================
[2026-06-19 19:19:34,690] [INFO] [ai_detector.logging.logger] - STARTING MODEL EVALUATION
[2026-06-19 19:19:34,690] [INFO] [ai_detector.logging.logger] - ========================================
[2026-06-19 19:19:34,691] [INFO] [ai_detector.logging.logger] - MLflow tracking URI: http://localhost:5000
[2026-06-19 19:19:35,735] [INFO] [ai_detector.logging.logger] - MLflow experiment: ai-vs-real-detector
[2026-06-19 19:19:36,057] [INFO] [ai_detector.logging.logger] - MLflow run started: model_evaluation
[2026-06-19 19:19:36,057] [INFO] [ai_detector.logging.logger] - 
================================================================================
[2026-06-19 19:19:36,057] [INFO] [ai_detector.logging.logger] - EVALUATING ALL 4 MODELS ON TEST SET
[2026-06-19 19:19:36,057] [INFO] [ai_detector.logging.logger] - ================================================================================
[2026-06-19 19:19:36,057] [INFO] [ai_detector.logging.logger] - 
Evaluating model_1...
[2026-06-19 19:19:44,853] [INFO] [ai_detector.logging.logger] - ✓ model_1 Evaluation Complete
[2026-06-19 19:19:44,853] [INFO] [ai_detector.logging.logger] -   Accuracy: 0.7800
[2026-06-19 19:19:44,853] [INFO] [ai_detector.logging.logger] -   Precision: 0.7800
[2026-06-19 19:19:44,853] [INFO] [ai_detector.logging.logger] -   Recall: 1.0000
[2026-06-19 19:19:44,853] [INFO] [ai_detector.logging.logger] -   F1: 0.8764
[2026-06-19 19:19:44,853] [INFO] [ai_detector.logging.logger] -   ROC-AUC: 0.8529
[2026-06-19 19:19:44,853] [INFO] [ai_detector.logging.logger] - 
Evaluating model_2...
[2026-06-19 19:19:46,689] [INFO] [ai_detector.logging.logger] - ✓ model_2 Evaluation Complete
[2026-06-19 19:19:46,690] [INFO] [ai_detector.logging.logger] -   Accuracy: 0.8933
[2026-06-19 19:19:46,690] [INFO] [ai_detector.logging.logger] -   Precision: 0.8915
[2026-06-19 19:19:46,690] [INFO] [ai_detector.logging.logger] -   Recall: 0.9829
[2026-06-19 19:19:46,690] [INFO] [ai_detector.logging.logger] -   F1: 0.9350
[2026-06-19 19:19:46,690] [INFO] [ai_detector.logging.logger] -   ROC-AUC: 0.9466
[2026-06-19 19:19:46,690] [INFO] [ai_detector.logging.logger] - 
Evaluating model_3...
[2026-06-19 19:19:52,681] [INFO] [ai_detector.logging.logger] - ✓ model_3 Evaluation Complete
[2026-06-19 19:19:52,681] [INFO] [ai_detector.logging.logger] -   Accuracy: 0.6267
[2026-06-19 19:19:52,681] [INFO] [ai_detector.logging.logger] -   Precision: 1.0000
[2026-06-19 19:19:52,681] [INFO] [ai_detector.logging.logger] -   Recall: 0.5214
[2026-06-19 19:19:52,682] [INFO] [ai_detector.logging.logger] -   F1: 0.6854
[2026-06-19 19:19:52,682] [INFO] [ai_detector.logging.logger] -   ROC-AUC: 0.9005
[2026-06-19 19:19:52,682] [INFO] [ai_detector.logging.logger] - 
Evaluating model_4...
[2026-06-19 19:19:58,944] [INFO] [ai_detector.logging.logger] - ✓ model_4 Evaluation Complete
[2026-06-19 19:19:58,944] [INFO] [ai_detector.logging.logger] -   Accuracy: 0.9400
[2026-06-19 19:19:58,944] [INFO] [ai_detector.logging.logger] -   Precision: 0.9576
[2026-06-19 19:19:58,944] [INFO] [ai_detector.logging.logger] -   Recall: 0.9658
[2026-06-19 19:19:58,944] [INFO] [ai_detector.logging.logger] -   F1: 0.9617
[2026-06-19 19:19:58,944] [INFO] [ai_detector.logging.logger] -   ROC-AUC: 0.9767
[2026-06-19 19:19:58,944] [INFO] [ai_detector.logging.logger] - 
================================================================================
[2026-06-19 19:19:58,944] [INFO] [ai_detector.logging.logger] - ✓ ALL MODELS EVALUATED
[2026-06-19 19:19:58,945] [INFO] [ai_detector.logging.logger] - ================================================================================
[2026-06-19 19:20:00,378] [INFO] [ai_detector.logging.logger] - 
Generating comparison report...
[2026-06-19 19:20:00,399] [INFO] [ai_detector.logging.logger] - ✓ Saved report to artifacts/2026_06_19_19_19_31/model_evaluation/model_comparison.csv
[2026-06-19 19:20:00,399] [INFO] [ai_detector.logging.logger] - 
================================================================================
[2026-06-19 19:20:00,399] [INFO] [ai_detector.logging.logger] - MODEL COMPARISON REPORT
[2026-06-19 19:20:00,399] [INFO] [ai_detector.logging.logger] - ================================================================================
[2026-06-19 19:20:00,409] [INFO] [ai_detector.logging.logger] -      Model Accuracy Precision  Recall F1-Score ROC-AUC
0  model_1   0.7800    0.7800  1.0000   0.8764  0.8529
1  model_2   0.8933    0.8915  0.9829   0.9350  0.9466
2  model_3   0.6267    1.0000  0.5214   0.6854  0.9005
3  model_4   0.9400    0.9576  0.9658   0.9617  0.9767
[2026-06-19 19:20:00,410] [INFO] [ai_detector.logging.logger] - ================================================================================
[2026-06-19 19:20:00,538] [INFO] [ai_detector.logging.logger] - Logged artifact: artifacts/2026_06_19_19_19_31/model_evaluation/model_comparison.csv
[2026-06-19 19:20:00,538] [INFO] [ai_detector.logging.logger] - 
Generating confusion matrices...
[2026-06-19 19:20:00,864] [INFO] [ai_detector.logging.logger] - ✓ Saved confusion matrix to artifacts/2026_06_19_19_19_31/model_evaluation/confusion_matrices/model_1_confusion_matrix.png
[2026-06-19 19:20:01,035] [INFO] [ai_detector.logging.logger] - ✓ Saved confusion matrix to artifacts/2026_06_19_19_19_31/model_evaluation/confusion_matrices/model_2_confusion_matrix.png
[2026-06-19 19:20:01,224] [INFO] [ai_detector.logging.logger] - ✓ Saved confusion matrix to artifacts/2026_06_19_19_19_31/model_evaluation/confusion_matrices/model_3_confusion_matrix.png
[2026-06-19 19:20:01,402] [INFO] [ai_detector.logging.logger] - ✓ Saved confusion matrix to artifacts/2026_06_19_19_19_31/model_evaluation/confusion_matrices/model_4_confusion_matrix.png
[2026-06-19 19:20:03,299] [INFO] [ai_detector.logging.logger] - ✓ Saved all confusion matrices to artifacts/2026_06_19_19_19_31/model_evaluation/confusion_matrices/all_confusion_matrices.png
[2026-06-19 19:20:03,299] [INFO] [ai_detector.logging.logger] - ✓ Confusion matrices generated
[2026-06-19 19:20:03,517] [INFO] [ai_detector.logging.logger] - Logged artifact: artifacts/2026_06_19_19_19_31/model_evaluation/confusion_matrices
[2026-06-19 19:20:03,517] [INFO] [ai_detector.logging.logger] - 
Generating comparison plots...
[2026-06-19 19:20:04,097] [INFO] [ai_detector.logging.logger] - ✓ Saved comparison plot to artifacts/2026_06_19_19_19_31/model_evaluation/confusion_matrices/model_comparison.png
[2026-06-19 19:20:04,097] [INFO] [ai_detector.logging.logger] - ✓ Comparison plots generated
[2026-06-19 19:20:04,097] [INFO] [ai_detector.logging.logger] - 
Generating detailed reports...
[2026-06-19 19:20:04,098] [INFO] [ai_detector.logging.logger] - ✓ Saved report for model_1
[2026-06-19 19:20:04,098] [INFO] [ai_detector.logging.logger] - ✓ Saved report for model_2
[2026-06-19 19:20:04,098] [INFO] [ai_detector.logging.logger] - ✓ Saved report for model_3
[2026-06-19 19:20:04,098] [INFO] [ai_detector.logging.logger] - ✓ Saved report for model_4
[2026-06-19 19:20:04,231] [INFO] [ai_detector.logging.logger] - Logged 1 parameters
[2026-06-19 19:20:04,231] [INFO] [ai_detector.logging.logger] - 
========================================
[2026-06-19 19:20:04,231] [INFO] [ai_detector.logging.logger] - BEST MODEL: model_4 with Accuracy: 0.9400
[2026-06-19 19:20:04,231] [INFO] [ai_detector.logging.logger] - ========================================
[2026-06-19 19:20:04,369] [INFO] [ai_detector.logging.logger] - MLflow run ended
[2026-06-19 19:20:04,369] [INFO] [ai_detector.logging.logger] - ✓ Model Evaluation complete
[2026-06-19 19:20:04,371] [INFO] [ai_detector.logging.logger] - 
================================================================================
[2026-06-19 19:20:04,371] [INFO] [ai_detector.logging.logger] - STEP 4: MODEL TRAINING
[2026-06-19 19:20:04,371] [INFO] [ai_detector.logging.logger] - ================================================================================
[2026-06-19 19:20:04,382] [INFO] [ai_detector.logging.logger] - ModelTrainer initialized
[2026-06-19 19:20:04,382] [INFO] [ai_detector.logging.logger] - Starting Model Trainer - Training All 4 Models
[2026-06-19 19:20:04,382] [INFO] [ai_detector.logging.logger] - ================================================================================
[2026-06-19 19:20:04,382] [INFO] [ai_detector.logging.logger] - Training Model 1 (Custom CNN)
[2026-06-19 19:20:04,382] [INFO] [ai_detector.logging.logger] - ================================================================================
[2026-06-19 19:20:04,382] [INFO] [ai_detector.logging.logger] - MLflow tracking URI: http://localhost:5000
[2026-06-19 19:20:04,434] [INFO] [ai_detector.logging.logger] - MLflow experiment: ai-vs-real-detector
[2026-06-19 19:20:04,717] [INFO] [ai_detector.logging.logger] - MLflow run started: model_1_custom_cnn
[2026-06-19 19:20:05,191] [INFO] [ai_detector.logging.logger] - Logged 7 parameters
[2026-06-19 19:20:05,202] [INFO] [ai_detector.logging.logger] - 
======================================== Epoch 1/10 ========================================
[2026-06-19 19:25:24,435] [INFO] [ai_detector.logging.logger] - [TRAIN] Accuracy: 0.7342 | Loss: 0.5574
[2026-06-19 19:25:24,448] [INFO] [ai_detector.logging.logger] - Precision: 0.7448 | Recall: 0.9727 | F1: 0.8436
[2026-06-19 19:25:27,864] [INFO] [ai_detector.logging.logger] - [TEST]  Accuracy: 0.8188 | Loss: 0.4541
[2026-06-19 19:25:27,864] [INFO] [ai_detector.logging.logger] - Precision: 0.9583 | Recall: 0.8000 | F1: 0.8720
[2026-06-19 19:25:28,822] [INFO] [ai_detector.logging.logger] - 
======================================== Epoch 2/10 ========================================
[2026-06-19 19:25:56,252] [INFO] [ai_detector.logging.logger] - [TRAIN] Accuracy: 0.7945 | Loss: 0.4752
[2026-06-19 19:25:56,252] [INFO] [ai_detector.logging.logger] - Precision: 0.8114 | Recall: 0.9396 | F1: 0.8708
[2026-06-19 19:25:58,736] [INFO] [ai_detector.logging.logger] - [TEST]  Accuracy: 0.8121 | Loss: 0.4381
[2026-06-19 19:25:58,736] [INFO] [ai_detector.logging.logger] - Precision: 0.9485 | Recall: 0.8000 | F1: 0.8679
[2026-06-19 19:25:59,064] [INFO] [ai_detector.logging.logger] - 
======================================== Epoch 3/10 ========================================
[2026-06-19 19:26:21,190] [INFO] [ai_detector.logging.logger] - [TRAIN] Accuracy: 0.7730 | Loss: 0.4706
[2026-06-19 19:26:21,190] [INFO] [ai_detector.logging.logger] - Precision: 0.7934 | Recall: 0.9357 | F1: 0.8587
[2026-06-19 19:26:23,318] [INFO] [ai_detector.logging.logger] - [TEST]  Accuracy: 0.8456 | Loss: 0.4260
[2026-06-19 19:26:23,318] [INFO] [ai_detector.logging.logger] - Precision: 0.8485 | Recall: 0.9739 | F1: 0.9069
[2026-06-19 19:26:23,622] [INFO] [ai_detector.logging.logger] - 
======================================== Epoch 4/10 ========================================
[2026-06-19 19:26:46,166] [INFO] [ai_detector.logging.logger] - [TRAIN] Accuracy: 0.7989 | Loss: 0.4644
[2026-06-19 19:26:46,166] [INFO] [ai_detector.logging.logger] - Precision: 0.8145 | Recall: 0.9415 | F1: 0.8734
[2026-06-19 19:26:48,810] [INFO] [ai_detector.logging.logger] - [TEST]  Accuracy: 0.8725 | Loss: 0.3087
[2026-06-19 19:26:48,810] [INFO] [ai_detector.logging.logger] - Precision: 0.8636 | Recall: 0.9913 | F1: 0.9231
[2026-06-19 19:26:49,129] [INFO] [ai_detector.logging.logger] - 
======================================== Epoch 5/10 ========================================
[2026-06-19 19:27:15,189] [INFO] [ai_detector.logging.logger] - [TRAIN] Accuracy: 0.7989 | Loss: 0.4656
[2026-06-19 19:27:16,072] [INFO] [ai_detector.logging.logger] - Precision: 0.8062 | Recall: 0.9571 | F1: 0.8752
