[2026-05-19 12:14:08,108] [INFO] [ai_detector.logging.logger] - Logginng initialized. Logs will be Saved to: logs/2026_05_19_12_%NM_08.log
[2026-05-19 12:14:19,310] [INFO] [ai_detector.logging.logger] - Starting training...
[2026-05-19 12:14:19,310] [INFO] [ai_detector.logging.logger] - TrainingPipeline initialized
[2026-05-19 12:14:19,311] [INFO] [ai_detector.logging.logger] - Artifact directory: artifacts/2026_05_19_12_14_19
[2026-05-19 12:14:19,311] [INFO] [ai_detector.logging.logger] - 


[2026-05-19 12:14:19,311] [INFO] [ai_detector.logging.logger] - ============================================================================
[2026-05-19 12:14:19,311] [INFO] [ai_detector.logging.logger] -  STARTING COMPLETE TRAINING PIPELINE
[2026-05-19 12:14:19,311] [INFO] [ai_detector.logging.logger] - ============================================================================
[2026-05-19 12:14:19,311] [INFO] [ai_detector.logging.logger] - 
================================================================================
[2026-05-19 12:14:19,311] [INFO] [ai_detector.logging.logger] - STEP 1: DATA INGESTION
[2026-05-19 12:14:19,311] [INFO] [ai_detector.logging.logger] - ================================================================================
[2026-05-19 12:14:19,311] [INFO] [ai_detector.logging.logger] - DataIngestion Initialized
[2026-05-19 12:14:19,311] [INFO] [ai_detector.logging.logger] - Startinng DataIngestion
[2026-05-19 12:14:19,312] [INFO] [ai_detector.logging.logger] - Loading dataset from image_data
[2026-05-19 12:14:19,315] [INFO] [ai_detector.logging.logger] - Classes: {'Ai_generated_dataset': 0, 'real_dataset': 1}
[2026-05-19 12:14:19,320] [INFO] [ai_detector.logging.logger] - Total: 995 | Train: 696 | Val: 149 | Test: 150
[2026-05-19 12:14:19,322] [INFO] [ai_detector.logging.logger] - Dataset split complete
[2026-05-19 12:14:19,322] [INFO] [ai_detector.logging.logger] - DataIngestion Completed
[2026-05-19 12:14:19,323] [INFO] [ai_detector.logging.logger] - ✓ Data Ingestion complete
[2026-05-19 12:14:19,323] [INFO] [ai_detector.logging.logger] - 
================================================================================
[2026-05-19 12:14:19,323] [INFO] [ai_detector.logging.logger] - STEP 2: DATA VALIDATION
[2026-05-19 12:14:19,323] [INFO] [ai_detector.logging.logger] - ================================================================================
[2026-05-19 12:14:19,323] [INFO] [ai_detector.logging.logger] - DataValidation Initialized
[2026-05-19 12:14:19,323] [INFO] [ai_detector.logging.logger] - Starting Data Validation
[2026-05-19 12:14:19,323] [INFO] [ai_detector.logging.logger] - Validating datasets...
[2026-05-19 12:14:19,323] [INFO] [ai_detector.logging.logger] - Validation Passed: Train=696, val=149, test=150
[2026-05-19 12:14:19,324] [INFO] [ai_detector.logging.logger] - DataValidation Complete
[2026-05-19 12:14:19,324] [INFO] [ai_detector.logging.logger] - ✓ Data Validation complete
[2026-05-19 12:14:19,324] [INFO] [ai_detector.logging.logger] - 
================================================================================
[2026-05-19 12:14:19,324] [INFO] [ai_detector.logging.logger] - STEP 3: DATA TRANSFORMATION
[2026-05-19 12:14:19,324] [INFO] [ai_detector.logging.logger] - ================================================================================
[2026-05-19 12:14:19,324] [INFO] [ai_detector.logging.logger] - DataTransformation initialized
[2026-05-19 12:14:19,324] [INFO] [ai_detector.logging.logger] - Starting DataTransformation
[2026-05-19 12:14:19,324] [INFO] [ai_detector.logging.logger] - Creating DataLoaders with model-specific transforms...
[2026-05-19 12:14:19,325] [INFO] [ai_detector.logging.logger] - Creating loaders for model_1...
[2026-05-19 12:14:19,325] [INFO] [ai_detector.logging.logger] - ✓ Created loaders for model_1
[2026-05-19 12:14:19,325] [INFO] [ai_detector.logging.logger] - Creating loaders for model_2...
[2026-05-19 12:14:19,325] [INFO] [ai_detector.logging.logger] - ✓ Created loaders for model_2
[2026-05-19 12:14:19,326] [INFO] [ai_detector.logging.logger] - Creating loaders for model_3...
[2026-05-19 12:14:19,326] [INFO] [ai_detector.logging.logger] - ✓ Created loaders for model_3
[2026-05-19 12:14:19,326] [INFO] [ai_detector.logging.logger] - Creating loaders for model_4...
[2026-05-19 12:14:19,326] [INFO] [ai_detector.logging.logger] - ✓ Created loaders for model_4
[2026-05-19 12:14:19,326] [INFO] [ai_detector.logging.logger] - ✓ DataTransformation completed
[2026-05-19 12:14:19,326] [INFO] [ai_detector.logging.logger] - ✓ Data Transformation complete
[2026-05-19 12:14:19,326] [INFO] [ai_detector.logging.logger] - 
================================================================================
[2026-05-19 12:14:19,326] [INFO] [ai_detector.logging.logger] - STEP 5: MODEL EVALUATION
[2026-05-19 12:14:19,326] [INFO] [ai_detector.logging.logger] - ================================================================================
[2026-05-19 12:14:19,327] [INFO] [ai_detector.logging.logger] - Loading models for evaluation...
[2026-05-19 12:14:19,327] [INFO] [ai_detector.logging.logger] - ModelLoader initialized on device: cuda
[2026-05-19 12:14:19,327] [INFO] [ai_detector.logging.logger] - Loading all 4 models...
[2026-05-19 12:14:19,327] [INFO] [ai_detector.logging.logger] - Loading Model 1 (Custom CNN) from models/model_tiny_vgg_cnn.pth...
[2026-05-19 12:14:20,200] [INFO] [ai_detector.logging.logger] - ✓ Model 1 loaded successfully
[2026-05-19 12:14:20,200] [INFO] [ai_detector.logging.logger] - Loading Model 2 (EfficientNet B0) from models/model_1_resnet_b0.pth...
[2026-05-19 12:14:20,620] [INFO] [ai_detector.logging.logger] - ✓ Model 2 loaded successfully
[2026-05-19 12:14:20,621] [INFO] [ai_detector.logging.logger] - Loading Model 3 (ViT B-16) from models/model_2_ViT_b16.pth...
[2026-05-19 12:14:22,928] [INFO] [ai_detector.logging.logger] - ✓ Model 3 loaded successfully
[2026-05-19 12:14:22,928] [INFO] [ai_detector.logging.logger] - Loading Model 4 (Hybrid) from models/model_3_Hybrid.pth...
[2026-05-19 12:14:23,393] [INFO] [ai_detector.logging.logger] - ✓ Model 4 loaded successfully
[2026-05-19 12:14:23,394] [INFO] [ai_detector.logging.logger] - ✓ All 4 models loaded successfully
[2026-05-19 12:14:23,394] [INFO] [ai_detector.logging.logger] - ✓ ModelEvaluator initialized
[2026-05-19 12:14:23,394] [ERROR] [ai_detector.logging.logger] - Training failed: Error in [/home/allkeeey/projects/ai-vs-real-detector/ai_detector/pipeline/training_pipeline.py] at line [158]: Pipeline failed
