[2026-05-25 04:22:18,912] [INFO] [ai_detector.logging.logger] - Logginng initialized. Logs will be Saved to: logs/2026_05_25_04_%NM_18.log
[2026-05-25 04:22:24,935] [INFO] [ai_detector.logging.logger] - Initializing GPU memory management...
[2026-05-25 04:22:24,935] [INFO] [ai_detector.logging.logger] - ✓ GPU memory cleared and optimized
[2026-05-25 04:22:24,935] [INFO] [ai_detector.logging.logger] - ✓ Using GPU: NVIDIA GeForce GTX 1650 (3.90 GB)
[2026-05-25 04:22:24,936] [INFO] [ai_detector.logging.logger] - GPU Memory - Total: 3.90GB | Allocated: 0.00GB | Free: 3.90GB | Used: 0.0%
[2026-05-25 04:22:24,936] [INFO] [ai_detector.logging.logger] - Starting training...
[2026-05-25 04:22:24,936] [INFO] [ai_detector.logging.logger] - TrainingPipeline initialized
[2026-05-25 04:22:24,936] [INFO] [ai_detector.logging.logger] - Artifact directory: artifacts/2026_05_25_04_22_24
[2026-05-25 04:22:24,936] [INFO] [ai_detector.logging.logger] - 


[2026-05-25 04:22:24,936] [INFO] [ai_detector.logging.logger] - ============================================================================
[2026-05-25 04:22:24,936] [INFO] [ai_detector.logging.logger] -  STARTING COMPLETE TRAINING PIPELINE
[2026-05-25 04:22:24,936] [INFO] [ai_detector.logging.logger] - ============================================================================
[2026-05-25 04:22:24,936] [INFO] [ai_detector.logging.logger] - 
================================================================================
[2026-05-25 04:22:24,936] [INFO] [ai_detector.logging.logger] - STEP 1: DATA INGESTION
[2026-05-25 04:22:24,936] [INFO] [ai_detector.logging.logger] - ================================================================================
[2026-05-25 04:22:24,936] [INFO] [ai_detector.logging.logger] - DataIngestion Initialized
[2026-05-25 04:22:24,936] [INFO] [ai_detector.logging.logger] - Starting DataIngestion
[2026-05-25 04:22:24,936] [INFO] [ai_detector.logging.logger] - Loading dataset from image_data
[2026-05-25 04:22:24,938] [INFO] [ai_detector.logging.logger] - Classes: {'Ai_generated_dataset': 0, 'real_dataset': 1}
[2026-05-25 04:22:24,939] [INFO] [ai_detector.logging.logger] - Total: 995 | Train: 696 | Val: 149 | Test: 150
[2026-05-25 04:22:24,939] [INFO] [ai_detector.logging.logger] - Dataset split complete - Train: 696, Val: 149, Test: 150
[2026-05-25 04:22:24,939] [INFO] [ai_detector.logging.logger] - Leakage Removed
[2026-05-25 04:22:24,939] [INFO] [ai_detector.logging.logger] - ✓ Data Ingestion complete
[2026-05-25 04:22:24,939] [INFO] [ai_detector.logging.logger] - 
================================================================================
[2026-05-25 04:22:24,939] [INFO] [ai_detector.logging.logger] - STEP 2: DATA VALIDATION
[2026-05-25 04:22:24,939] [INFO] [ai_detector.logging.logger] - ================================================================================
[2026-05-25 04:22:24,939] [INFO] [ai_detector.logging.logger] - DataValidation Initialized
[2026-05-25 04:22:24,939] [INFO] [ai_detector.logging.logger] - Starting Data Validation
[2026-05-25 04:22:24,939] [INFO] [ai_detector.logging.logger] - Validating datasets...
[2026-05-25 04:22:24,939] [INFO] [ai_detector.logging.logger] - Validation Passed: Train=696, val=149, test=150
[2026-05-25 04:22:24,939] [INFO] [ai_detector.logging.logger] - DataValidation Complete
[2026-05-25 04:22:24,939] [INFO] [ai_detector.logging.logger] - ✓ Data Validation complete
[2026-05-25 04:22:24,939] [INFO] [ai_detector.logging.logger] - 
================================================================================
[2026-05-25 04:22:24,940] [INFO] [ai_detector.logging.logger] - STEP 3: DATA TRANSFORMATION
[2026-05-25 04:22:24,940] [INFO] [ai_detector.logging.logger] - ================================================================================
[2026-05-25 04:22:24,940] [INFO] [ai_detector.logging.logger] - DataTransformation initialized
[2026-05-25 04:22:24,940] [INFO] [ai_detector.logging.logger] - Starting DataTransformation
[2026-05-25 04:22:24,940] [INFO] [ai_detector.logging.logger] - Creating DataLoaders with transforms per split...
[2026-05-25 04:22:24,940] [INFO] [ai_detector.logging.logger] - Creating loaders for model_1 and model_2...
[2026-05-25 04:22:24,940] [INFO] [ai_detector.logging.logger] - ✓ Created loaders for model_1 and model_2
[2026-05-25 04:22:24,941] [INFO] [ai_detector.logging.logger] - Creating loaders for model_3 and model_4...
[2026-05-25 04:22:24,941] [INFO] [ai_detector.logging.logger] - ✓ Created loaders for model_3 and model_4
[2026-05-25 04:22:24,941] [INFO] [ai_detector.logging.logger] - DataTransformation completed - No data leakage! (Hopefully LMAO)
[2026-05-25 04:22:24,941] [INFO] [ai_detector.logging.logger] - ✓ Data Transformation complete
[2026-05-25 04:22:24,941] [INFO] [ai_detector.logging.logger] - 
================================================================================
[2026-05-25 04:22:24,941] [INFO] [ai_detector.logging.logger] - STEP 5: MODEL EVALUATION
[2026-05-25 04:22:24,941] [INFO] [ai_detector.logging.logger] - ================================================================================
[2026-05-25 04:22:24,941] [INFO] [ai_detector.logging.logger] - Loading models for evaluation...
[2026-05-25 04:22:24,941] [INFO] [ai_detector.logging.logger] - ModelLoader initialized on device: cuda
[2026-05-25 04:22:24,941] [INFO] [ai_detector.logging.logger] - Loading all 4 models...
[2026-05-25 04:22:24,941] [INFO] [ai_detector.logging.logger] - Loading Model 1 (Custom CNN) from models/model_tiny_vgg_cnn.pth...
[2026-05-25 04:22:25,262] [INFO] [ai_detector.logging.logger] - ✓ Model 1 loaded successfully
[2026-05-25 04:22:25,262] [INFO] [ai_detector.logging.logger] - Loading Model 2 (EfficientNet B0) from models/model_1_resnet_b0.pth...
[2026-05-25 04:22:25,463] [INFO] [ai_detector.logging.logger] - ✓ Model 2 loaded successfully
[2026-05-25 04:22:25,463] [INFO] [ai_detector.logging.logger] - Loading Model 3 (ViT B-16) from models/model_2_ViT_b16.pth...
[2026-05-25 04:22:28,461] [INFO] [ai_detector.logging.logger] - ✓ Model 3 loaded successfully
[2026-05-25 04:22:28,462] [INFO] [ai_detector.logging.logger] - Loading Model 4 (Hybrid) from models/model_3_Hybrid.pth...
[2026-05-25 04:22:28,910] [INFO] [ai_detector.logging.logger] - ✓ Model 4 loaded successfully
[2026-05-25 04:22:28,911] [INFO] [ai_detector.logging.logger] - ✓ All 4 models loaded successfully
[2026-05-25 04:22:28,911] [INFO] [ai_detector.logging.logger] - ✓ ModelEvaluator initialized
[2026-05-25 04:22:28,911] [INFO] [ai_detector.logging.logger] - 
========================================
[2026-05-25 04:22:28,911] [INFO] [ai_detector.logging.logger] - STARTING MODEL EVALUATION
[2026-05-25 04:22:28,911] [INFO] [ai_detector.logging.logger] - ========================================
[2026-05-25 04:22:28,912] [INFO] [ai_detector.logging.logger] - MLflow tracking URI: http://localhost:5000
[2026-05-25 04:22:28,981] [INFO] [ai_detector.logging.logger] - MLflow experiment: ai-vs-real-detector
[2026-05-25 04:22:29,284] [INFO] [ai_detector.logging.logger] - MLflow run started: model_evaluation
[2026-05-25 04:22:29,284] [INFO] [ai_detector.logging.logger] - 
================================================================================
[2026-05-25 04:22:29,284] [INFO] [ai_detector.logging.logger] - EVALUATING ALL 4 MODELS ON TEST SET
[2026-05-25 04:22:29,284] [INFO] [ai_detector.logging.logger] - ================================================================================
[2026-05-25 04:22:29,284] [INFO] [ai_detector.logging.logger] - 
Evaluating model_1...
[2026-05-25 04:22:35,799] [INFO] [ai_detector.logging.logger] - ✓ model_1 Evaluation Complete
[2026-05-25 04:22:35,800] [INFO] [ai_detector.logging.logger] -   Accuracy: 0.9267
[2026-05-25 04:22:35,800] [INFO] [ai_detector.logging.logger] -   Precision: 0.9141
[2026-05-25 04:22:35,800] [INFO] [ai_detector.logging.logger] -   Recall: 1.0000
[2026-05-25 04:22:35,800] [INFO] [ai_detector.logging.logger] -   F1: 0.9551
[2026-05-25 04:22:35,800] [INFO] [ai_detector.logging.logger] -   ROC-AUC: 0.9112
[2026-05-25 04:22:35,800] [INFO] [ai_detector.logging.logger] - 
Evaluating model_2...
[2026-05-25 04:22:37,400] [INFO] [ai_detector.logging.logger] - ✓ model_2 Evaluation Complete
[2026-05-25 04:22:37,400] [INFO] [ai_detector.logging.logger] -   Accuracy: 0.8933
[2026-05-25 04:22:37,400] [INFO] [ai_detector.logging.logger] -   Precision: 0.8915
[2026-05-25 04:22:37,400] [INFO] [ai_detector.logging.logger] -   Recall: 0.9829
[2026-05-25 04:22:37,401] [INFO] [ai_detector.logging.logger] -   F1: 0.9350
[2026-05-25 04:22:37,401] [INFO] [ai_detector.logging.logger] -   ROC-AUC: 0.9466
[2026-05-25 04:22:37,401] [INFO] [ai_detector.logging.logger] - 
Evaluating model_3...
[2026-05-25 04:22:41,836] [INFO] [ai_detector.logging.logger] - ✓ model_3 Evaluation Complete
[2026-05-25 04:22:41,836] [INFO] [ai_detector.logging.logger] -   Accuracy: 0.6267
[2026-05-25 04:22:41,836] [INFO] [ai_detector.logging.logger] -   Precision: 1.0000
[2026-05-25 04:22:41,836] [INFO] [ai_detector.logging.logger] -   Recall: 0.5214
[2026-05-25 04:22:41,836] [INFO] [ai_detector.logging.logger] -   F1: 0.6854
[2026-05-25 04:22:41,836] [INFO] [ai_detector.logging.logger] -   ROC-AUC: 0.9005
[2026-05-25 04:22:41,836] [INFO] [ai_detector.logging.logger] - 
Evaluating model_4...
[2026-05-25 04:22:46,524] [INFO] [ai_detector.logging.logger] - ✓ model_4 Evaluation Complete
[2026-05-25 04:22:46,524] [INFO] [ai_detector.logging.logger] -   Accuracy: 0.9400
[2026-05-25 04:22:46,524] [INFO] [ai_detector.logging.logger] -   Precision: 0.9576
[2026-05-25 04:22:46,524] [INFO] [ai_detector.logging.logger] -   Recall: 0.9658
[2026-05-25 04:22:46,524] [INFO] [ai_detector.logging.logger] -   F1: 0.9617
[2026-05-25 04:22:46,524] [INFO] [ai_detector.logging.logger] -   ROC-AUC: 0.9767
[2026-05-25 04:22:46,524] [INFO] [ai_detector.logging.logger] - 
================================================================================
[2026-05-25 04:22:46,525] [INFO] [ai_detector.logging.logger] - ✓ ALL MODELS EVALUATED
[2026-05-25 04:22:46,525] [INFO] [ai_detector.logging.logger] - ================================================================================
[2026-05-25 04:22:47,875] [INFO] [ai_detector.logging.logger] - 
Generating comparison report...
[2026-05-25 04:22:47,892] [INFO] [ai_detector.logging.logger] - ✓ Saved report to artifacts/2026_05_25_04_22_24/model_evaluation/model_comparison.csv
[2026-05-25 04:22:47,892] [INFO] [ai_detector.logging.logger] - 
================================================================================
[2026-05-25 04:22:47,892] [INFO] [ai_detector.logging.logger] - MODEL COMPARISON REPORT
[2026-05-25 04:22:47,892] [INFO] [ai_detector.logging.logger] - ================================================================================
[2026-05-25 04:22:47,897] [INFO] [ai_detector.logging.logger] -      Model Accuracy Precision  Recall F1-Score ROC-AUC
0  model_1   0.9267    0.9141  1.0000   0.9551  0.9112
1  model_2   0.8933    0.8915  0.9829   0.9350  0.9466
2  model_3   0.6267    1.0000  0.5214   0.6854  0.9005
3  model_4   0.9400    0.9576  0.9658   0.9617  0.9767
[2026-05-25 04:22:47,897] [INFO] [ai_detector.logging.logger] - ================================================================================
[2026-05-25 04:22:48,008] [INFO] [ai_detector.logging.logger] - Logged artifact: artifacts/2026_05_25_04_22_24/model_evaluation/model_comparison.csv
[2026-05-25 04:22:48,008] [INFO] [ai_detector.logging.logger] - 
Generating confusion matrices...
[2026-05-25 04:22:48,252] [INFO] [ai_detector.logging.logger] - ✓ Saved confusion matrix to artifacts/2026_05_25_04_22_24/model_evaluation/confusion_matrices/model_1_confusion_matrix.png
[2026-05-25 04:22:48,408] [INFO] [ai_detector.logging.logger] - ✓ Saved confusion matrix to artifacts/2026_05_25_04_22_24/model_evaluation/confusion_matrices/model_2_confusion_matrix.png
[2026-05-25 04:22:48,567] [INFO] [ai_detector.logging.logger] - ✓ Saved confusion matrix to artifacts/2026_05_25_04_22_24/model_evaluation/confusion_matrices/model_3_confusion_matrix.png
[2026-05-25 04:22:48,715] [INFO] [ai_detector.logging.logger] - ✓ Saved confusion matrix to artifacts/2026_05_25_04_22_24/model_evaluation/confusion_matrices/model_4_confusion_matrix.png
[2026-05-25 04:22:49,441] [INFO] [ai_detector.logging.logger] - ✓ Saved all confusion matrices to artifacts/2026_05_25_04_22_24/model_evaluation/confusion_matrices/all_confusion_matrices.png
[2026-05-25 04:22:49,441] [INFO] [ai_detector.logging.logger] - ✓ Confusion matrices generated
[2026-05-25 04:22:49,643] [INFO] [ai_detector.logging.logger] - Logged artifact: artifacts/2026_05_25_04_22_24/model_evaluation/confusion_matrices
[2026-05-25 04:22:49,643] [INFO] [ai_detector.logging.logger] - 
Generating comparison plots...
[2026-05-25 04:22:50,173] [INFO] [ai_detector.logging.logger] - ✓ Saved comparison plot to artifacts/2026_05_25_04_22_24/model_evaluation/confusion_matrices/model_comparison.png
[2026-05-25 04:22:50,173] [INFO] [ai_detector.logging.logger] - ✓ Comparison plots generated
[2026-05-25 04:22:50,173] [INFO] [ai_detector.logging.logger] - 
Generating detailed reports...
[2026-05-25 04:22:50,174] [INFO] [ai_detector.logging.logger] - ✓ Saved report for model_1
[2026-05-25 04:22:50,174] [INFO] [ai_detector.logging.logger] - ✓ Saved report for model_2
[2026-05-25 04:22:50,175] [INFO] [ai_detector.logging.logger] - ✓ Saved report for model_3
[2026-05-25 04:22:50,175] [INFO] [ai_detector.logging.logger] - ✓ Saved report for model_4
[2026-05-25 04:22:50,274] [INFO] [ai_detector.logging.logger] - Logged 1 parameters
[2026-05-25 04:22:50,274] [INFO] [ai_detector.logging.logger] - 
========================================
[2026-05-25 04:22:50,274] [INFO] [ai_detector.logging.logger] - BEST MODEL: model_4 with Accuracy: 0.9400
[2026-05-25 04:22:50,274] [INFO] [ai_detector.logging.logger] - ========================================
[2026-05-25 04:22:50,402] [INFO] [ai_detector.logging.logger] - MLflow run ended
[2026-05-25 04:22:50,402] [INFO] [ai_detector.logging.logger] - ✓ Model Evaluation complete
[2026-05-25 04:22:50,404] [INFO] [ai_detector.logging.logger] - 
================================================================================
[2026-05-25 04:22:50,404] [INFO] [ai_detector.logging.logger] - STEP 4: MODEL TRAINING
[2026-05-25 04:22:50,404] [INFO] [ai_detector.logging.logger] - ================================================================================
[2026-05-25 04:22:50,414] [INFO] [ai_detector.logging.logger] - ModelTrainer initialized
[2026-05-25 04:22:50,415] [INFO] [ai_detector.logging.logger] - Starting Model Trainer - Training All 4 Models
[2026-05-25 04:22:50,415] [INFO] [ai_detector.logging.logger] - ================================================================================
[2026-05-25 04:22:50,415] [INFO] [ai_detector.logging.logger] - Training Model 1 (Custom CNN)
[2026-05-25 04:22:50,415] [INFO] [ai_detector.logging.logger] - ================================================================================
[2026-05-25 04:22:50,415] [INFO] [ai_detector.logging.logger] - MLflow tracking URI: http://localhost:5000
[2026-05-25 04:22:50,467] [INFO] [ai_detector.logging.logger] - MLflow experiment: ai-vs-real-detector
[2026-05-25 04:22:50,740] [INFO] [ai_detector.logging.logger] - MLflow run started: model_1_custom_cnn
[2026-05-25 04:22:51,200] [INFO] [ai_detector.logging.logger] - Logged 7 parameters
[2026-05-25 04:22:51,290] [INFO] [ai_detector.logging.logger] - 
======================================== Epoch 1/10 ========================================
[2026-05-25 04:23:08,369] [INFO] [ai_detector.logging.logger] - [TRAIN] Accuracy: 0.7184 | Loss: 0.6749
[2026-05-25 04:23:08,369] [INFO] [ai_detector.logging.logger] - Precision: 0.7184 | Recall: 0.7184 | F1: 0.7184
[2026-05-25 04:23:10,108] [INFO] [ai_detector.logging.logger] - [TEST]  Accuracy: 0.7718 | Loss: 0.5926
[2026-05-25 04:23:10,109] [INFO] [ai_detector.logging.logger] - Precision: 0.7718 | Recall: 0.7718 | F1: 0.7718
[2026-05-25 04:23:10,412] [INFO] [ai_detector.logging.logger] - 
======================================== Epoch 2/10 ========================================
[2026-05-25 04:23:26,528] [INFO] [ai_detector.logging.logger] - [TRAIN] Accuracy: 0.7371 | Loss: 0.6065
[2026-05-25 04:23:26,528] [INFO] [ai_detector.logging.logger] - Precision: 0.7371 | Recall: 0.7371 | F1: 0.7371
[2026-05-25 04:23:28,137] [INFO] [ai_detector.logging.logger] - [TEST]  Accuracy: 0.7718 | Loss: 0.5650
[2026-05-25 04:23:28,137] [INFO] [ai_detector.logging.logger] - Precision: 0.7718 | Recall: 0.7718 | F1: 0.7718
[2026-05-25 04:23:28,425] [INFO] [ai_detector.logging.logger] - 
======================================== Epoch 3/10 ========================================
[2026-05-25 04:23:44,970] [INFO] [ai_detector.logging.logger] - [TRAIN] Accuracy: 0.7371 | Loss: 0.5947
[2026-05-25 04:23:44,978] [INFO] [ai_detector.logging.logger] - Precision: 0.7371 | Recall: 0.7371 | F1: 0.7371
[2026-05-25 04:23:46,622] [INFO] [ai_detector.logging.logger] - [TEST]  Accuracy: 0.7718 | Loss: 0.5528
[2026-05-25 04:23:46,623] [INFO] [ai_detector.logging.logger] - Precision: 0.7718 | Recall: 0.7718 | F1: 0.7718
[2026-05-25 04:23:46,925] [INFO] [ai_detector.logging.logger] - 
======================================== Epoch 4/10 ========================================
[2026-05-25 04:24:03,668] [INFO] [ai_detector.logging.logger] - [TRAIN] Accuracy: 0.7543 | Loss: 0.5513
[2026-05-25 04:24:03,668] [INFO] [ai_detector.logging.logger] - Precision: 0.7543 | Recall: 0.7543 | F1: 0.7543
[2026-05-25 04:24:05,476] [INFO] [ai_detector.logging.logger] - [TEST]  Accuracy: 0.7718 | Loss: 0.5450
[2026-05-25 04:24:05,476] [INFO] [ai_detector.logging.logger] - Precision: 0.7718 | Recall: 0.7718 | F1: 0.7718
[2026-05-25 04:24:05,774] [INFO] [ai_detector.logging.logger] - 
======================================== Epoch 5/10 ========================================
[2026-05-25 04:24:22,617] [INFO] [ai_detector.logging.logger] - [TRAIN] Accuracy: 0.7457 | Loss: 0.5752
[2026-05-25 04:24:22,617] [INFO] [ai_detector.logging.logger] - Precision: 0.7457 | Recall: 0.7457 | F1: 0.7457
[2026-05-25 04:24:24,318] [INFO] [ai_detector.logging.logger] - [TEST]  Accuracy: 0.8725 | Loss: 0.3637
[2026-05-25 04:24:24,318] [INFO] [ai_detector.logging.logger] - Precision: 0.8725 | Recall: 0.8725 | F1: 0.8725
[2026-05-25 04:24:24,610] [INFO] [ai_detector.logging.logger] - 
======================================== Epoch 6/10 ========================================
[2026-05-25 04:24:41,703] [INFO] [ai_detector.logging.logger] - [TRAIN] Accuracy: 0.8046 | Loss: 0.4557
[2026-05-25 04:24:41,703] [INFO] [ai_detector.logging.logger] - Precision: 0.8046 | Recall: 0.8046 | F1: 0.8046
[2026-05-25 04:24:43,428] [INFO] [ai_detector.logging.logger] - [TEST]  Accuracy: 0.8591 | Loss: 0.3309
[2026-05-25 04:24:43,428] [INFO] [ai_detector.logging.logger] - Precision: 0.8591 | Recall: 0.8591 | F1: 0.8591
[2026-05-25 04:24:43,722] [INFO] [ai_detector.logging.logger] - 
======================================== Epoch 7/10 ========================================
[2026-05-25 04:25:02,628] [INFO] [ai_detector.logging.logger] - [TRAIN] Accuracy: 0.7974 | Loss: 0.4565
[2026-05-25 04:25:02,628] [INFO] [ai_detector.logging.logger] - Precision: 0.7974 | Recall: 0.7974 | F1: 0.7974
[2026-05-25 04:25:04,376] [INFO] [ai_detector.logging.logger] - [TEST]  Accuracy: 0.9128 | Loss: 0.3053
[2026-05-25 04:25:04,376] [INFO] [ai_detector.logging.logger] - Precision: 0.9128 | Recall: 0.9128 | F1: 0.9128
[2026-05-25 04:25:04,681] [INFO] [ai_detector.logging.logger] - 
======================================== Epoch 8/10 ========================================
[2026-05-25 04:25:23,735] [INFO] [ai_detector.logging.logger] - [TRAIN] Accuracy: 0.8362 | Loss: 0.4062
[2026-05-25 04:25:23,735] [INFO] [ai_detector.logging.logger] - Precision: 0.8362 | Recall: 0.8362 | F1: 0.8362
[2026-05-25 04:25:25,666] [INFO] [ai_detector.logging.logger] - [TEST]  Accuracy: 0.9060 | Loss: 0.2662
[2026-05-25 04:25:25,666] [INFO] [ai_detector.logging.logger] - Precision: 0.9060 | Recall: 0.9060 | F1: 0.9060
[2026-05-25 04:25:25,988] [INFO] [ai_detector.logging.logger] - 
======================================== Epoch 9/10 ========================================
[2026-05-25 04:25:43,607] [INFO] [ai_detector.logging.logger] - [TRAIN] Accuracy: 0.8175 | Loss: 0.4149
[2026-05-25 04:25:43,607] [INFO] [ai_detector.logging.logger] - Precision: 0.8175 | Recall: 0.8175 | F1: 0.8175
[2026-05-25 04:25:45,285] [INFO] [ai_detector.logging.logger] - [TEST]  Accuracy: 0.9128 | Loss: 0.3294
[2026-05-25 04:25:45,286] [INFO] [ai_detector.logging.logger] - Precision: 0.9128 | Recall: 0.9128 | F1: 0.9128
[2026-05-25 04:25:45,575] [INFO] [ai_detector.logging.logger] - 
======================================== Epoch 10/10 ========================================
[2026-05-25 04:26:01,675] [INFO] [ai_detector.logging.logger] - [TRAIN] Accuracy: 0.8075 | Loss: 0.4394
[2026-05-25 04:26:01,675] [INFO] [ai_detector.logging.logger] - Precision: 0.8075 | Recall: 0.8075 | F1: 0.8075
[2026-05-25 04:26:03,273] [INFO] [ai_detector.logging.logger] - [TEST]  Accuracy: 0.9128 | Loss: 0.3019
[2026-05-25 04:26:03,273] [INFO] [ai_detector.logging.logger] - Precision: 0.9128 | Recall: 0.9128 | F1: 0.9128
[2026-05-25 04:26:03,569] [INFO] [ai_detector.logging.logger] - 
========================================
[2026-05-25 04:26:03,569] [INFO] [ai_detector.logging.logger] - TESTING Model 1
[2026-05-25 04:26:03,569] [INFO] [ai_detector.logging.logger] - ========================================
[2026-05-25 04:26:04,979] [INFO] [ai_detector.logging.logger] - [TEST]  Accuracy: 0.8600 | Loss: 0.3867
[2026-05-25 04:26:04,979] [INFO] [ai_detector.logging.logger] - Precision: 0.8600 | Recall: 0.8600 | F1: 0.8600
[2026-05-25 04:26:05,358] [INFO] [ai_detector.logging.logger] - ✓ Model 1 saved to artifacts/2026_05_25_04_22_24/model_trainer/model_1_custom_cnn.pth
[2026-05-25 04:26:15,295] [INFO] [ai_detector.logging.logger] - Logged model to model_1
[2026-05-25 04:26:15,416] [INFO] [ai_detector.logging.logger] - MLflow run ended
[2026-05-25 04:26:15,417] [INFO] [ai_detector.logging.logger] - ================================================================================
[2026-05-25 04:26:15,417] [INFO] [ai_detector.logging.logger] - Training Model 2 (EfficientNet B0)
[2026-05-25 04:26:15,417] [INFO] [ai_detector.logging.logger] - ================================================================================
[2026-05-25 04:26:15,417] [INFO] [ai_detector.logging.logger] - MLflow tracking URI: http://localhost:5000
[2026-05-25 04:26:15,470] [INFO] [ai_detector.logging.logger] - MLflow experiment: ai-vs-real-detector
[2026-05-25 04:26:15,740] [INFO] [ai_detector.logging.logger] - MLflow run started: model_2_efficientnet
[2026-05-25 04:26:16,130] [INFO] [ai_detector.logging.logger] - Logged 6 parameters
[2026-05-25 04:26:16,285] [INFO] [ai_detector.logging.logger] - 
======================================== Epoch 1/10 ========================================
[2026-05-25 04:26:33,431] [INFO] [ai_detector.logging.logger] - [TRAIN] Accuracy: 0.8506 | Loss: 0.3720
[2026-05-25 04:26:33,431] [INFO] [ai_detector.logging.logger] - Precision: 0.8506 | Recall: 0.8506 | F1: 0.8506
[2026-05-25 04:26:35,208] [INFO] [ai_detector.logging.logger] - [TEST]  Accuracy: 0.9262 | Loss: 0.2600
[2026-05-25 04:26:35,208] [INFO] [ai_detector.logging.logger] - Precision: 0.9262 | Recall: 0.9262 | F1: 0.9262
[2026-05-25 04:26:35,500] [INFO] [ai_detector.logging.logger] - 
======================================== Epoch 2/10 ========================================
