[2026-05-25 04:26:57,528] [INFO] [ai_detector.logging.logger] - Logginng initialized. Logs will be Saved to: logs/2026_05_25_04_%NM_57.log
[2026-05-25 04:27:02,265] [INFO] [ai_detector.logging.logger] - Initializing GPU memory management...
[2026-05-25 04:27:02,265] [INFO] [ai_detector.logging.logger] - ✓ GPU memory cleared and optimized
[2026-05-25 04:27:02,265] [INFO] [ai_detector.logging.logger] - ✓ Using GPU: NVIDIA GeForce GTX 1650 (3.90 GB)
[2026-05-25 04:27:02,266] [INFO] [ai_detector.logging.logger] - GPU Memory - Total: 3.90GB | Allocated: 0.00GB | Free: 3.90GB | Used: 0.0%
[2026-05-25 04:27:02,266] [INFO] [ai_detector.logging.logger] - Starting training...
[2026-05-25 04:27:02,266] [INFO] [ai_detector.logging.logger] - TrainingPipeline initialized
[2026-05-25 04:27:02,266] [INFO] [ai_detector.logging.logger] - Artifact directory: artifacts/2026_05_25_04_27_02
[2026-05-25 04:27:02,266] [INFO] [ai_detector.logging.logger] - 


[2026-05-25 04:27:02,266] [INFO] [ai_detector.logging.logger] - ============================================================================
[2026-05-25 04:27:02,266] [INFO] [ai_detector.logging.logger] -  STARTING COMPLETE TRAINING PIPELINE
[2026-05-25 04:27:02,266] [INFO] [ai_detector.logging.logger] - ============================================================================
[2026-05-25 04:27:02,266] [INFO] [ai_detector.logging.logger] - 
================================================================================
[2026-05-25 04:27:02,266] [INFO] [ai_detector.logging.logger] - STEP 1: DATA INGESTION
[2026-05-25 04:27:02,266] [INFO] [ai_detector.logging.logger] - ================================================================================
[2026-05-25 04:27:02,266] [INFO] [ai_detector.logging.logger] - DataIngestion Initialized
[2026-05-25 04:27:02,266] [INFO] [ai_detector.logging.logger] - Starting DataIngestion
[2026-05-25 04:27:02,266] [INFO] [ai_detector.logging.logger] - Loading dataset from image_data
[2026-05-25 04:27:02,268] [INFO] [ai_detector.logging.logger] - Classes: {'Ai_generated_dataset': 0, 'real_dataset': 1}
[2026-05-25 04:27:02,269] [INFO] [ai_detector.logging.logger] - Total: 995 | Train: 696 | Val: 149 | Test: 150
[2026-05-25 04:27:02,269] [INFO] [ai_detector.logging.logger] - Dataset split complete - Train: 696, Val: 149, Test: 150
[2026-05-25 04:27:02,269] [INFO] [ai_detector.logging.logger] - Leakage Removed
[2026-05-25 04:27:02,269] [INFO] [ai_detector.logging.logger] - ✓ Data Ingestion complete
[2026-05-25 04:27:02,269] [INFO] [ai_detector.logging.logger] - 
================================================================================
[2026-05-25 04:27:02,269] [INFO] [ai_detector.logging.logger] - STEP 2: DATA VALIDATION
[2026-05-25 04:27:02,269] [INFO] [ai_detector.logging.logger] - ================================================================================
[2026-05-25 04:27:02,269] [INFO] [ai_detector.logging.logger] - DataValidation Initialized
[2026-05-25 04:27:02,270] [INFO] [ai_detector.logging.logger] - Starting Data Validation
[2026-05-25 04:27:02,270] [INFO] [ai_detector.logging.logger] - Validating datasets...
[2026-05-25 04:27:02,270] [INFO] [ai_detector.logging.logger] - Validation Passed: Train=696, val=149, test=150
[2026-05-25 04:27:02,270] [INFO] [ai_detector.logging.logger] - DataValidation Complete
[2026-05-25 04:27:02,270] [INFO] [ai_detector.logging.logger] - ✓ Data Validation complete
[2026-05-25 04:27:02,270] [INFO] [ai_detector.logging.logger] - 
================================================================================
[2026-05-25 04:27:02,270] [INFO] [ai_detector.logging.logger] - STEP 3: DATA TRANSFORMATION
[2026-05-25 04:27:02,270] [INFO] [ai_detector.logging.logger] - ================================================================================
[2026-05-25 04:27:02,270] [INFO] [ai_detector.logging.logger] - DataTransformation initialized
[2026-05-25 04:27:02,270] [INFO] [ai_detector.logging.logger] - Starting DataTransformation
[2026-05-25 04:27:02,270] [INFO] [ai_detector.logging.logger] - Creating DataLoaders with transforms per split...
[2026-05-25 04:27:02,270] [INFO] [ai_detector.logging.logger] - Creating loaders for model_1 and model_2...
[2026-05-25 04:27:02,270] [INFO] [ai_detector.logging.logger] - ✓ Created loaders for model_1 and model_2
[2026-05-25 04:27:02,271] [INFO] [ai_detector.logging.logger] - Creating loaders for model_3 and model_4...
[2026-05-25 04:27:02,271] [INFO] [ai_detector.logging.logger] - ✓ Created loaders for model_3 and model_4
[2026-05-25 04:27:02,271] [INFO] [ai_detector.logging.logger] - DataTransformation completed - No data leakage! (Hopefully LMAO)
[2026-05-25 04:27:02,271] [INFO] [ai_detector.logging.logger] - ✓ Data Transformation complete
[2026-05-25 04:27:02,271] [INFO] [ai_detector.logging.logger] - 
================================================================================
[2026-05-25 04:27:02,271] [INFO] [ai_detector.logging.logger] - STEP 5: MODEL EVALUATION
[2026-05-25 04:27:02,271] [INFO] [ai_detector.logging.logger] - ================================================================================
[2026-05-25 04:27:02,271] [INFO] [ai_detector.logging.logger] - Loading models for evaluation...
[2026-05-25 04:27:02,271] [INFO] [ai_detector.logging.logger] - ModelLoader initialized on device: cuda
[2026-05-25 04:27:02,271] [INFO] [ai_detector.logging.logger] - Loading all 4 models...
[2026-05-25 04:27:02,271] [INFO] [ai_detector.logging.logger] - Loading Model 1 (Custom CNN) from models/model_tiny_vgg_cnn.pth...
[2026-05-25 04:27:02,562] [INFO] [ai_detector.logging.logger] - ✓ Model 1 loaded successfully
[2026-05-25 04:27:02,562] [INFO] [ai_detector.logging.logger] - Loading Model 2 (EfficientNet B0) from models/model_1_resnet_b0.pth...
[2026-05-25 04:27:02,753] [INFO] [ai_detector.logging.logger] - ✓ Model 2 loaded successfully
[2026-05-25 04:27:02,753] [INFO] [ai_detector.logging.logger] - Loading Model 3 (ViT B-16) from models/model_2_ViT_b16.pth...
[2026-05-25 04:27:04,391] [INFO] [ai_detector.logging.logger] - ✓ Model 3 loaded successfully
[2026-05-25 04:27:04,392] [INFO] [ai_detector.logging.logger] - Loading Model 4 (Hybrid) from models/model_3_Hybrid.pth...
[2026-05-25 04:27:04,829] [INFO] [ai_detector.logging.logger] - ✓ Model 4 loaded successfully
[2026-05-25 04:27:04,830] [INFO] [ai_detector.logging.logger] - ✓ All 4 models loaded successfully
[2026-05-25 04:27:04,830] [INFO] [ai_detector.logging.logger] - ✓ ModelEvaluator initialized
[2026-05-25 04:27:04,830] [INFO] [ai_detector.logging.logger] - 
========================================
[2026-05-25 04:27:04,830] [INFO] [ai_detector.logging.logger] - STARTING MODEL EVALUATION
[2026-05-25 04:27:04,830] [INFO] [ai_detector.logging.logger] - ========================================
[2026-05-25 04:27:04,830] [INFO] [ai_detector.logging.logger] - MLflow tracking URI: http://localhost:5000
[2026-05-25 04:27:04,868] [INFO] [ai_detector.logging.logger] - MLflow experiment: ai-vs-real-detector
[2026-05-25 04:27:05,146] [INFO] [ai_detector.logging.logger] - MLflow run started: model_evaluation
[2026-05-25 04:27:05,146] [INFO] [ai_detector.logging.logger] - 
================================================================================
[2026-05-25 04:27:05,146] [INFO] [ai_detector.logging.logger] - EVALUATING ALL 4 MODELS ON TEST SET
[2026-05-25 04:27:05,146] [INFO] [ai_detector.logging.logger] - ================================================================================
[2026-05-25 04:27:05,146] [INFO] [ai_detector.logging.logger] - 
Evaluating model_1...
[2026-05-25 04:27:11,489] [INFO] [ai_detector.logging.logger] - ✓ model_1 Evaluation Complete
[2026-05-25 04:27:11,490] [INFO] [ai_detector.logging.logger] -   Accuracy: 0.9267
[2026-05-25 04:27:11,490] [INFO] [ai_detector.logging.logger] -   Precision: 0.9141
[2026-05-25 04:27:11,490] [INFO] [ai_detector.logging.logger] -   Recall: 1.0000
[2026-05-25 04:27:11,490] [INFO] [ai_detector.logging.logger] -   F1: 0.9551
[2026-05-25 04:27:11,490] [INFO] [ai_detector.logging.logger] -   ROC-AUC: 0.9112
[2026-05-25 04:27:11,490] [INFO] [ai_detector.logging.logger] - 
Evaluating model_2...
[2026-05-25 04:27:13,022] [INFO] [ai_detector.logging.logger] - ✓ model_2 Evaluation Complete
[2026-05-25 04:27:13,022] [INFO] [ai_detector.logging.logger] -   Accuracy: 0.8933
[2026-05-25 04:27:13,022] [INFO] [ai_detector.logging.logger] -   Precision: 0.8915
[2026-05-25 04:27:13,022] [INFO] [ai_detector.logging.logger] -   Recall: 0.9829
[2026-05-25 04:27:13,022] [INFO] [ai_detector.logging.logger] -   F1: 0.9350
[2026-05-25 04:27:13,022] [INFO] [ai_detector.logging.logger] -   ROC-AUC: 0.9466
[2026-05-25 04:27:13,022] [INFO] [ai_detector.logging.logger] - 
Evaluating model_3...
[2026-05-25 04:27:17,384] [INFO] [ai_detector.logging.logger] - ✓ model_3 Evaluation Complete
[2026-05-25 04:27:17,384] [INFO] [ai_detector.logging.logger] -   Accuracy: 0.6267
[2026-05-25 04:27:17,384] [INFO] [ai_detector.logging.logger] -   Precision: 1.0000
[2026-05-25 04:27:17,384] [INFO] [ai_detector.logging.logger] -   Recall: 0.5214
[2026-05-25 04:27:17,384] [INFO] [ai_detector.logging.logger] -   F1: 0.6854
[2026-05-25 04:27:17,384] [INFO] [ai_detector.logging.logger] -   ROC-AUC: 0.9005
[2026-05-25 04:27:17,384] [INFO] [ai_detector.logging.logger] - 
Evaluating model_4...
[2026-05-25 04:27:21,963] [INFO] [ai_detector.logging.logger] - ✓ model_4 Evaluation Complete
[2026-05-25 04:27:21,963] [INFO] [ai_detector.logging.logger] -   Accuracy: 0.9400
[2026-05-25 04:27:21,963] [INFO] [ai_detector.logging.logger] -   Precision: 0.9576
[2026-05-25 04:27:21,964] [INFO] [ai_detector.logging.logger] -   Recall: 0.9658
[2026-05-25 04:27:21,964] [INFO] [ai_detector.logging.logger] -   F1: 0.9617
[2026-05-25 04:27:21,964] [INFO] [ai_detector.logging.logger] -   ROC-AUC: 0.9767
[2026-05-25 04:27:21,964] [INFO] [ai_detector.logging.logger] - 
================================================================================
[2026-05-25 04:27:21,964] [INFO] [ai_detector.logging.logger] - ✓ ALL MODELS EVALUATED
[2026-05-25 04:27:21,964] [INFO] [ai_detector.logging.logger] - ================================================================================
[2026-05-25 04:27:23,264] [INFO] [ai_detector.logging.logger] - 
Generating comparison report...
[2026-05-25 04:27:23,271] [INFO] [ai_detector.logging.logger] - ✓ Saved report to artifacts/2026_05_25_04_27_02/model_evaluation/model_comparison.csv
[2026-05-25 04:27:23,272] [INFO] [ai_detector.logging.logger] - 
================================================================================
[2026-05-25 04:27:23,272] [INFO] [ai_detector.logging.logger] - MODEL COMPARISON REPORT
[2026-05-25 04:27:23,272] [INFO] [ai_detector.logging.logger] - ================================================================================
[2026-05-25 04:27:23,279] [INFO] [ai_detector.logging.logger] -      Model Accuracy Precision  Recall F1-Score ROC-AUC
0  model_1   0.9267    0.9141  1.0000   0.9551  0.9112
1  model_2   0.8933    0.8915  0.9829   0.9350  0.9466
2  model_3   0.6267    1.0000  0.5214   0.6854  0.9005
3  model_4   0.9400    0.9576  0.9658   0.9617  0.9767
[2026-05-25 04:27:23,279] [INFO] [ai_detector.logging.logger] - ================================================================================
[2026-05-25 04:27:23,386] [INFO] [ai_detector.logging.logger] - Logged artifact: artifacts/2026_05_25_04_27_02/model_evaluation/model_comparison.csv
[2026-05-25 04:27:23,386] [INFO] [ai_detector.logging.logger] - 
Generating confusion matrices...
[2026-05-25 04:27:23,560] [INFO] [ai_detector.logging.logger] - ✓ Saved confusion matrix to artifacts/2026_05_25_04_27_02/model_evaluation/confusion_matrices/model_1_confusion_matrix.png
[2026-05-25 04:27:23,682] [INFO] [ai_detector.logging.logger] - ✓ Saved confusion matrix to artifacts/2026_05_25_04_27_02/model_evaluation/confusion_matrices/model_2_confusion_matrix.png
[2026-05-25 04:27:23,807] [INFO] [ai_detector.logging.logger] - ✓ Saved confusion matrix to artifacts/2026_05_25_04_27_02/model_evaluation/confusion_matrices/model_3_confusion_matrix.png
[2026-05-25 04:27:23,930] [INFO] [ai_detector.logging.logger] - ✓ Saved confusion matrix to artifacts/2026_05_25_04_27_02/model_evaluation/confusion_matrices/model_4_confusion_matrix.png
[2026-05-25 04:27:24,549] [INFO] [ai_detector.logging.logger] - ✓ Saved all confusion matrices to artifacts/2026_05_25_04_27_02/model_evaluation/confusion_matrices/all_confusion_matrices.png
[2026-05-25 04:27:24,549] [INFO] [ai_detector.logging.logger] - ✓ Confusion matrices generated
[2026-05-25 04:27:24,747] [INFO] [ai_detector.logging.logger] - Logged artifact: artifacts/2026_05_25_04_27_02/model_evaluation/confusion_matrices
[2026-05-25 04:27:24,747] [INFO] [ai_detector.logging.logger] - 
Generating comparison plots...
[2026-05-25 04:27:25,168] [INFO] [ai_detector.logging.logger] - ✓ Saved comparison plot to artifacts/2026_05_25_04_27_02/model_evaluation/confusion_matrices/model_comparison.png
[2026-05-25 04:27:25,168] [INFO] [ai_detector.logging.logger] - ✓ Comparison plots generated
[2026-05-25 04:27:25,169] [INFO] [ai_detector.logging.logger] - 
Generating detailed reports...
[2026-05-25 04:27:25,169] [INFO] [ai_detector.logging.logger] - ✓ Saved report for model_1
[2026-05-25 04:27:25,169] [INFO] [ai_detector.logging.logger] - ✓ Saved report for model_2
[2026-05-25 04:27:25,169] [INFO] [ai_detector.logging.logger] - ✓ Saved report for model_3
[2026-05-25 04:27:25,169] [INFO] [ai_detector.logging.logger] - ✓ Saved report for model_4
[2026-05-25 04:27:25,268] [INFO] [ai_detector.logging.logger] - Logged 1 parameters
[2026-05-25 04:27:25,268] [INFO] [ai_detector.logging.logger] - 
========================================
[2026-05-25 04:27:25,268] [INFO] [ai_detector.logging.logger] - BEST MODEL: model_4 with Accuracy: 0.9400
[2026-05-25 04:27:25,268] [INFO] [ai_detector.logging.logger] - ========================================
[2026-05-25 04:27:25,389] [INFO] [ai_detector.logging.logger] - MLflow run ended
[2026-05-25 04:27:25,389] [INFO] [ai_detector.logging.logger] - ✓ Model Evaluation complete
[2026-05-25 04:27:25,390] [INFO] [ai_detector.logging.logger] - 
================================================================================
[2026-05-25 04:27:25,390] [INFO] [ai_detector.logging.logger] - STEP 4: MODEL TRAINING
[2026-05-25 04:27:25,390] [INFO] [ai_detector.logging.logger] - ================================================================================
[2026-05-25 04:27:25,397] [INFO] [ai_detector.logging.logger] - ModelTrainer initialized
[2026-05-25 04:27:25,397] [INFO] [ai_detector.logging.logger] - Starting Model Trainer - Training All 4 Models
[2026-05-25 04:27:25,397] [INFO] [ai_detector.logging.logger] - ================================================================================
[2026-05-25 04:27:25,397] [INFO] [ai_detector.logging.logger] - Training Model 1 (Custom CNN)
[2026-05-25 04:27:25,397] [INFO] [ai_detector.logging.logger] - ================================================================================
[2026-05-25 04:27:25,397] [INFO] [ai_detector.logging.logger] - MLflow tracking URI: http://localhost:5000
[2026-05-25 04:27:25,450] [INFO] [ai_detector.logging.logger] - MLflow experiment: ai-vs-real-detector
[2026-05-25 04:27:25,728] [INFO] [ai_detector.logging.logger] - MLflow run started: model_1_custom_cnn
[2026-05-25 04:27:26,186] [INFO] [ai_detector.logging.logger] - Logged 7 parameters
[2026-05-25 04:27:26,264] [INFO] [ai_detector.logging.logger] - 
======================================== Epoch 1/10 ========================================
[2026-05-25 04:27:43,215] [INFO] [ai_detector.logging.logger] - [TRAIN] Accuracy: 0.7184 | Loss: 0.6749
[2026-05-25 04:27:43,215] [INFO] [ai_detector.logging.logger] - Precision: 0.7412 | Recall: 0.9493 | F1: 0.8325
[2026-05-25 04:27:45,030] [INFO] [ai_detector.logging.logger] - [TEST]  Accuracy: 0.7718 | Loss: 0.5926
[2026-05-25 04:27:45,030] [INFO] [ai_detector.logging.logger] - Precision: 0.7718 | Recall: 1.0000 | F1: 0.8712
[2026-05-25 04:27:45,319] [INFO] [ai_detector.logging.logger] - 
======================================== Epoch 2/10 ========================================
[2026-05-25 04:28:01,674] [INFO] [ai_detector.logging.logger] - [TRAIN] Accuracy: 0.7371 | Loss: 0.6065
[2026-05-25 04:28:01,675] [INFO] [ai_detector.logging.logger] - Precision: 0.7371 | Recall: 1.0000 | F1: 0.8486
[2026-05-25 04:28:03,428] [INFO] [ai_detector.logging.logger] - [TEST]  Accuracy: 0.7718 | Loss: 0.5650
[2026-05-25 04:28:03,428] [INFO] [ai_detector.logging.logger] - Precision: 0.7718 | Recall: 1.0000 | F1: 0.8712
[2026-05-25 04:28:03,724] [INFO] [ai_detector.logging.logger] - 
======================================== Epoch 3/10 ========================================
[2026-05-25 04:28:20,329] [INFO] [ai_detector.logging.logger] - [TRAIN] Accuracy: 0.7371 | Loss: 0.5947
[2026-05-25 04:28:20,329] [INFO] [ai_detector.logging.logger] - Precision: 0.7371 | Recall: 1.0000 | F1: 0.8486
[2026-05-25 04:28:22,013] [INFO] [ai_detector.logging.logger] - [TEST]  Accuracy: 0.7718 | Loss: 0.5528
[2026-05-25 04:28:22,013] [INFO] [ai_detector.logging.logger] - Precision: 0.7718 | Recall: 1.0000 | F1: 0.8712
[2026-05-25 04:28:22,307] [INFO] [ai_detector.logging.logger] - 
======================================== Epoch 4/10 ========================================
[2026-05-25 04:28:38,532] [INFO] [ai_detector.logging.logger] - [TRAIN] Accuracy: 0.7543 | Loss: 0.5513
[2026-05-25 04:28:38,533] [INFO] [ai_detector.logging.logger] - Precision: 0.7599 | Recall: 0.9747 | F1: 0.8540
[2026-05-25 04:28:40,244] [INFO] [ai_detector.logging.logger] - [TEST]  Accuracy: 0.7718 | Loss: 0.5450
[2026-05-25 04:28:40,244] [INFO] [ai_detector.logging.logger] - Precision: 0.7718 | Recall: 1.0000 | F1: 0.8712
[2026-05-25 04:28:40,535] [INFO] [ai_detector.logging.logger] - 
======================================== Epoch 5/10 ========================================
[2026-05-25 04:28:57,112] [INFO] [ai_detector.logging.logger] - [TRAIN] Accuracy: 0.7457 | Loss: 0.5752
[2026-05-25 04:28:57,112] [INFO] [ai_detector.logging.logger] - Precision: 0.7449 | Recall: 0.9961 | F1: 0.8524
[2026-05-25 04:28:58,819] [INFO] [ai_detector.logging.logger] - [TEST]  Accuracy: 0.8725 | Loss: 0.3637
[2026-05-25 04:28:58,819] [INFO] [ai_detector.logging.logger] - Precision: 0.8750 | Recall: 0.9739 | F1: 0.9218
[2026-05-25 04:28:59,109] [INFO] [ai_detector.logging.logger] - 
======================================== Epoch 6/10 ========================================
[2026-05-25 04:29:15,478] [INFO] [ai_detector.logging.logger] - [TRAIN] Accuracy: 0.8046 | Loss: 0.4557
[2026-05-25 04:29:15,478] [INFO] [ai_detector.logging.logger] - Precision: 0.8179 | Recall: 0.9454 | F1: 0.8770
[2026-05-25 04:29:17,181] [INFO] [ai_detector.logging.logger] - [TEST]  Accuracy: 0.8591 | Loss: 0.3309
[2026-05-25 04:29:17,181] [INFO] [ai_detector.logging.logger] - Precision: 0.9352 | Recall: 0.8783 | F1: 0.9058
[2026-05-25 04:29:17,473] [INFO] [ai_detector.logging.logger] - 
======================================== Epoch 7/10 ========================================
[2026-05-25 04:29:34,423] [INFO] [ai_detector.logging.logger] - [TRAIN] Accuracy: 0.7974 | Loss: 0.4565
[2026-05-25 04:29:34,423] [INFO] [ai_detector.logging.logger] - Precision: 0.8079 | Recall: 0.9513 | F1: 0.8738
[2026-05-25 04:29:36,091] [INFO] [ai_detector.logging.logger] - [TEST]  Accuracy: 0.9128 | Loss: 0.3053
[2026-05-25 04:29:36,091] [INFO] [ai_detector.logging.logger] - Precision: 0.9113 | Recall: 0.9826 | F1: 0.9456
[2026-05-25 04:29:36,382] [INFO] [ai_detector.logging.logger] - 
======================================== Epoch 8/10 ========================================
[2026-05-25 04:29:53,028] [INFO] [ai_detector.logging.logger] - [TRAIN] Accuracy: 0.8362 | Loss: 0.4062
[2026-05-25 04:29:53,028] [INFO] [ai_detector.logging.logger] - Precision: 0.8399 | Recall: 0.9610 | F1: 0.8964
[2026-05-25 04:29:54,643] [INFO] [ai_detector.logging.logger] - [TEST]  Accuracy: 0.9060 | Loss: 0.2662
[2026-05-25 04:29:54,643] [INFO] [ai_detector.logging.logger] - Precision: 0.9244 | Recall: 0.9565 | F1: 0.9402
[2026-05-25 04:29:54,953] [INFO] [ai_detector.logging.logger] - 
======================================== Epoch 9/10 ========================================
[2026-05-25 04:30:11,076] [INFO] [ai_detector.logging.logger] - [TRAIN] Accuracy: 0.8175 | Loss: 0.4149
[2026-05-25 04:30:11,076] [INFO] [ai_detector.logging.logger] - Precision: 0.8260 | Recall: 0.9532 | F1: 0.8851
[2026-05-25 04:30:12,702] [INFO] [ai_detector.logging.logger] - [TEST]  Accuracy: 0.9128 | Loss: 0.3294
[2026-05-25 04:30:12,702] [INFO] [ai_detector.logging.logger] - Precision: 0.9722 | Recall: 0.9130 | F1: 0.9417
[2026-05-25 04:30:12,989] [INFO] [ai_detector.logging.logger] - 
======================================== Epoch 10/10 ========================================
[2026-05-25 04:30:28,944] [INFO] [ai_detector.logging.logger] - [TRAIN] Accuracy: 0.8075 | Loss: 0.4394
[2026-05-25 04:30:28,944] [INFO] [ai_detector.logging.logger] - Precision: 0.8206 | Recall: 0.9454 | F1: 0.8786
[2026-05-25 04:30:30,547] [INFO] [ai_detector.logging.logger] - [TEST]  Accuracy: 0.9128 | Loss: 0.3019
[2026-05-25 04:30:30,547] [INFO] [ai_detector.logging.logger] - Precision: 0.9113 | Recall: 0.9826 | F1: 0.9456
[2026-05-25 04:30:30,846] [INFO] [ai_detector.logging.logger] - 
========================================
[2026-05-25 04:30:30,846] [INFO] [ai_detector.logging.logger] - TESTING Model 1
[2026-05-25 04:30:30,846] [INFO] [ai_detector.logging.logger] - ========================================
[2026-05-25 04:30:32,259] [INFO] [ai_detector.logging.logger] - [TEST]  Accuracy: 0.8600 | Loss: 0.3867
[2026-05-25 04:30:32,259] [INFO] [ai_detector.logging.logger] - Precision: 0.8871 | Recall: 0.9402 | F1: 0.9129
[2026-05-25 04:30:32,641] [INFO] [ai_detector.logging.logger] - ✓ Model 1 saved to artifacts/2026_05_25_04_27_02/model_trainer/model_1_custom_cnn.pth
[2026-05-25 04:30:42,857] [INFO] [ai_detector.logging.logger] - Logged model to model_1
[2026-05-25 04:30:42,979] [INFO] [ai_detector.logging.logger] - MLflow run ended
[2026-05-25 04:30:42,980] [INFO] [ai_detector.logging.logger] - ================================================================================
[2026-05-25 04:30:42,980] [INFO] [ai_detector.logging.logger] - Training Model 2 (EfficientNet B0)
[2026-05-25 04:30:42,980] [INFO] [ai_detector.logging.logger] - ================================================================================
[2026-05-25 04:30:42,980] [INFO] [ai_detector.logging.logger] - MLflow tracking URI: http://localhost:5000
[2026-05-25 04:30:43,030] [INFO] [ai_detector.logging.logger] - MLflow experiment: ai-vs-real-detector
[2026-05-25 04:30:43,304] [INFO] [ai_detector.logging.logger] - MLflow run started: model_2_efficientnet
[2026-05-25 04:30:43,700] [INFO] [ai_detector.logging.logger] - Logged 6 parameters
[2026-05-25 04:30:43,849] [INFO] [ai_detector.logging.logger] - 
======================================== Epoch 1/10 ========================================
[2026-05-25 04:31:00,340] [INFO] [ai_detector.logging.logger] - [TRAIN] Accuracy: 0.8506 | Loss: 0.3720
[2026-05-25 04:31:00,340] [INFO] [ai_detector.logging.logger] - Precision: 0.8971 | Recall: 0.9006 | F1: 0.8988
[2026-05-25 04:31:02,048] [INFO] [ai_detector.logging.logger] - [TEST]  Accuracy: 0.9262 | Loss: 0.2600
[2026-05-25 04:31:02,048] [INFO] [ai_detector.logging.logger] - Precision: 0.9194 | Recall: 0.9913 | F1: 0.9540
[2026-05-25 04:31:02,336] [INFO] [ai_detector.logging.logger] - 
======================================== Epoch 2/10 ========================================
[2026-05-25 04:31:18,669] [INFO] [ai_detector.logging.logger] - [TRAIN] Accuracy: 0.8793 | Loss: 0.2720
[2026-05-25 04:31:18,669] [INFO] [ai_detector.logging.logger] - Precision: 0.9214 | Recall: 0.9142 | F1: 0.9178
[2026-05-25 04:31:20,312] [INFO] [ai_detector.logging.logger] - [TEST]  Accuracy: 0.8322 | Loss: 0.2856
[2026-05-25 04:31:20,312] [INFO] [ai_detector.logging.logger] - Precision: 0.9891 | Recall: 0.7913 | F1: 0.8792
[2026-05-25 04:31:20,616] [INFO] [ai_detector.logging.logger] - 
======================================== Epoch 3/10 ========================================
[2026-05-25 04:31:36,959] [INFO] [ai_detector.logging.logger] - [TRAIN] Accuracy: 0.8649 | Loss: 0.3077
[2026-05-25 04:31:36,959] [INFO] [ai_detector.logging.logger] - Precision: 0.9116 | Recall: 0.9045 | F1: 0.9080
[2026-05-25 04:31:38,576] [INFO] [ai_detector.logging.logger] - [TEST]  Accuracy: 0.9463 | Loss: 0.1344
[2026-05-25 04:31:38,576] [INFO] [ai_detector.logging.logger] - Precision: 0.9496 | Recall: 0.9826 | F1: 0.9658
[2026-05-25 04:31:38,873] [INFO] [ai_detector.logging.logger] - 
======================================== Epoch 4/10 ========================================
[2026-05-25 04:31:55,585] [INFO] [ai_detector.logging.logger] - [TRAIN] Accuracy: 0.9181 | Loss: 0.2208
[2026-05-25 04:31:55,586] [INFO] [ai_detector.logging.logger] - Precision: 0.9471 | Recall: 0.9415 | F1: 0.9443
[2026-05-25 04:31:57,223] [INFO] [ai_detector.logging.logger] - [TEST]  Accuracy: 0.9530 | Loss: 0.1278
[2026-05-25 04:31:57,224] [INFO] [ai_detector.logging.logger] - Precision: 0.9500 | Recall: 0.9913 | F1: 0.9702
[2026-05-25 04:31:57,534] [INFO] [ai_detector.logging.logger] - 
======================================== Epoch 5/10 ========================================
[2026-05-25 04:32:13,557] [INFO] [ai_detector.logging.logger] - [TRAIN] Accuracy: 0.9037 | Loss: 0.2585
[2026-05-25 04:32:13,557] [INFO] [ai_detector.logging.logger] - Precision: 0.9256 | Recall: 0.9454 | F1: 0.9354
[2026-05-25 04:32:15,231] [INFO] [ai_detector.logging.logger] - [TEST]  Accuracy: 0.9262 | Loss: 0.1539
[2026-05-25 04:32:15,231] [INFO] [ai_detector.logging.logger] - Precision: 0.9727 | Recall: 0.9304 | F1: 0.9511
[2026-05-25 04:32:15,527] [INFO] [ai_detector.logging.logger] - 
======================================== Epoch 6/10 ========================================
[2026-05-25 04:32:31,687] [INFO] [ai_detector.logging.logger] - [TRAIN] Accuracy: 0.8951 | Loss: 0.2496
[2026-05-25 04:32:31,687] [INFO] [ai_detector.logging.logger] - Precision: 0.9247 | Recall: 0.9337 | F1: 0.9292
[2026-05-25 04:32:33,306] [INFO] [ai_detector.logging.logger] - [TEST]  Accuracy: 0.9329 | Loss: 0.1673
[2026-05-25 04:32:33,306] [INFO] [ai_detector.logging.logger] - Precision: 0.9730 | Recall: 0.9391 | F1: 0.9558
[2026-05-25 04:32:33,601] [INFO] [ai_detector.logging.logger] - 
======================================== Epoch 7/10 ========================================
[2026-05-25 04:32:50,172] [INFO] [ai_detector.logging.logger] - [TRAIN] Accuracy: 0.9296 | Loss: 0.1799
[2026-05-25 04:32:50,172] [INFO] [ai_detector.logging.logger] - Precision: 0.9479 | Recall: 0.9571 | F1: 0.9525
[2026-05-25 04:32:51,777] [INFO] [ai_detector.logging.logger] - [TEST]  Accuracy: 0.9664 | Loss: 0.0712
[2026-05-25 04:32:51,777] [INFO] [ai_detector.logging.logger] - Precision: 0.9825 | Recall: 0.9739 | F1: 0.9782
[2026-05-25 04:32:52,075] [INFO] [ai_detector.logging.logger] - 
======================================== Epoch 8/10 ========================================
[2026-05-25 04:33:08,124] [INFO] [ai_detector.logging.logger] - [TRAIN] Accuracy: 0.9167 | Loss: 0.2035
[2026-05-25 04:33:08,125] [INFO] [ai_detector.logging.logger] - Precision: 0.9400 | Recall: 0.9474 | F1: 0.9437
[2026-05-25 04:33:09,760] [INFO] [ai_detector.logging.logger] - [TEST]  Accuracy: 0.9664 | Loss: 0.0668
[2026-05-25 04:33:09,760] [INFO] [ai_detector.logging.logger] - Precision: 1.0000 | Recall: 0.9565 | F1: 0.9778
[2026-05-25 04:33:10,063] [INFO] [ai_detector.logging.logger] - 
======================================== Epoch 9/10 ========================================
[2026-05-25 04:33:26,312] [INFO] [ai_detector.logging.logger] - [TRAIN] Accuracy: 0.9167 | Loss: 0.2407
[2026-05-25 04:33:26,313] [INFO] [ai_detector.logging.logger] - Precision: 0.9367 | Recall: 0.9513 | F1: 0.9439
[2026-05-25 04:33:27,918] [INFO] [ai_detector.logging.logger] - [TEST]  Accuracy: 0.9933 | Loss: 0.0493
[2026-05-25 04:33:27,918] [INFO] [ai_detector.logging.logger] - Precision: 1.0000 | Recall: 0.9913 | F1: 0.9956
[2026-05-25 04:33:28,217] [INFO] [ai_detector.logging.logger] - 
======================================== Epoch 10/10 ========================================
[2026-05-25 04:33:44,639] [INFO] [ai_detector.logging.logger] - [TRAIN] Accuracy: 0.9353 | Loss: 0.1631
[2026-05-25 04:33:44,639] [INFO] [ai_detector.logging.logger] - Precision: 0.9570 | Recall: 0.9552 | F1: 0.9561
[2026-05-25 04:33:46,281] [INFO] [ai_detector.logging.logger] - [TEST]  Accuracy: 0.9530 | Loss: 0.0980
[2026-05-25 04:33:46,281] [INFO] [ai_detector.logging.logger] - Precision: 0.9909 | Recall: 0.9478 | F1: 0.9689
[2026-05-25 04:33:46,580] [INFO] [ai_detector.logging.logger] - 
========================================
[2026-05-25 04:33:46,580] [INFO] [ai_detector.logging.logger] - TESTING Model 2
[2026-05-25 04:33:46,580] [INFO] [ai_detector.logging.logger] - ========================================
[2026-05-25 04:33:48,011] [INFO] [ai_detector.logging.logger] - [TEST]  Accuracy: 0.9533 | Loss: 0.0890
[2026-05-25 04:33:48,011] [INFO] [ai_detector.logging.logger] - Precision: 0.9661 | Recall: 0.9744 | F1: 0.9702
[2026-05-25 04:33:48,436] [INFO] [ai_detector.logging.logger] - ✓ Model 2 saved to artifacts/2026_05_25_04_27_02/model_trainer/model_2_efficientnet.pth
[2026-05-25 04:33:57,011] [INFO] [ai_detector.logging.logger] - Logged model to model_2
[2026-05-25 04:33:57,136] [INFO] [ai_detector.logging.logger] - MLflow run ended
[2026-05-25 04:33:57,138] [INFO] [ai_detector.logging.logger] - ================================================================================
[2026-05-25 04:33:57,138] [INFO] [ai_detector.logging.logger] - Training Model 3 (ViT B-16)
[2026-05-25 04:33:57,138] [INFO] [ai_detector.logging.logger] - ================================================================================
[2026-05-25 04:33:57,139] [INFO] [ai_detector.logging.logger] - MLflow tracking URI: http://localhost:5000
[2026-05-25 04:33:57,192] [INFO] [ai_detector.logging.logger] - MLflow experiment: ai-vs-real-detector
[2026-05-25 04:33:57,468] [INFO] [ai_detector.logging.logger] - MLflow run started: model_3_vit
[2026-05-25 04:33:57,803] [INFO] [ai_detector.logging.logger] - Logged 5 parameters
[2026-05-25 04:33:59,012] [INFO] [ai_detector.logging.logger] - 
======================================== Epoch 1/10 ========================================
[2026-05-25 04:34:58,276] [INFO] [ai_detector.logging.logger] - [TRAIN] Accuracy: 0.7184 | Loss: 0.6808
[2026-05-25 04:34:58,277] [INFO] [ai_detector.logging.logger] - Precision: 0.7369 | Recall: 0.9610 | F1: 0.8342
[2026-05-25 04:35:03,009] [INFO] [ai_detector.logging.logger] - [TEST]  Accuracy: 0.7718 | Loss: 0.4855
[2026-05-25 04:35:03,009] [INFO] [ai_detector.logging.logger] - Precision: 0.7718 | Recall: 1.0000 | F1: 0.8712
[2026-05-25 04:35:03,318] [INFO] [ai_detector.logging.logger] - 
======================================== Epoch 2/10 ========================================
[2026-05-25 04:36:02,325] [INFO] [ai_detector.logging.logger] - [TRAIN] Accuracy: 0.7112 | Loss: 0.6551
[2026-05-25 04:36:02,333] [INFO] [ai_detector.logging.logger] - Precision: 0.7415 | Recall: 0.9337 | F1: 0.8266
[2026-05-25 04:36:07,009] [INFO] [ai_detector.logging.logger] - [TEST]  Accuracy: 0.7718 | Loss: 0.6373
[2026-05-25 04:36:07,009] [INFO] [ai_detector.logging.logger] - Precision: 0.7718 | Recall: 1.0000 | F1: 0.8712
[2026-05-25 04:36:07,313] [INFO] [ai_detector.logging.logger] - 
======================================== Epoch 3/10 ========================================
[2026-05-25 04:37:06,255] [INFO] [ai_detector.logging.logger] - [TRAIN] Accuracy: 0.7011 | Loss: 0.5998
[2026-05-25 04:37:06,264] [INFO] [ai_detector.logging.logger] - Precision: 0.7417 | Recall: 0.9123 | F1: 0.8182
[2026-05-25 04:37:10,922] [INFO] [ai_detector.logging.logger] - [TEST]  Accuracy: 0.7383 | Loss: 0.6490
[2026-05-25 04:37:10,922] [INFO] [ai_detector.logging.logger] - Precision: 0.8065 | Recall: 0.8696 | F1: 0.8368
[2026-05-25 04:37:11,223] [INFO] [ai_detector.logging.logger] - 
======================================== Epoch 4/10 ========================================
[2026-05-25 04:38:10,177] [INFO] [ai_detector.logging.logger] - [TRAIN] Accuracy: 0.7155 | Loss: 0.5933
[2026-05-25 04:38:10,185] [INFO] [ai_detector.logging.logger] - Precision: 0.7512 | Recall: 0.9181 | F1: 0.8263
[2026-05-25 04:38:14,875] [INFO] [ai_detector.logging.logger] - [TEST]  Accuracy: 0.7718 | Loss: 0.5008
[2026-05-25 04:38:14,875] [INFO] [ai_detector.logging.logger] - Precision: 0.7718 | Recall: 1.0000 | F1: 0.8712
[2026-05-25 04:38:15,195] [INFO] [ai_detector.logging.logger] - 
======================================== Epoch 5/10 ========================================
[2026-05-25 04:39:14,404] [INFO] [ai_detector.logging.logger] - [TRAIN] Accuracy: 0.7256 | Loss: 0.5841
[2026-05-25 04:39:14,405] [INFO] [ai_detector.logging.logger] - Precision: 0.7347 | Recall: 0.9825 | F1: 0.8407
[2026-05-25 04:39:19,119] [INFO] [ai_detector.logging.logger] - [TEST]  Accuracy: 0.7718 | Loss: 0.5529
[2026-05-25 04:39:19,119] [INFO] [ai_detector.logging.logger] - Precision: 0.7718 | Recall: 1.0000 | F1: 0.8712
[2026-05-25 04:39:19,425] [INFO] [ai_detector.logging.logger] - 
======================================== Epoch 6/10 ========================================
[2026-05-25 04:40:18,496] [INFO] [ai_detector.logging.logger] - [TRAIN] Accuracy: 0.7356 | Loss: 0.5895
[2026-05-25 04:40:18,496] [INFO] [ai_detector.logging.logger] - Precision: 0.7367 | Recall: 0.9981 | F1: 0.8477
[2026-05-25 04:40:23,186] [INFO] [ai_detector.logging.logger] - [TEST]  Accuracy: 0.7718 | Loss: 0.5576
[2026-05-25 04:40:23,186] [INFO] [ai_detector.logging.logger] - Precision: 0.7718 | Recall: 1.0000 | F1: 0.8712
[2026-05-25 04:40:23,488] [INFO] [ai_detector.logging.logger] - 
======================================== Epoch 7/10 ========================================
[2026-05-25 04:41:22,792] [INFO] [ai_detector.logging.logger] - [TRAIN] Accuracy: 0.7356 | Loss: 0.6056
[2026-05-25 04:41:22,793] [INFO] [ai_detector.logging.logger] - Precision: 0.7367 | Recall: 0.9981 | F1: 0.8477
[2026-05-25 04:41:27,490] [INFO] [ai_detector.logging.logger] - [TEST]  Accuracy: 0.7718 | Loss: 0.5563
[2026-05-25 04:41:27,490] [INFO] [ai_detector.logging.logger] - Precision: 0.7718 | Recall: 1.0000 | F1: 0.8712
[2026-05-25 04:41:27,790] [INFO] [ai_detector.logging.logger] - 
======================================== Epoch 8/10 ========================================
[2026-05-25 04:42:27,142] [INFO] [ai_detector.logging.logger] - [TRAIN] Accuracy: 0.7313 | Loss: 0.5705
[2026-05-25 04:42:27,142] [INFO] [ai_detector.logging.logger] - Precision: 0.7462 | Recall: 0.9630 | F1: 0.8409
[2026-05-25 04:42:31,903] [INFO] [ai_detector.logging.logger] - [TEST]  Accuracy: 0.7651 | Loss: 0.5128
[2026-05-25 04:42:31,903] [INFO] [ai_detector.logging.logger] - Precision: 0.7703 | Recall: 0.9913 | F1: 0.8669
[2026-05-25 04:42:32,200] [INFO] [ai_detector.logging.logger] - 
======================================== Epoch 9/10 ========================================
[2026-05-25 04:43:31,737] [INFO] [ai_detector.logging.logger] - [TRAIN] Accuracy: 0.7198 | Loss: 0.5599
[2026-05-25 04:43:31,737] [INFO] [ai_detector.logging.logger] - Precision: 0.7409 | Recall: 0.9532 | F1: 0.8338
[2026-05-25 04:43:36,474] [INFO] [ai_detector.logging.logger] - [TEST]  Accuracy: 0.7718 | Loss: 0.5212
[2026-05-25 04:43:36,474] [INFO] [ai_detector.logging.logger] - Precision: 0.7718 | Recall: 1.0000 | F1: 0.8712
[2026-05-25 04:43:36,779] [INFO] [ai_detector.logging.logger] - 
======================================== Epoch 10/10 ========================================
[2026-05-25 04:44:36,612] [INFO] [ai_detector.logging.logger] - [TRAIN] Accuracy: 0.7270 | Loss: 0.5458
[2026-05-25 04:44:36,613] [INFO] [ai_detector.logging.logger] - Precision: 0.7358 | Recall: 0.9825 | F1: 0.8414
[2026-05-25 04:44:41,358] [INFO] [ai_detector.logging.logger] - [TEST]  Accuracy: 0.7718 | Loss: 0.4762
[2026-05-25 04:44:41,358] [INFO] [ai_detector.logging.logger] - Precision: 0.7718 | Recall: 1.0000 | F1: 0.8712
[2026-05-25 04:44:41,659] [INFO] [ai_detector.logging.logger] - 
========================================
[2026-05-25 04:44:41,659] [INFO] [ai_detector.logging.logger] - TESTING Model 3
[2026-05-25 04:44:41,659] [INFO] [ai_detector.logging.logger] - ========================================
[2026-05-25 04:44:46,068] [INFO] [ai_detector.logging.logger] - [TEST]  Accuracy: 0.7800 | Loss: 0.4995
[2026-05-25 04:44:46,068] [INFO] [ai_detector.logging.logger] - Precision: 0.7800 | Recall: 1.0000 | F1: 0.8764
[2026-05-25 04:44:46,832] [INFO] [ai_detector.logging.logger] - ✓ Model 3 saved to artifacts/2026_05_25_04_27_02/model_trainer/model_3_vit.pth
[2026-05-25 04:45:00,831] [INFO] [ai_detector.logging.logger] - Logged model to model_3
[2026-05-25 04:45:00,919] [INFO] [ai_detector.logging.logger] - MLflow run ended
[2026-05-25 04:45:02,762] [INFO] [ai_detector.logging.logger] - ================================================================================
[2026-05-25 04:45:02,763] [INFO] [ai_detector.logging.logger] - Training Model 4 (Hybrid Fusion)
[2026-05-25 04:45:02,763] [INFO] [ai_detector.logging.logger] - ================================================================================
[2026-05-25 04:45:02,763] [INFO] [ai_detector.logging.logger] - MLflow tracking URI: http://localhost:5000
[2026-05-25 04:45:02,774] [INFO] [ai_detector.logging.logger] - MLflow experiment: ai-vs-real-detector
[2026-05-25 04:45:03,044] [INFO] [ai_detector.logging.logger] - MLflow run started: model_4_hybrid
[2026-05-25 04:45:03,577] [INFO] [ai_detector.logging.logger] - Logged 8 parameters
[2026-05-25 04:45:03,595] [INFO] [ai_detector.logging.logger] - 
======================================== Epoch 1/10 ========================================
[2026-05-25 04:46:09,654] [INFO] [ai_detector.logging.logger] - [TRAIN] Accuracy: 0.8951 | Loss: 0.2959
[2026-05-25 04:46:09,662] [INFO] [ai_detector.logging.logger] - Precision: 0.9264 | Recall: 0.9318 | F1: 0.9291
[2026-05-25 04:46:14,772] [INFO] [ai_detector.logging.logger] - [TEST]  Accuracy: 0.9597 | Loss: 0.0941
[2026-05-25 04:46:14,773] [INFO] [ai_detector.logging.logger] - Precision: 0.9658 | Recall: 0.9826 | F1: 0.9741
[2026-05-25 04:46:15,092] [INFO] [ai_detector.logging.logger] - 
======================================== Epoch 2/10 ========================================
[2026-05-25 04:47:21,557] [INFO] [ai_detector.logging.logger] - [TRAIN] Accuracy: 0.9626 | Loss: 0.1064
[2026-05-25 04:47:21,557] [INFO] [ai_detector.logging.logger] - Precision: 0.9765 | Recall: 0.9727 | F1: 0.9746
[2026-05-25 04:47:26,736] [INFO] [ai_detector.logging.logger] - [TEST]  Accuracy: 0.8255 | Loss: 0.3640
[2026-05-25 04:47:26,736] [INFO] [ai_detector.logging.logger] - Precision: 0.9785 | Recall: 0.7913 | F1: 0.8750
[2026-05-25 04:47:27,063] [INFO] [ai_detector.logging.logger] - 
======================================== Epoch 3/10 ========================================
[2026-05-25 04:48:33,648] [INFO] [ai_detector.logging.logger] - [TRAIN] Accuracy: 0.9641 | Loss: 0.1236
[2026-05-25 04:48:33,649] [INFO] [ai_detector.logging.logger] - Precision: 0.9729 | Recall: 0.9786 | F1: 0.9757
[2026-05-25 04:48:38,751] [INFO] [ai_detector.logging.logger] - [TEST]  Accuracy: 0.9463 | Loss: 0.1337
[2026-05-25 04:48:38,752] [INFO] [ai_detector.logging.logger] - Precision: 1.0000 | Recall: 0.9304 | F1: 0.9640
[2026-05-25 04:48:39,058] [INFO] [ai_detector.logging.logger] - 
======================================== Epoch 4/10 ========================================
[2026-05-25 04:49:45,303] [INFO] [ai_detector.logging.logger] - [TRAIN] Accuracy: 0.9425 | Loss: 0.1556
[2026-05-25 04:49:45,304] [INFO] [ai_detector.logging.logger] - Precision: 0.9557 | Recall: 0.9669 | F1: 0.9612
[2026-05-25 04:49:50,391] [INFO] [ai_detector.logging.logger] - [TEST]  Accuracy: 0.9396 | Loss: 0.2554
[2026-05-25 04:49:50,391] [INFO] [ai_detector.logging.logger] - Precision: 0.9492 | Recall: 0.9739 | F1: 0.9614
[2026-05-25 04:49:50,701] [INFO] [ai_detector.logging.logger] - 
======================================== Epoch 5/10 ========================================
[2026-05-25 04:50:56,924] [INFO] [ai_detector.logging.logger] - [TRAIN] Accuracy: 0.9368 | Loss: 0.1782
[2026-05-25 04:50:56,924] [INFO] [ai_detector.logging.logger] - Precision: 0.9553 | Recall: 0.9591 | F1: 0.9572
[2026-05-25 04:51:01,959] [INFO] [ai_detector.logging.logger] - [TEST]  Accuracy: 0.9463 | Loss: 0.0955
[2026-05-25 04:51:01,959] [INFO] [ai_detector.logging.logger] - Precision: 0.9496 | Recall: 0.9826 | F1: 0.9658
[2026-05-25 04:51:02,268] [INFO] [ai_detector.logging.logger] - 
======================================== Epoch 6/10 ========================================
[2026-05-25 04:52:08,374] [INFO] [ai_detector.logging.logger] - [TRAIN] Accuracy: 0.9569 | Loss: 0.1265
[2026-05-25 04:52:08,382] [INFO] [ai_detector.logging.logger] - Precision: 0.9671 | Recall: 0.9747 | F1: 0.9709
[2026-05-25 04:52:13,396] [INFO] [ai_detector.logging.logger] - [TEST]  Accuracy: 0.9933 | Loss: 0.0664
[2026-05-25 04:52:13,396] [INFO] [ai_detector.logging.logger] - Precision: 1.0000 | Recall: 0.9913 | F1: 0.9956
[2026-05-25 04:52:13,698] [INFO] [ai_detector.logging.logger] - 
======================================== Epoch 7/10 ========================================
[2026-05-25 04:53:19,978] [INFO] [ai_detector.logging.logger] - [TRAIN] Accuracy: 0.9698 | Loss: 0.1085
[2026-05-25 04:53:19,987] [INFO] [ai_detector.logging.logger] - Precision: 0.9805 | Recall: 0.9786 | F1: 0.9795
[2026-05-25 04:53:25,065] [INFO] [ai_detector.logging.logger] - [TEST]  Accuracy: 0.9664 | Loss: 0.1383
[2026-05-25 04:53:25,065] [INFO] [ai_detector.logging.logger] - Precision: 0.9661 | Recall: 0.9913 | F1: 0.9785
[2026-05-25 04:53:25,370] [INFO] [ai_detector.logging.logger] - 
======================================== Epoch 8/10 ========================================
[2026-05-25 04:54:31,517] [INFO] [ai_detector.logging.logger] - [TRAIN] Accuracy: 0.9511 | Loss: 0.1079
[2026-05-25 04:54:31,518] [INFO] [ai_detector.logging.logger] - Precision: 0.9632 | Recall: 0.9708 | F1: 0.9670
[2026-05-25 04:54:36,560] [INFO] [ai_detector.logging.logger] - [TEST]  Accuracy: 0.9732 | Loss: 0.0866
[2026-05-25 04:54:36,560] [INFO] [ai_detector.logging.logger] - Precision: 0.9826 | Recall: 0.9826 | F1: 0.9826
[2026-05-25 04:54:36,854] [INFO] [ai_detector.logging.logger] - 
======================================== Epoch 9/10 ========================================
[2026-05-25 04:55:43,006] [INFO] [ai_detector.logging.logger] - [TRAIN] Accuracy: 0.9741 | Loss: 0.0591
[2026-05-25 04:55:43,007] [INFO] [ai_detector.logging.logger] - Precision: 0.9806 | Recall: 0.9844 | F1: 0.9825
[2026-05-25 04:55:48,035] [INFO] [ai_detector.logging.logger] - [TEST]  Accuracy: 0.9664 | Loss: 0.1310
[2026-05-25 04:55:48,035] [INFO] [ai_detector.logging.logger] - Precision: 0.9911 | Recall: 0.9652 | F1: 0.9780
[2026-05-25 04:55:48,337] [INFO] [ai_detector.logging.logger] - 
======================================== Epoch 10/10 ========================================
[2026-05-25 04:56:54,485] [INFO] [ai_detector.logging.logger] - [TRAIN] Accuracy: 0.9727 | Loss: 0.0968
[2026-05-25 04:56:54,485] [INFO] [ai_detector.logging.logger] - Precision: 0.9824 | Recall: 0.9805 | F1: 0.9815
[2026-05-25 04:56:59,500] [INFO] [ai_detector.logging.logger] - [TEST]  Accuracy: 0.9463 | Loss: 0.1056
[2026-05-25 04:56:59,500] [INFO] [ai_detector.logging.logger] - Precision: 0.9820 | Recall: 0.9478 | F1: 0.9646
[2026-05-25 04:56:59,807] [INFO] [ai_detector.logging.logger] - 
========================================
[2026-05-25 04:56:59,807] [INFO] [ai_detector.logging.logger] - TESTING Model 4
[2026-05-25 04:56:59,807] [INFO] [ai_detector.logging.logger] - ========================================
[2026-05-25 04:57:04,541] [INFO] [ai_detector.logging.logger] - [TEST]  Accuracy: 0.9800 | Loss: 0.0638
[2026-05-25 04:57:04,541] [INFO] [ai_detector.logging.logger] - Precision: 1.0000 | Recall: 0.9744 | F1: 0.9870
[2026-05-25 04:57:05,525] [INFO] [ai_detector.logging.logger] - ✓ Model 4 saved to artifacts/2026_05_25_04_27_02/model_trainer/model_4_hybrid.pth
[2026-05-25 04:57:18,482] [INFO] [ai_detector.logging.logger] - Logged model to model_4
[2026-05-25 04:57:18,574] [INFO] [ai_detector.logging.logger] - MLflow run ended
[2026-05-25 04:57:18,588] [INFO] [ai_detector.logging.logger] - 
================================================================================
[2026-05-25 04:57:18,590] [INFO] [ai_detector.logging.logger] - ✓ ALL 4 MODELS TRAINED SUCCESSFULLY
[2026-05-25 04:57:18,590] [INFO] [ai_detector.logging.logger] - ================================================================================
[2026-05-25 04:57:18,596] [INFO] [ai_detector.logging.logger] - ✓ Model Training complete
[2026-05-25 04:57:18,596] [INFO] [ai_detector.logging.logger] - 


[2026-05-25 04:57:18,596] [INFO] [ai_detector.logging.logger] - ============================================================================
[2026-05-25 04:57:18,596] [INFO] [ai_detector.logging.logger] - TRAINING PIPELINE COMPLETED SUCCESSFULLY
[2026-05-25 04:57:18,597] [INFO] [ai_detector.logging.logger] - ============================================================================
[2026-05-25 04:57:18,597] [INFO] [ai_detector.logging.logger] - 
Artifact directory: artifacts/2026_05_25_04_27_02
[2026-05-25 04:57:18,605] [INFO] [ai_detector.logging.logger] - 

TRAINING COMPLETED!
[2026-05-25 04:57:18,605] [INFO] [ai_detector.logging.logger] - Models saved to artifacts/[timestamp]/model_trainer/
[2026-05-25 04:57:18,617] [INFO] [ai_detector.logging.logger] - GPU Memory - Total: 3.90GB | Allocated: 0.02GB | Free: 3.88GB | Used: 0.4%
