[2026-06-19 20:08:17,438] [INFO] [ai_detector.logging.logger] - Logginng initialized. Logs will be Saved to: logs/2026_06_19_20_%NM_17.log
[2026-06-19 20:08:31,576] [INFO] [ai_detector.logging.logger] - Initializing GPU memory management...
[2026-06-19 20:08:31,577] [INFO] [ai_detector.logging.logger] - ✓ GPU memory cleared and optimized
[2026-06-19 20:08:31,577] [INFO] [ai_detector.logging.logger] - ✓ Using GPU: NVIDIA GeForce GTX 1650 (3.90 GB)
[2026-06-19 20:08:31,578] [INFO] [ai_detector.logging.logger] - GPU Memory - Total: 3.90GB | Allocated: 0.00GB | Free: 3.90GB | Used: 0.0%
[2026-06-19 20:08:31,578] [INFO] [ai_detector.logging.logger] - Starting training...
[2026-06-19 20:08:31,578] [INFO] [ai_detector.logging.logger] - TrainingPipeline initialized
[2026-06-19 20:08:31,578] [INFO] [ai_detector.logging.logger] - Artifact directory: artifacts/2026_06_19_20_08_31
[2026-06-19 20:08:31,578] [INFO] [ai_detector.logging.logger] - 


[2026-06-19 20:08:31,579] [INFO] [ai_detector.logging.logger] - ============================================================================
[2026-06-19 20:08:31,579] [INFO] [ai_detector.logging.logger] -  STARTING COMPLETE TRAINING PIPELINE
[2026-06-19 20:08:31,579] [INFO] [ai_detector.logging.logger] - ============================================================================
[2026-06-19 20:08:31,579] [INFO] [ai_detector.logging.logger] - 
================================================================================
[2026-06-19 20:08:31,579] [INFO] [ai_detector.logging.logger] - STEP 1: DATA INGESTION
[2026-06-19 20:08:31,579] [INFO] [ai_detector.logging.logger] - ================================================================================
[2026-06-19 20:08:31,579] [INFO] [ai_detector.logging.logger] - DataIngestion Initialized
[2026-06-19 20:08:31,579] [INFO] [ai_detector.logging.logger] - Starting DataIngestion
[2026-06-19 20:08:31,580] [INFO] [ai_detector.logging.logger] - Loading dataset from image_data
[2026-06-19 20:08:31,587] [INFO] [ai_detector.logging.logger] - Classes: {'Ai_generated_dataset': 0, 'real_dataset': 1}
[2026-06-19 20:08:31,592] [INFO] [ai_detector.logging.logger] - Total: 995 | Train: 696 | Val: 149 | Test: 150
[2026-06-19 20:08:31,595] [INFO] [ai_detector.logging.logger] - Dataset split complete - Train: 696, Val: 149, Test: 150
[2026-06-19 20:08:31,595] [INFO] [ai_detector.logging.logger] - Leakage Removed
[2026-06-19 20:08:31,595] [INFO] [ai_detector.logging.logger] - ✓ Data Ingestion complete
[2026-06-19 20:08:31,595] [INFO] [ai_detector.logging.logger] - 
================================================================================
[2026-06-19 20:08:31,595] [INFO] [ai_detector.logging.logger] - STEP 2: DATA VALIDATION
[2026-06-19 20:08:31,595] [INFO] [ai_detector.logging.logger] - ================================================================================
[2026-06-19 20:08:31,596] [INFO] [ai_detector.logging.logger] - DataValidation Initialized
[2026-06-19 20:08:31,596] [INFO] [ai_detector.logging.logger] - Starting Data Validation
[2026-06-19 20:08:31,596] [INFO] [ai_detector.logging.logger] - Validating datasets...
[2026-06-19 20:08:31,596] [INFO] [ai_detector.logging.logger] - Validation Passed: Train=696, val=149, test=150
[2026-06-19 20:08:31,596] [INFO] [ai_detector.logging.logger] - DataValidation Complete
[2026-06-19 20:08:31,596] [INFO] [ai_detector.logging.logger] - ✓ Data Validation complete
[2026-06-19 20:08:31,596] [INFO] [ai_detector.logging.logger] - 
================================================================================
[2026-06-19 20:08:31,596] [INFO] [ai_detector.logging.logger] - STEP 3: DATA TRANSFORMATION
[2026-06-19 20:08:31,596] [INFO] [ai_detector.logging.logger] - ================================================================================
[2026-06-19 20:08:31,596] [INFO] [ai_detector.logging.logger] - DataTransformation initialized
[2026-06-19 20:08:31,596] [INFO] [ai_detector.logging.logger] - Starting DataTransformation
[2026-06-19 20:08:31,596] [INFO] [ai_detector.logging.logger] - Creating DataLoaders with transforms per split...
[2026-06-19 20:08:31,597] [INFO] [ai_detector.logging.logger] - Creating loaders for model_1 and model_2...
[2026-06-19 20:08:31,597] [INFO] [ai_detector.logging.logger] - ✓ Created loaders for model_1 and model_2
[2026-06-19 20:08:31,597] [INFO] [ai_detector.logging.logger] - Creating loaders for model_3 and model_4...
[2026-06-19 20:08:31,598] [INFO] [ai_detector.logging.logger] - ✓ Created loaders for model_3 and model_4
[2026-06-19 20:08:31,598] [INFO] [ai_detector.logging.logger] - DataTransformation completed - No data leakage! (Hopefully LMAO)
[2026-06-19 20:08:31,598] [INFO] [ai_detector.logging.logger] - ✓ Data Transformation complete
[2026-06-19 20:08:31,598] [INFO] [ai_detector.logging.logger] - 
================================================================================
[2026-06-19 20:08:31,598] [INFO] [ai_detector.logging.logger] - STEP 5: MODEL EVALUATION
[2026-06-19 20:08:31,598] [INFO] [ai_detector.logging.logger] - ================================================================================
[2026-06-19 20:08:31,599] [INFO] [ai_detector.logging.logger] - Loading models for evaluation...
[2026-06-19 20:08:31,599] [INFO] [ai_detector.logging.logger] - ModelLoader initialized on device: cuda
[2026-06-19 20:08:31,599] [INFO] [ai_detector.logging.logger] - Loading all 4 models...
[2026-06-19 20:08:31,599] [INFO] [ai_detector.logging.logger] - Loading Model 1 (Custom CNN) from models/model_tiny_vgg_cnn.pth...
[2026-06-19 20:08:32,360] [INFO] [ai_detector.logging.logger] - ✓ Model 1 loaded successfully
[2026-06-19 20:08:32,361] [INFO] [ai_detector.logging.logger] - Loading Model 2 (EfficientNet B0) from models/model_1_resnet_b0.pth...
[2026-06-19 20:08:32,745] [INFO] [ai_detector.logging.logger] - ✓ Model 2 loaded successfully
[2026-06-19 20:08:32,746] [INFO] [ai_detector.logging.logger] - Loading Model 3 (ViT B-16) from models/model_2_ViT_b16.pth...
[2026-06-19 20:08:34,608] [INFO] [ai_detector.logging.logger] - ✓ Model 3 loaded successfully
[2026-06-19 20:08:34,608] [INFO] [ai_detector.logging.logger] - Loading Model 4 (Hybrid) from models/model_3_Hybrid.pth...
[2026-06-19 20:08:35,128] [INFO] [ai_detector.logging.logger] - ✓ Model 4 loaded successfully
[2026-06-19 20:08:35,129] [INFO] [ai_detector.logging.logger] - ✓ All 4 models loaded successfully
[2026-06-19 20:08:35,129] [INFO] [ai_detector.logging.logger] - ✓ ModelEvaluator initialized
[2026-06-19 20:08:35,129] [INFO] [ai_detector.logging.logger] - 
========================================
[2026-06-19 20:08:35,129] [INFO] [ai_detector.logging.logger] - STARTING MODEL EVALUATION
[2026-06-19 20:08:35,129] [INFO] [ai_detector.logging.logger] - ========================================
[2026-06-19 20:08:35,129] [INFO] [ai_detector.logging.logger] - MLflow tracking URI: http://localhost:5000
[2026-06-19 20:08:35,866] [INFO] [ai_detector.logging.logger] - MLflow experiment: ai-vs-real-detector
[2026-06-19 20:08:36,555] [INFO] [ai_detector.logging.logger] - MLflow run started: model_evaluation
[2026-06-19 20:08:36,556] [INFO] [ai_detector.logging.logger] - 
================================================================================
[2026-06-19 20:08:36,556] [INFO] [ai_detector.logging.logger] - EVALUATING ALL 4 MODELS ON TEST SET
[2026-06-19 20:08:36,556] [INFO] [ai_detector.logging.logger] - ================================================================================
[2026-06-19 20:08:36,556] [INFO] [ai_detector.logging.logger] - 
Evaluating model_1...
[2026-06-19 20:08:53,992] [INFO] [ai_detector.logging.logger] - ✓ model_1 Evaluation Complete
[2026-06-19 20:08:53,993] [INFO] [ai_detector.logging.logger] -   Accuracy: 0.7800
[2026-06-19 20:08:53,993] [INFO] [ai_detector.logging.logger] -   Precision: 0.7800
[2026-06-19 20:08:53,993] [INFO] [ai_detector.logging.logger] -   Recall: 1.0000
[2026-06-19 20:08:53,993] [INFO] [ai_detector.logging.logger] -   F1: 0.8764
[2026-06-19 20:08:53,993] [INFO] [ai_detector.logging.logger] -   ROC-AUC: 0.8529
[2026-06-19 20:08:53,993] [INFO] [ai_detector.logging.logger] - 
Evaluating model_2...
[2026-06-19 20:08:55,715] [INFO] [ai_detector.logging.logger] - ✓ model_2 Evaluation Complete
[2026-06-19 20:08:55,715] [INFO] [ai_detector.logging.logger] -   Accuracy: 0.8933
[2026-06-19 20:08:55,715] [INFO] [ai_detector.logging.logger] -   Precision: 0.8915
[2026-06-19 20:08:55,715] [INFO] [ai_detector.logging.logger] -   Recall: 0.9829
[2026-06-19 20:08:55,715] [INFO] [ai_detector.logging.logger] -   F1: 0.9350
[2026-06-19 20:08:55,715] [INFO] [ai_detector.logging.logger] -   ROC-AUC: 0.9466
[2026-06-19 20:08:55,715] [INFO] [ai_detector.logging.logger] - 
Evaluating model_3...
[2026-06-19 20:09:01,728] [INFO] [ai_detector.logging.logger] - ✓ model_3 Evaluation Complete
[2026-06-19 20:09:01,728] [INFO] [ai_detector.logging.logger] -   Accuracy: 0.6267
[2026-06-19 20:09:01,728] [INFO] [ai_detector.logging.logger] -   Precision: 1.0000
[2026-06-19 20:09:01,728] [INFO] [ai_detector.logging.logger] -   Recall: 0.5214
[2026-06-19 20:09:01,728] [INFO] [ai_detector.logging.logger] -   F1: 0.6854
[2026-06-19 20:09:01,729] [INFO] [ai_detector.logging.logger] -   ROC-AUC: 0.9005
[2026-06-19 20:09:01,729] [INFO] [ai_detector.logging.logger] - 
Evaluating model_4...
[2026-06-19 20:09:08,042] [INFO] [ai_detector.logging.logger] - ✓ model_4 Evaluation Complete
[2026-06-19 20:09:08,043] [INFO] [ai_detector.logging.logger] -   Accuracy: 0.9400
[2026-06-19 20:09:08,043] [INFO] [ai_detector.logging.logger] -   Precision: 0.9576
[2026-06-19 20:09:08,043] [INFO] [ai_detector.logging.logger] -   Recall: 0.9658
[2026-06-19 20:09:08,043] [INFO] [ai_detector.logging.logger] -   F1: 0.9617
[2026-06-19 20:09:08,043] [INFO] [ai_detector.logging.logger] -   ROC-AUC: 0.9767
[2026-06-19 20:09:08,043] [INFO] [ai_detector.logging.logger] - 
================================================================================
[2026-06-19 20:09:08,043] [INFO] [ai_detector.logging.logger] - ✓ ALL MODELS EVALUATED
[2026-06-19 20:09:08,043] [INFO] [ai_detector.logging.logger] - ================================================================================
[2026-06-19 20:09:09,458] [INFO] [ai_detector.logging.logger] - 
Generating comparison report...
[2026-06-19 20:09:09,504] [INFO] [ai_detector.logging.logger] - ✓ Saved report to artifacts/2026_06_19_20_08_31/model_evaluation/model_comparison.csv
[2026-06-19 20:09:09,505] [INFO] [ai_detector.logging.logger] - 
================================================================================
[2026-06-19 20:09:09,505] [INFO] [ai_detector.logging.logger] - MODEL COMPARISON REPORT
[2026-06-19 20:09:09,505] [INFO] [ai_detector.logging.logger] - ================================================================================
[2026-06-19 20:09:09,527] [INFO] [ai_detector.logging.logger] -      Model Accuracy Precision  Recall F1-Score ROC-AUC
0  model_1   0.7800    0.7800  1.0000   0.8764  0.8529
1  model_2   0.8933    0.8915  0.9829   0.9350  0.9466
2  model_3   0.6267    1.0000  0.5214   0.6854  0.9005
3  model_4   0.9400    0.9576  0.9658   0.9617  0.9767
[2026-06-19 20:09:09,527] [INFO] [ai_detector.logging.logger] - ================================================================================
[2026-06-19 20:09:09,647] [INFO] [ai_detector.logging.logger] - Logged artifact: artifacts/2026_06_19_20_08_31/model_evaluation/model_comparison.csv
[2026-06-19 20:09:09,647] [INFO] [ai_detector.logging.logger] - 
Generating confusion matrices...
[2026-06-19 20:09:10,314] [INFO] [ai_detector.logging.logger] - ✓ Saved confusion matrix to artifacts/2026_06_19_20_08_31/model_evaluation/confusion_matrices/model_1_confusion_matrix.png
[2026-06-19 20:09:10,710] [INFO] [ai_detector.logging.logger] - ✓ Saved confusion matrix to artifacts/2026_06_19_20_08_31/model_evaluation/confusion_matrices/model_2_confusion_matrix.png
[2026-06-19 20:09:11,108] [INFO] [ai_detector.logging.logger] - ✓ Saved confusion matrix to artifacts/2026_06_19_20_08_31/model_evaluation/confusion_matrices/model_3_confusion_matrix.png
[2026-06-19 20:09:11,486] [INFO] [ai_detector.logging.logger] - ✓ Saved confusion matrix to artifacts/2026_06_19_20_08_31/model_evaluation/confusion_matrices/model_4_confusion_matrix.png
[2026-06-19 20:09:14,244] [INFO] [ai_detector.logging.logger] - ✓ Saved all confusion matrices to artifacts/2026_06_19_20_08_31/model_evaluation/confusion_matrices/all_confusion_matrices.png
[2026-06-19 20:09:14,244] [INFO] [ai_detector.logging.logger] - ✓ Confusion matrices generated
[2026-06-19 20:09:14,452] [INFO] [ai_detector.logging.logger] - Logged artifact: artifacts/2026_06_19_20_08_31/model_evaluation/confusion_matrices
[2026-06-19 20:09:14,452] [INFO] [ai_detector.logging.logger] - 
Generating comparison plots...
[2026-06-19 20:09:15,439] [INFO] [ai_detector.logging.logger] - ✓ Saved comparison plot to artifacts/2026_06_19_20_08_31/model_evaluation/confusion_matrices/model_comparison.png
[2026-06-19 20:09:15,439] [INFO] [ai_detector.logging.logger] - ✓ Comparison plots generated
[2026-06-19 20:09:15,439] [INFO] [ai_detector.logging.logger] - 
Generating detailed reports...
[2026-06-19 20:09:15,440] [INFO] [ai_detector.logging.logger] - ✓ Saved report for model_1
[2026-06-19 20:09:15,441] [INFO] [ai_detector.logging.logger] - ✓ Saved report for model_2
[2026-06-19 20:09:15,441] [INFO] [ai_detector.logging.logger] - ✓ Saved report for model_3
[2026-06-19 20:09:15,442] [INFO] [ai_detector.logging.logger] - ✓ Saved report for model_4
[2026-06-19 20:09:15,574] [INFO] [ai_detector.logging.logger] - Logged 1 parameters
[2026-06-19 20:09:15,574] [INFO] [ai_detector.logging.logger] - 
========================================
[2026-06-19 20:09:15,574] [INFO] [ai_detector.logging.logger] - BEST MODEL: model_4 with Accuracy: 0.9400
[2026-06-19 20:09:15,575] [INFO] [ai_detector.logging.logger] - ========================================
[2026-06-19 20:09:15,725] [INFO] [ai_detector.logging.logger] - MLflow run ended
[2026-06-19 20:09:15,725] [INFO] [ai_detector.logging.logger] - ✓ Model Evaluation complete
[2026-06-19 20:09:15,728] [INFO] [ai_detector.logging.logger] - 
================================================================================
[2026-06-19 20:09:15,728] [INFO] [ai_detector.logging.logger] - STEP 4: MODEL TRAINING
[2026-06-19 20:09:15,728] [INFO] [ai_detector.logging.logger] - ================================================================================
[2026-06-19 20:09:15,739] [INFO] [ai_detector.logging.logger] - ModelTrainer initialized
[2026-06-19 20:09:15,739] [INFO] [ai_detector.logging.logger] - Starting Model Trainer - Training All 4 Models
[2026-06-19 20:09:15,739] [INFO] [ai_detector.logging.logger] - ================================================================================
[2026-06-19 20:09:15,739] [INFO] [ai_detector.logging.logger] - Training Model 1 (Custom CNN)
[2026-06-19 20:09:15,739] [INFO] [ai_detector.logging.logger] - ================================================================================
[2026-06-19 20:09:15,740] [INFO] [ai_detector.logging.logger] - MLflow tracking URI: http://localhost:5000
[2026-06-19 20:09:15,801] [INFO] [ai_detector.logging.logger] - MLflow experiment: ai-vs-real-detector
[2026-06-19 20:09:16,100] [INFO] [ai_detector.logging.logger] - MLflow run started: model_1_custom_cnn
[2026-06-19 20:09:16,637] [INFO] [ai_detector.logging.logger] - Logged 7 parameters
[2026-06-19 20:09:16,664] [INFO] [ai_detector.logging.logger] - 
======================================== Epoch 1/10 ========================================
[2026-06-19 20:09:37,586] [INFO] [ai_detector.logging.logger] - [TRAIN] Accuracy: 0.7342 | Loss: 0.5574
[2026-06-19 20:09:37,586] [INFO] [ai_detector.logging.logger] - Precision: 0.7448 | Recall: 0.9727 | F1: 0.8436
[2026-06-19 20:09:39,857] [INFO] [ai_detector.logging.logger] - [TEST]  Accuracy: 0.8188 | Loss: 0.4541
[2026-06-19 20:09:39,857] [INFO] [ai_detector.logging.logger] - Precision: 0.9583 | Recall: 0.8000 | F1: 0.8720
[2026-06-19 20:09:40,514] [INFO] [ai_detector.logging.logger] - 
======================================== Epoch 2/10 ========================================
[2026-06-19 20:10:01,228] [INFO] [ai_detector.logging.logger] - [TRAIN] Accuracy: 0.7945 | Loss: 0.4752
[2026-06-19 20:10:01,228] [INFO] [ai_detector.logging.logger] - Precision: 0.8114 | Recall: 0.9396 | F1: 0.8708
[2026-06-19 20:10:03,217] [INFO] [ai_detector.logging.logger] - [TEST]  Accuracy: 0.8121 | Loss: 0.4381
[2026-06-19 20:10:03,217] [INFO] [ai_detector.logging.logger] - Precision: 0.9485 | Recall: 0.8000 | F1: 0.8679
[2026-06-19 20:10:03,519] [INFO] [ai_detector.logging.logger] - 
======================================== Epoch 3/10 ========================================
[2026-06-19 20:10:23,059] [INFO] [ai_detector.logging.logger] - [TRAIN] Accuracy: 0.7730 | Loss: 0.4706
[2026-06-19 20:10:23,059] [INFO] [ai_detector.logging.logger] - Precision: 0.7934 | Recall: 0.9357 | F1: 0.8587
[2026-06-19 20:10:25,065] [INFO] [ai_detector.logging.logger] - [TEST]  Accuracy: 0.8456 | Loss: 0.4260
[2026-06-19 20:10:25,065] [INFO] [ai_detector.logging.logger] - Precision: 0.8485 | Recall: 0.9739 | F1: 0.9069
[2026-06-19 20:10:25,369] [INFO] [ai_detector.logging.logger] - 
======================================== Epoch 4/10 ========================================
[2026-06-19 20:10:45,115] [INFO] [ai_detector.logging.logger] - [TRAIN] Accuracy: 0.7989 | Loss: 0.4644
[2026-06-19 20:10:45,115] [INFO] [ai_detector.logging.logger] - Precision: 0.8145 | Recall: 0.9415 | F1: 0.8734
[2026-06-19 20:10:47,057] [INFO] [ai_detector.logging.logger] - [TEST]  Accuracy: 0.8725 | Loss: 0.3087
[2026-06-19 20:10:47,057] [INFO] [ai_detector.logging.logger] - Precision: 0.8636 | Recall: 0.9913 | F1: 0.9231
[2026-06-19 20:10:47,359] [INFO] [ai_detector.logging.logger] - 
======================================== Epoch 5/10 ========================================
[2026-06-19 20:11:06,326] [INFO] [ai_detector.logging.logger] - [TRAIN] Accuracy: 0.7989 | Loss: 0.4656
[2026-06-19 20:11:06,326] [INFO] [ai_detector.logging.logger] - Precision: 0.8062 | Recall: 0.9571 | F1: 0.8752
[2026-06-19 20:11:08,399] [INFO] [ai_detector.logging.logger] - [TEST]  Accuracy: 0.9195 | Loss: 0.3213
[2026-06-19 20:11:08,399] [INFO] [ai_detector.logging.logger] - Precision: 0.9328 | Recall: 0.9652 | F1: 0.9487
[2026-06-19 20:11:08,709] [INFO] [ai_detector.logging.logger] - 
======================================== Epoch 6/10 ========================================
[2026-06-19 20:11:27,848] [INFO] [ai_detector.logging.logger] - [TRAIN] Accuracy: 0.7974 | Loss: 0.4657
[2026-06-19 20:11:27,848] [INFO] [ai_detector.logging.logger] - Precision: 0.8110 | Recall: 0.9454 | F1: 0.8731
[2026-06-19 20:11:29,837] [INFO] [ai_detector.logging.logger] - [TEST]  Accuracy: 0.8926 | Loss: 0.2631
[2026-06-19 20:11:29,837] [INFO] [ai_detector.logging.logger] - Precision: 0.8837 | Recall: 0.9913 | F1: 0.9344
[2026-06-19 20:11:30,142] [INFO] [ai_detector.logging.logger] - 
======================================== Epoch 7/10 ========================================
[2026-06-19 20:11:48,794] [INFO] [ai_detector.logging.logger] - [TRAIN] Accuracy: 0.8175 | Loss: 0.4277
[2026-06-19 20:11:48,794] [INFO] [ai_detector.logging.logger] - Precision: 0.8271 | Recall: 0.9513 | F1: 0.8849
[2026-06-19 20:11:51,299] [INFO] [ai_detector.logging.logger] - [TEST]  Accuracy: 0.9060 | Loss: 0.3356
[2026-06-19 20:11:51,299] [INFO] [ai_detector.logging.logger] - Precision: 0.9720 | Recall: 0.9043 | F1: 0.9369
[2026-06-19 20:11:51,604] [INFO] [ai_detector.logging.logger] - 
======================================== Epoch 8/10 ========================================
[2026-06-19 20:12:12,104] [INFO] [ai_detector.logging.logger] - [TRAIN] Accuracy: 0.7974 | Loss: 0.4370
[2026-06-19 20:12:12,104] [INFO] [ai_detector.logging.logger] - Precision: 0.8207 | Recall: 0.9279 | F1: 0.8710
[2026-06-19 20:12:14,072] [INFO] [ai_detector.logging.logger] - [TEST]  Accuracy: 0.9262 | Loss: 0.2393
[2026-06-19 20:12:14,072] [INFO] [ai_detector.logging.logger] - Precision: 0.9407 | Recall: 0.9652 | F1: 0.9528
[2026-06-19 20:12:14,372] [INFO] [ai_detector.logging.logger] - 
======================================== Epoch 9/10 ========================================
[2026-06-19 20:12:34,193] [INFO] [ai_detector.logging.logger] - [TRAIN] Accuracy: 0.8132 | Loss: 0.4307
[2026-06-19 20:12:34,193] [INFO] [ai_detector.logging.logger] - Precision: 0.8251 | Recall: 0.9474 | F1: 0.8820
[2026-06-19 20:12:36,140] [INFO] [ai_detector.logging.logger] - [TEST]  Accuracy: 0.8859 | Loss: 0.3132
[2026-06-19 20:12:36,140] [INFO] [ai_detector.logging.logger] - Precision: 0.8769 | Recall: 0.9913 | F1: 0.9306
[2026-06-19 20:12:36,440] [INFO] [ai_detector.logging.logger] - 
======================================== Epoch 10/10 ========================================
[2026-06-19 20:12:56,381] [INFO] [ai_detector.logging.logger] - [TRAIN] Accuracy: 0.8046 | Loss: 0.4371
[2026-06-19 20:12:56,381] [INFO] [ai_detector.logging.logger] - Precision: 0.8190 | Recall: 0.9435 | F1: 0.8768
[2026-06-19 20:12:58,381] [INFO] [ai_detector.logging.logger] - [TEST]  Accuracy: 0.8859 | Loss: 0.2588
[2026-06-19 20:12:58,381] [INFO] [ai_detector.logging.logger] - Precision: 0.9083 | Recall: 0.9478 | F1: 0.9277
[2026-06-19 20:12:58,687] [INFO] [ai_detector.logging.logger] - 
========================================
[2026-06-19 20:12:58,687] [INFO] [ai_detector.logging.logger] - TESTING Model 1
[2026-06-19 20:12:58,688] [INFO] [ai_detector.logging.logger] - ========================================
[2026-06-19 20:13:00,503] [INFO] [ai_detector.logging.logger] - [TEST]  Accuracy: 0.8733 | Loss: 0.3354
[2026-06-19 20:13:00,504] [INFO] [ai_detector.logging.logger] - Precision: 0.8828 | Recall: 0.9658 | F1: 0.9224
[2026-06-19 20:13:00,877] [INFO] [ai_detector.logging.logger] - ✓ Model 1 saved to artifacts/2026_06_19_20_08_31/model_trainer/model_1_custom_cnn.pth
[2026-06-19 20:13:24,057] [INFO] [ai_detector.logging.logger] - Logged model to model_1
[2026-06-19 20:13:24,221] [INFO] [ai_detector.logging.logger] - MLflow run ended
[2026-06-19 20:13:24,243] [INFO] [ai_detector.logging.logger] - ================================================================================
[2026-06-19 20:13:24,243] [INFO] [ai_detector.logging.logger] - Training Model 2 (EfficientNet B0)
[2026-06-19 20:13:24,243] [INFO] [ai_detector.logging.logger] - ================================================================================
[2026-06-19 20:13:24,244] [INFO] [ai_detector.logging.logger] - MLflow tracking URI: http://localhost:5000
[2026-06-19 20:13:24,303] [INFO] [ai_detector.logging.logger] - MLflow experiment: ai-vs-real-detector
[2026-06-19 20:13:24,628] [INFO] [ai_detector.logging.logger] - MLflow run started: model_2_efficientnet
[2026-06-19 20:13:25,086] [INFO] [ai_detector.logging.logger] - Logged 6 parameters
[2026-06-19 20:13:25,580] [INFO] [ai_detector.logging.logger] - 
======================================== Epoch 1/10 ========================================
[2026-06-19 20:13:46,941] [INFO] [ai_detector.logging.logger] - [TRAIN] Accuracy: 0.8506 | Loss: 0.3720
[2026-06-19 20:13:46,941] [INFO] [ai_detector.logging.logger] - Precision: 0.8971 | Recall: 0.9006 | F1: 0.8988
[2026-06-19 20:13:48,930] [INFO] [ai_detector.logging.logger] - [TEST]  Accuracy: 0.9262 | Loss: 0.2600
[2026-06-19 20:13:48,931] [INFO] [ai_detector.logging.logger] - Precision: 0.9194 | Recall: 0.9913 | F1: 0.9540
[2026-06-19 20:13:49,234] [INFO] [ai_detector.logging.logger] - 
======================================== Epoch 2/10 ========================================
[2026-06-19 20:14:08,466] [INFO] [ai_detector.logging.logger] - [TRAIN] Accuracy: 0.8793 | Loss: 0.2720
[2026-06-19 20:14:08,474] [INFO] [ai_detector.logging.logger] - Precision: 0.9214 | Recall: 0.9142 | F1: 0.9178
[2026-06-19 20:14:10,480] [INFO] [ai_detector.logging.logger] - [TEST]  Accuracy: 0.8322 | Loss: 0.2856
[2026-06-19 20:14:10,480] [INFO] [ai_detector.logging.logger] - Precision: 0.9891 | Recall: 0.7913 | F1: 0.8792
[2026-06-19 20:14:10,787] [INFO] [ai_detector.logging.logger] - 
======================================== Epoch 3/10 ========================================
[2026-06-19 20:14:30,675] [INFO] [ai_detector.logging.logger] - [TRAIN] Accuracy: 0.8649 | Loss: 0.3077
[2026-06-19 20:14:30,675] [INFO] [ai_detector.logging.logger] - Precision: 0.9116 | Recall: 0.9045 | F1: 0.9080
[2026-06-19 20:14:32,662] [INFO] [ai_detector.logging.logger] - [TEST]  Accuracy: 0.9463 | Loss: 0.1344
[2026-06-19 20:14:32,662] [INFO] [ai_detector.logging.logger] - Precision: 0.9496 | Recall: 0.9826 | F1: 0.9658
[2026-06-19 20:14:32,973] [INFO] [ai_detector.logging.logger] - 
======================================== Epoch 4/10 ========================================
[2026-06-19 20:14:53,134] [INFO] [ai_detector.logging.logger] - [TRAIN] Accuracy: 0.9181 | Loss: 0.2208
[2026-06-19 20:14:53,143] [INFO] [ai_detector.logging.logger] - Precision: 0.9471 | Recall: 0.9415 | F1: 0.9443
[2026-06-19 20:14:55,083] [INFO] [ai_detector.logging.logger] - [TEST]  Accuracy: 0.9530 | Loss: 0.1278
[2026-06-19 20:14:55,083] [INFO] [ai_detector.logging.logger] - Precision: 0.9500 | Recall: 0.9913 | F1: 0.9702
[2026-06-19 20:14:55,385] [INFO] [ai_detector.logging.logger] - 
======================================== Epoch 5/10 ========================================
[2026-06-19 20:15:14,228] [INFO] [ai_detector.logging.logger] - [TRAIN] Accuracy: 0.9037 | Loss: 0.2585
[2026-06-19 20:15:14,228] [INFO] [ai_detector.logging.logger] - Precision: 0.9256 | Recall: 0.9454 | F1: 0.9354
[2026-06-19 20:15:16,175] [INFO] [ai_detector.logging.logger] - [TEST]  Accuracy: 0.9262 | Loss: 0.1539
[2026-06-19 20:15:16,175] [INFO] [ai_detector.logging.logger] - Precision: 0.9727 | Recall: 0.9304 | F1: 0.9511
[2026-06-19 20:15:16,478] [INFO] [ai_detector.logging.logger] - 
======================================== Epoch 6/10 ========================================
[2026-06-19 20:15:35,331] [INFO] [ai_detector.logging.logger] - [TRAIN] Accuracy: 0.8951 | Loss: 0.2496
[2026-06-19 20:15:35,331] [INFO] [ai_detector.logging.logger] - Precision: 0.9247 | Recall: 0.9337 | F1: 0.9292
[2026-06-19 20:15:37,345] [INFO] [ai_detector.logging.logger] - [TEST]  Accuracy: 0.9329 | Loss: 0.1673
[2026-06-19 20:15:37,345] [INFO] [ai_detector.logging.logger] - Precision: 0.9730 | Recall: 0.9391 | F1: 0.9558
[2026-06-19 20:15:37,648] [INFO] [ai_detector.logging.logger] - 
======================================== Epoch 7/10 ========================================
[2026-06-19 20:15:57,200] [INFO] [ai_detector.logging.logger] - [TRAIN] Accuracy: 0.9296 | Loss: 0.1799
[2026-06-19 20:15:57,200] [INFO] [ai_detector.logging.logger] - Precision: 0.9479 | Recall: 0.9571 | F1: 0.9525
[2026-06-19 20:15:59,175] [INFO] [ai_detector.logging.logger] - [TEST]  Accuracy: 0.9664 | Loss: 0.0712
[2026-06-19 20:15:59,175] [INFO] [ai_detector.logging.logger] - Precision: 0.9825 | Recall: 0.9739 | F1: 0.9782
[2026-06-19 20:15:59,479] [INFO] [ai_detector.logging.logger] - 
======================================== Epoch 8/10 ========================================
[2026-06-19 20:16:18,294] [INFO] [ai_detector.logging.logger] - [TRAIN] Accuracy: 0.9167 | Loss: 0.2035
[2026-06-19 20:16:18,294] [INFO] [ai_detector.logging.logger] - Precision: 0.9400 | Recall: 0.9474 | F1: 0.9437
[2026-06-19 20:16:20,324] [INFO] [ai_detector.logging.logger] - [TEST]  Accuracy: 0.9664 | Loss: 0.0668
[2026-06-19 20:16:20,324] [INFO] [ai_detector.logging.logger] - Precision: 1.0000 | Recall: 0.9565 | F1: 0.9778
[2026-06-19 20:16:20,628] [INFO] [ai_detector.logging.logger] - 
======================================== Epoch 9/10 ========================================
[2026-06-19 20:16:40,755] [INFO] [ai_detector.logging.logger] - [TRAIN] Accuracy: 0.9167 | Loss: 0.2407
[2026-06-19 20:16:40,755] [INFO] [ai_detector.logging.logger] - Precision: 0.9367 | Recall: 0.9513 | F1: 0.9439
[2026-06-19 20:16:42,763] [INFO] [ai_detector.logging.logger] - [TEST]  Accuracy: 0.9933 | Loss: 0.0493
[2026-06-19 20:16:42,763] [INFO] [ai_detector.logging.logger] - Precision: 1.0000 | Recall: 0.9913 | F1: 0.9956
[2026-06-19 20:16:43,067] [INFO] [ai_detector.logging.logger] - 
======================================== Epoch 10/10 ========================================
[2026-06-19 20:17:03,449] [INFO] [ai_detector.logging.logger] - [TRAIN] Accuracy: 0.9353 | Loss: 0.1631
[2026-06-19 20:17:03,449] [INFO] [ai_detector.logging.logger] - Precision: 0.9570 | Recall: 0.9552 | F1: 0.9561
[2026-06-19 20:17:05,420] [INFO] [ai_detector.logging.logger] - [TEST]  Accuracy: 0.9530 | Loss: 0.0980
[2026-06-19 20:17:05,420] [INFO] [ai_detector.logging.logger] - Precision: 0.9909 | Recall: 0.9478 | F1: 0.9689
[2026-06-19 20:17:05,732] [INFO] [ai_detector.logging.logger] - 
========================================
[2026-06-19 20:17:05,732] [INFO] [ai_detector.logging.logger] - TESTING Model 2
[2026-06-19 20:17:05,732] [INFO] [ai_detector.logging.logger] - ========================================
[2026-06-19 20:17:07,540] [INFO] [ai_detector.logging.logger] - [TEST]  Accuracy: 0.9533 | Loss: 0.0890
[2026-06-19 20:17:07,540] [INFO] [ai_detector.logging.logger] - Precision: 0.9661 | Recall: 0.9744 | F1: 0.9702
[2026-06-19 20:17:07,986] [INFO] [ai_detector.logging.logger] - ✓ Model 2 saved to artifacts/2026_06_19_20_08_31/model_trainer/model_2_efficientnet.pth
[2026-06-19 20:17:29,090] [INFO] [ai_detector.logging.logger] - Logged model to model_2
[2026-06-19 20:17:29,280] [INFO] [ai_detector.logging.logger] - MLflow run ended
[2026-06-19 20:17:29,286] [INFO] [ai_detector.logging.logger] - ================================================================================
[2026-06-19 20:17:29,286] [INFO] [ai_detector.logging.logger] - Training Model 3 (ViT B-16)
[2026-06-19 20:17:29,286] [INFO] [ai_detector.logging.logger] - ================================================================================
[2026-06-19 20:17:29,287] [INFO] [ai_detector.logging.logger] - MLflow tracking URI: http://localhost:5000
[2026-06-19 20:17:29,352] [INFO] [ai_detector.logging.logger] - MLflow experiment: ai-vs-real-detector
[2026-06-19 20:17:29,689] [INFO] [ai_detector.logging.logger] - MLflow run started: model_3_vit
[2026-06-19 20:17:30,081] [INFO] [ai_detector.logging.logger] - Logged 5 parameters
[2026-06-19 20:17:33,265] [INFO] [ai_detector.logging.logger] - 
======================================== Epoch 1/10 ========================================
[2026-06-19 20:18:56,589] [INFO] [ai_detector.logging.logger] - [TRAIN] Accuracy: 0.7184 | Loss: 0.6808
[2026-06-19 20:18:56,598] [INFO] [ai_detector.logging.logger] - Precision: 0.7369 | Recall: 0.9610 | F1: 0.8342
[2026-06-19 20:19:03,198] [INFO] [ai_detector.logging.logger] - [TEST]  Accuracy: 0.7718 | Loss: 0.4855
[2026-06-19 20:19:03,198] [INFO] [ai_detector.logging.logger] - Precision: 0.7718 | Recall: 1.0000 | F1: 0.8712
[2026-06-19 20:19:03,523] [INFO] [ai_detector.logging.logger] - 
======================================== Epoch 2/10 ========================================
[2026-06-19 20:20:26,768] [INFO] [ai_detector.logging.logger] - [TRAIN] Accuracy: 0.7112 | Loss: 0.6551
[2026-06-19 20:20:26,776] [INFO] [ai_detector.logging.logger] - Precision: 0.7415 | Recall: 0.9337 | F1: 0.8266
[2026-06-19 20:20:33,389] [INFO] [ai_detector.logging.logger] - [TEST]  Accuracy: 0.7718 | Loss: 0.6373
[2026-06-19 20:20:33,390] [INFO] [ai_detector.logging.logger] - Precision: 0.7718 | Recall: 1.0000 | F1: 0.8712
[2026-06-19 20:20:33,713] [INFO] [ai_detector.logging.logger] - 
======================================== Epoch 3/10 ========================================
[2026-06-19 20:21:57,259] [INFO] [ai_detector.logging.logger] - [TRAIN] Accuracy: 0.7011 | Loss: 0.5998
[2026-06-19 20:21:57,260] [INFO] [ai_detector.logging.logger] - Precision: 0.7417 | Recall: 0.9123 | F1: 0.8182
[2026-06-19 20:22:03,920] [INFO] [ai_detector.logging.logger] - [TEST]  Accuracy: 0.7383 | Loss: 0.6490
[2026-06-19 20:22:03,920] [INFO] [ai_detector.logging.logger] - Precision: 0.8065 | Recall: 0.8696 | F1: 0.8368
[2026-06-19 20:22:04,245] [INFO] [ai_detector.logging.logger] - 
======================================== Epoch 4/10 ========================================
[2026-06-19 20:23:27,806] [INFO] [ai_detector.logging.logger] - [TRAIN] Accuracy: 0.7155 | Loss: 0.5933
[2026-06-19 20:23:27,816] [INFO] [ai_detector.logging.logger] - Precision: 0.7512 | Recall: 0.9181 | F1: 0.8263
[2026-06-19 20:23:34,474] [INFO] [ai_detector.logging.logger] - [TEST]  Accuracy: 0.7718 | Loss: 0.5008
[2026-06-19 20:23:34,474] [INFO] [ai_detector.logging.logger] - Precision: 0.7718 | Recall: 1.0000 | F1: 0.8712
[2026-06-19 20:23:34,804] [INFO] [ai_detector.logging.logger] - 
======================================== Epoch 5/10 ========================================
[2026-06-19 20:24:58,479] [INFO] [ai_detector.logging.logger] - [TRAIN] Accuracy: 0.7256 | Loss: 0.5841
[2026-06-19 20:24:58,479] [INFO] [ai_detector.logging.logger] - Precision: 0.7347 | Recall: 0.9825 | F1: 0.8407
[2026-06-19 20:25:05,113] [INFO] [ai_detector.logging.logger] - [TEST]  Accuracy: 0.7718 | Loss: 0.5529
[2026-06-19 20:25:05,113] [INFO] [ai_detector.logging.logger] - Precision: 0.7718 | Recall: 1.0000 | F1: 0.8712
[2026-06-19 20:25:05,435] [INFO] [ai_detector.logging.logger] - 
======================================== Epoch 6/10 ========================================
[2026-06-19 20:26:29,032] [INFO] [ai_detector.logging.logger] - [TRAIN] Accuracy: 0.7356 | Loss: 0.5895
[2026-06-19 20:26:29,032] [INFO] [ai_detector.logging.logger] - Precision: 0.7367 | Recall: 0.9981 | F1: 0.8477
[2026-06-19 20:26:35,656] [INFO] [ai_detector.logging.logger] - [TEST]  Accuracy: 0.7718 | Loss: 0.5576
[2026-06-19 20:26:35,656] [INFO] [ai_detector.logging.logger] - Precision: 0.7718 | Recall: 1.0000 | F1: 0.8712
[2026-06-19 20:26:35,981] [INFO] [ai_detector.logging.logger] - 
======================================== Epoch 7/10 ========================================
[2026-06-19 20:27:59,729] [INFO] [ai_detector.logging.logger] - [TRAIN] Accuracy: 0.7356 | Loss: 0.6056
[2026-06-19 20:27:59,729] [INFO] [ai_detector.logging.logger] - Precision: 0.7367 | Recall: 0.9981 | F1: 0.8477
[2026-06-19 20:28:06,384] [INFO] [ai_detector.logging.logger] - [TEST]  Accuracy: 0.7718 | Loss: 0.5563
[2026-06-19 20:28:06,384] [INFO] [ai_detector.logging.logger] - Precision: 0.7718 | Recall: 1.0000 | F1: 0.8712
[2026-06-19 20:28:06,707] [INFO] [ai_detector.logging.logger] - 
======================================== Epoch 8/10 ========================================
[2026-06-19 20:29:30,439] [INFO] [ai_detector.logging.logger] - [TRAIN] Accuracy: 0.7313 | Loss: 0.5705
[2026-06-19 20:29:30,439] [INFO] [ai_detector.logging.logger] - Precision: 0.7462 | Recall: 0.9630 | F1: 0.8409
[2026-06-19 20:29:37,108] [INFO] [ai_detector.logging.logger] - [TEST]  Accuracy: 0.7651 | Loss: 0.5128
[2026-06-19 20:29:37,108] [INFO] [ai_detector.logging.logger] - Precision: 0.7703 | Recall: 0.9913 | F1: 0.8669
[2026-06-19 20:29:37,433] [INFO] [ai_detector.logging.logger] - 
======================================== Epoch 9/10 ========================================
[2026-06-19 20:31:01,247] [INFO] [ai_detector.logging.logger] - [TRAIN] Accuracy: 0.7198 | Loss: 0.5599
[2026-06-19 20:31:01,247] [INFO] [ai_detector.logging.logger] - Precision: 0.7409 | Recall: 0.9532 | F1: 0.8338
[2026-06-19 20:31:07,907] [INFO] [ai_detector.logging.logger] - [TEST]  Accuracy: 0.7718 | Loss: 0.5212
[2026-06-19 20:31:07,907] [INFO] [ai_detector.logging.logger] - Precision: 0.7718 | Recall: 1.0000 | F1: 0.8712
[2026-06-19 20:31:08,229] [INFO] [ai_detector.logging.logger] - 
======================================== Epoch 10/10 ========================================
[2026-06-19 20:32:31,930] [INFO] [ai_detector.logging.logger] - [TRAIN] Accuracy: 0.7270 | Loss: 0.5458
[2026-06-19 20:32:31,930] [INFO] [ai_detector.logging.logger] - Precision: 0.7358 | Recall: 0.9825 | F1: 0.8414
[2026-06-19 20:32:38,549] [INFO] [ai_detector.logging.logger] - [TEST]  Accuracy: 0.7718 | Loss: 0.4762
[2026-06-19 20:32:38,549] [INFO] [ai_detector.logging.logger] - Precision: 0.7718 | Recall: 1.0000 | F1: 0.8712
[2026-06-19 20:32:38,870] [INFO] [ai_detector.logging.logger] - 
========================================
[2026-06-19 20:32:38,871] [INFO] [ai_detector.logging.logger] - TESTING Model 3
[2026-06-19 20:32:38,871] [INFO] [ai_detector.logging.logger] - ========================================
[2026-06-19 20:32:45,162] [INFO] [ai_detector.logging.logger] - [TEST]  Accuracy: 0.7800 | Loss: 0.4995
[2026-06-19 20:32:45,162] [INFO] [ai_detector.logging.logger] - Precision: 0.7800 | Recall: 1.0000 | F1: 0.8764
[2026-06-19 20:32:46,171] [INFO] [ai_detector.logging.logger] - ✓ Model 3 saved to artifacts/2026_06_19_20_08_31/model_trainer/model_3_vit.pth
